[stage2] mmap slot page @0x30000000 ok (fresh RW anon page, 4096 B)
[stage2] init: stubbed 64 slots (fail-closed baseline; slot base 0x30000000)
[stage2] on-disk loader: CAMLIBS=/app/lib/stage2/libgphoto2/2.5.34 IOLIBS=/app/lib/stage2/libgphoto2_port/0.12.2
[stage2] dlopen core via abs /app/lib/stage2/libgphoto2.so.6
[stage2] dlopen core ok
[stage2] dlopen port via abs /app/lib/stage2/libgphoto2_port.so.12
[stage2] dlopen port ok
[stage2] storage: gp_camera_init slot -> shim (real core fn cached for pass-through)
[stage2] capturetarget: gp_camera_set_config slot -> shim (real core fn cached for pass-through)
[stage2] capturetarget: gp_camera_set_single_config slot -> shim (real core fn cached for pass-through)
[stage2] resolved 64/64
[stage2] slots filled 64/64
[stage2] mmap slot page @0x30000000 ok (fresh RW anon page, 4096 B)
[stage2] init: stubbed 64 slots (fail-closed baseline; slot base 0x30000000)
[stage2] on-disk loader: CAMLIBS=/app/lib/stage2/libgphoto2/2.5.34 IOLIBS=/app/lib/stage2/libgphoto2_port/0.12.2
[stage2] dlopen core via abs /app/lib/stage2/libgphoto2.so.6
[stage2] dlopen core ok
[stage2] dlopen port via abs /app/lib/stage2/libgphoto2_port.so.12
[stage2] dlopen port ok
[stage2] storage: gp_camera_init slot -> shim (real core fn cached for pass-through)
[stage2] capturetarget: gp_camera_set_config slot -> shim (real core fn cached for pass-through)
[stage2] capturetarget: gp_camera_set_single_config slot -> shim (real core fn cached for pass-through)
[stage2] resolved 64/64
[stage2] slots filled 64/64
[stage2] mmap slot page @0x30000000 ok (fresh RW anon page, 4096 B)
[stage2] init: stubbed 64 slots (fail-closed baseline; slot base 0x30000000)
[stage2] on-disk loader: CAMLIBS=/app/lib/stage2/libgphoto2/2.5.34 IOLIBS=/app/lib/stage2/libgphoto2_port/0.12.2
[stage2] dlopen core via abs /app/lib/stage2/libgphoto2.so.6
[stage2] dlopen core ok
[stage2] dlopen port via abs /app/lib/stage2/libgphoto2_port.so.12
[stage2] dlopen port ok
[stage2] storage: gp_camera_init slot -> shim (real core fn cached for pass-through)
[stage2] capturetarget: gp_camera_set_config slot -> shim (real core fn cached for pass-through)
[stage2] capturetarget: gp_camera_set_single_config slot -> shim (real core fn cached for pass-through)
[stage2] resolved 64/64
[stage2] slots filled 64/64
[stage2] mmap slot page @0x30000000 ok (fresh RW anon page, 4096 B)
[stage2] init: stubbed 64 slots (fail-closed baseline; slot base 0x30000000)
[stage2] on-disk loader: CAMLIBS=/app/lib/stage2/libgphoto2/2.5.34 IOLIBS=/app/lib/stage2/libgphoto2_port/0.12.2
[stage2] dlopen core via abs /app/lib/stage2/libgphoto2.so.6
[stage2] dlopen core ok
[stage2] dlopen port via abs /app/lib/stage2/libgphoto2_port.so.12
[stage2] dlopen port ok
[stage2] storage: gp_camera_init slot -> shim (real core fn cached for pass-through)
[stage2] capturetarget: gp_camera_set_config slot -> shim (real core fn cached for pass-through)
[stage2] capturetarget: gp_camera_set_single_config slot -> shim (real core fn cached for pass-through)
[stage2] resolved 64/64
[stage2] slots filled 64/64
[stage2] mmap slot page @0x30000000 ok (fresh RW anon page, 4096 B)
[stage2] init: stubbed 64 slots (fail-closed baseline; slot base 0x30000000)
[stage2] on-disk loader: CAMLIBS=/app/lib/stage2/libgphoto2/2.5.34 IOLIBS=/app/lib/stage2/libgphoto2_port/0.12.2
[stage2] dlopen core via abs /app/lib/stage2/libgphoto2.so.6
[stage2] dlopen core ok
[stage2] dlopen port via abs /app/lib/stage2/libgphoto2_port.so.12
[stage2] dlopen port ok
[stage2] storage: gp_camera_init slot -> shim (real core fn cached for pass-through)
[stage2] capturetarget: gp_camera_set_config slot -> shim (real core fn cached for pass-through)
[stage2] capturetarget: gp_camera_set_single_config slot -> shim (real core fn cached for pass-through)
[stage2] resolved 64/64
[stage2] slots filled 64/64
[m[07:00:09:754 [1;32mINFO[m-]:main[194]:[0;32;31m 
 
 
 
 
 
------/app/lib/stage2/pgphoto.stage2ondisk: version: 1.3.4  build: 1.3.9  ---libgphoto: 0562e8a  ----env: USER=root  ---- 
 
 
[m[07:00:09:756 [1;32mINFO[m-]:ipc_msg_queue_create[50]:[0;32;32m--- create msg queue success, key[1003], id[65538]
[m[m[07:00:09:757 [1;32mINFO[m-]:ipc_msg_queue_create[50]:[0;32;32m--- create msg queue success, key[1002], id[98307]
[m[SP_RunThread]     thread name ipc_msg_loop
[spc_ipc_msg_loop]     thread name ipc_msg_loop thread  -1231563984
[m[07:00:09:761 [1;32mINFO[m-]:scanUsb[1853]:[0;32;31m--- openUsbDir ret 0
[m[07:00:09:761 [1;32mINFO[m-]:scanUsb[1877]:[0;32;31m----------  devpath: /dev/bus/usb/002/001      idVendor: 1d6b  idProduct: 0003 
[m[07:00:09:920 [1;32mINFO[m-]:scanUsb[1877]:[0;32;31m----------  devpath: /dev/bus/usb/001/002      idVendor: 1a40  idProduct: 0101 
[m[07:00:09:920 [1;32mINFO[m-]:scanUsb[1877]:[0;32;31m----------  devpath: /dev/bus/usb/001/001      idVendor: 1d6b  idProduct: 0002 
gphoto2 2.5.27

Copyright (c) 2000-2021 Marcus Meissner and others

gphoto2 comes with NO WARRANTY, to the extent permitted by law. You may
redistribute copies of gphoto2 under the terms of the GNU General Public
License. For more information about these matters, see the files named COPYING.

This version of gphoto2 is using the following software versions and options:
gphoto2         2.5.27         /Applications/Xcode.app/Contents/Developer/usr/bin/gcc, popt(m), exif, no cdk, no aa, no jpeg, no readline
libgphoto2      2.5.27         standard camlibs (SKIPPING lumix), /Applications/Xcode.app/Contents/Developer/usr/bin/gcc, ltdl, EXIF
libgphoto2_port 2.5.27         iolibs: ptpip, /Applications/Xcode.app/Contents/Developer/usr/bin/gcc, ltdl, EXIF, no USB, no serial
0.055573 gp_port_info_list_count [gphoto2-port-info-list.c:357](0): ---- 4 regular entries available.
--- camera list name: ../lib/libgphoto2/2.5.27.1/ax203  value: (null) 
--- camera list name: ../lib/libgphoto2/2.5.27.1/canon  value: (null) 
--- camera list name: ../lib/libgphoto2/2.5.27.1/digigr8  value: (null) 
--- camera list name: ../lib/libgphoto2/2.5.27.1/dimagev  value: (null) 
--- camera list name: ../lib/libgphoto2/2.5.27.1/directory  value: (null) 
--- camera list name: ../lib/libgphoto2/2.5.27.1/jl2005a  value: (null) 
--- camera list name: ../lib/libgphoto2/2.5.27.1/jl2005c  value: (null) 
--- camera list name: ../lib/libgphoto2/2.5.27.1/kodak_dc240  value: (null) 
--- camera list name: ../lib/libgphoto2/2.5.27.1/mars  value: (null) 
--- camera list name: ../lib/libgphoto2/2.5.27.1/pentax  value: (null) 
--- camera list name: ../lib/libgphoto2/2.5.27.1/ptp2  value: (null) 
--- camera list name: ../lib/libgphoto2/2.5.27.1/ricoh_g3  value: (null) 
--- camera list name: ../lib/libgphoto2/2.5.27.1/sierra  value: (null) 
--- camera list name: ../lib/libgphoto2/2.5.27.1/sonix  value: (null) 
--- camera list name: ../lib/libgphoto2/2.5.27.1/sq905  value: (null) 
--- camera list name: ../lib/libgphoto2/2.5.27.1/st2205  value: (null) 
--- camera list name: ../lib/libgphoto2/2.5.27.1/topfield  value: (null) 
--- camera list name: ../lib/libgphoto2/2.5.27.1/tp6801  value: (null) 
--- list count = 0 

*** Error ***              
Could not detect any camera
[m[07:00:11:157 [1;32mINFO[m-]:sp_Gphoto_Init[147]:----sp_Gphoto_Init ret -105 
[m[07:00:11:158 [1;32mINFO[m-]:send_ipc_msg_retry[80]:[0;32;32m------SP_sendMsg success; id[98307] type[1],code[286],val[manufacturer:none;model:none;state:-5;storage:0;photoFormat:0;]
[m o: www-folder-path......: disabled
 o: HTTP TCP port........: 8080
 o: HTTP Listen Address..: (null)
 o: username:password....: disabled
 o: commands.............: enabled
[m[07:00:11:161 [1;32mINFO[m-]:camera_connected_to_app[1634]:[0;32;31m----camera_connected_to_app connected:0 
[m[07:00:13:563 [1;32mINFO[m-]:recv_ipc_msg[129]:[0;32;32m------ recv_ipc_msg success; msg_id [65538] type[4],code[279],val[state:1;]
[m[spc_ipc_message_handler]     [1;33m--- spc_ipc_message_handler --- type: 4 command: 279  data: state:1;   --_isInit 1 
[m[09:02:38:431 [1;32mINFO[m-]:recv_ipc_msg[129]:[0;32;32m------ recv_ipc_msg success; msg_id [65538] type[4],code[274],val[state:1;]
[m[spc_ipc_message_handler]     [1;33m--- spc_ipc_message_handler --- type: 4 command: 274  data: state:1;   --_isInit 1 
[m[09:02:38:443 [1;32mINFO[m-]:recv_ipc_msg[129]:[0;32;32m------ recv_ipc_msg success; msg_id [65538] type[4],code[274],val[state:1;]
[m[spc_ipc_message_handler]     [1;33m--- spc_ipc_message_handler --- type: 4 command: 274  data: state:1;   --_isInit 1 
[m[09:02:38:468 [1;32mINFO[m-]:spGphotoRest[500]:[0;32;31m----spGphotoRest  
[m[09:02:39:468 [1;32mINFO[m-]:scanUsb[1853]:[0;32;31m--- openUsbDir ret 0
[m[09:02:39:468 [1;32mINFO[m-]:scanUsb[1877]:[0;32;31m----------  devpath: /dev/bus/usb/002/001      idVendor: 1d6b  idProduct: 0003 
[m[09:02:39:468 [1;32mINFO[m-]:scanUsb[1877]:[0;32;31m----------  devpath: /dev/bus/usb/001/003      idVendor: 25fb  idProduct: 0183 
[m[09:02:39:468 [1;32mINFO[m-]:scanUsb[1877]:[0;32;31m----------  devpath: /dev/bus/usb/001/002      idVendor: 1a40  idProduct: 0101 
[m[09:02:39:469 [1;32mINFO[m-]:scanUsb[1877]:[0;32;31m----------  devpath: /dev/bus/usb/001/001      idVendor: 1d6b  idProduct: 0002 
gphoto2 2.5.27

Copyright (c) 2000-2021 Marcus Meissner and others

gphoto2 comes with NO WARRANTY, to the extent permitted by law. You may
redistribute copies of gphoto2 under the terms of the GNU General Public
License. For more information about these matters, see the files named COPYING.

This version of gphoto2 is using the following software versions and options:
gphoto2         2.5.27         /Applications/Xcode.app/Contents/Developer/usr/bin/gcc, popt(m), exif, no cdk, no aa, no jpeg, no readline
libgphoto2      2.5.27         standard camlibs (SKIPPING lumix), /Applications/Xcode.app/Contents/Developer/usr/bin/gcc, ltdl, EXIF
libgphoto2_port 2.5.27         iolibs: ptpip, /Applications/Xcode.app/Contents/Developer/usr/bin/gcc, ltdl, EXIF, no USB, no serial
7349.668010 gp_port_info_list_count [gphoto2-port-info-list.c:357](0): ---- 4 regular entries available.
--- camera list name: ../lib/libgphoto2/2.5.27.1/ax203  value: (null) 
--- camera list name: ../lib/libgphoto2/2.5.27.1/canon  value: (null) 
--- camera list name: ../lib/libgphoto2/2.5.27.1/digigr8  value: (null) 
--- camera list name: ../lib/libgphoto2/2.5.27.1/dimagev  value: (null) 
--- camera list name: ../lib/libgphoto2/2.5.27.1/directory  value: (null) 
--- camera list name: ../lib/libgphoto2/2.5.27.1/jl2005a  value: (null) 
--- camera list name: ../lib/libgphoto2/2.5.27.1/jl2005c  value: (null) 
--- camera list name: ../lib/libgphoto2/2.5.27.1/kodak_dc240  value: (null) 
--- camera list name: ../lib/libgphoto2/2.5.27.1/mars  value: (null) 
--- camera list name: ../lib/libgphoto2/2.5.27.1/pentax  value: (null) 
--- camera list name: ../lib/libgphoto2/2.5.27.1/ptp2  value: (null) 
--- camera list name: ../lib/libgphoto2/2.5.27.1/ricoh_g3  value: (null) 
--- camera list name: ../lib/libgphoto2/2.5.27.1/sierra  value: (null) 
--- camera list name: ../lib/libgphoto2/2.5.27.1/sonix  value: (null) 
--- camera list name: ../lib/libgphoto2/2.5.27.1/sq905  value: (null) 
--- camera list name: ../lib/libgphoto2/2.5.27.1/st2205  value: (null) 
--- camera list name: ../lib/libgphoto2/2.5.27.1/topfield  value: (null) 
--- camera list name: ../lib/libgphoto2/2.5.27.1/tp6801  value: (null) 
--- list count = 1 
7349.757483 gp_camera_set_abilities [gphoto2-camera.c:358](0): Setting abilities ('Pentax K-1 Mark II (PTP mode)')...
7349.758197 gp_camera_set_port_info [gphoto2-camera.c:420](0): Setting port info for port 'Universal Serial Bus' at 'usb:001,003'...
Pentax session already open from a previous connection; observing camera state.
Pentax init stage vendor enable succeeded; function flags 0x00000003.
[stage2] compatibility shims: bypassed for non-R5-II camera
----- gp_camera_init ret 0
7351.318388 gp_port_info_list_count [gphoto2-port-info-list.c:357](0): ---- 4 regular entries available.
Model                          Port            
----------------------------------------------------------
Pentax K-1 Mark II (PTP mode)  usb:001,003     
[m[09:02:42:251 [1;32mINFO[m-]:cameraInit[2675]:[0;32;31m-------------------------------------------------------------
Camera summary: 
[m[09:02:43:009 [1;32mINFO[m-]:cameraInit[2679]:[m-----------------------------------------------------------
/main/actions/oldfocusdrivenear
[m[09:02:48:798 [1;32mINFO[m-]:print_widget[1702]:Label: Drive Pentax old-focus near (K-1 II)
[m[09:02:48:798 [1;32mINFO[m-]:print_widget[1703]:Readonly: 0
[m[09:02:48:798 [1;32mINFO[m-]:print_widget[1740]:Type: TOGGLE
[m[09:02:48:798 [1;32mINFO[m-]:print_widget[1741]:Current: 0
[m[09:02:48:798 [1;32mINFO[m-]:print_widget[1802]:-----------------END
/main/actions/oldfocusdrivefar
[m[09:02:48:798 [1;32mINFO[m-]:print_widget[1702]:Label: Drive Pentax old-focus far (K-1 II)
[m[09:02:48:798 [1;32mINFO[m-]:print_widget[1703]:Readonly: 0
[m[09:02:48:799 [1;32mINFO[m-]:print_widget[1740]:Type: TOGGLE
[m[09:02:48:799 [1;32mINFO[m-]:print_widget[1741]:Current: 0
[m[09:02:48:799 [1;32mINFO[m-]:print_widget[1802]:-----------------END
/main/actions/manualfocusdrivenear
[m[09:02:48:799 [1;32mINFO[m-]:print_widget[1702]:Label: Drive Pentax focus near
[m[09:02:48:799 [1;32mINFO[m-]:print_widget[1703]:Readonly: 0
[m[09:02:48:799 [1;32mINFO[m-]:print_widget[1740]:Type: TOGGLE
[m[09:02:48:799 [1;32mINFO[m-]:print_widget[1741]:Current: 0
[m[09:02:48:799 [1;32mINFO[m-]:print_widget[1802]:-----------------END
/main/actions/manualfocusdrivefar
[m[09:02:48:799 [1;32mINFO[m-]:print_widget[1702]:Label: Drive Pentax focus far
[m[09:02:48:799 [1;32mINFO[m-]:print_widget[1703]:Readonly: 0
[m[09:02:48:799 [1;32mINFO[m-]:print_widget[1740]:Type: TOGGLE
[m[09:02:48:799 [1;32mINFO[m-]:print_widget[1741]:Current: 0
[m[09:02:48:799 [1;32mINFO[m-]:print_widget[1802]:-----------------END
/main/actions/opcode
[m[09:02:48:799 [1;32mINFO[m-]:print_widget[1702]:Label: PTP Opcode
[m[09:02:48:799 [1;32mINFO[m-]:print_widget[1703]:Readonly: 0
[m[09:02:48:799 [1;32mINFO[m-]:print_widget[1711]:Type: TEXT
[m[09:02:48:799 [1;32mINFO[m-]:print_widget[1712]:Current: 0x1001,0xparam1,0xparam2
[m[09:02:48:799 [1;32mINFO[m-]:print_widget[1802]:-----------------END
/main/settings/datetime
[m[09:02:48:799 [1;32mINFO[m-]:print_widget[1702]:Label: Camera Date and Time
[m[09:02:48:799 [1;32mINFO[m-]:print_widget[1703]:Readonly: 0
[m[09:02:48:799 [1;32mINFO[m-]:print_widget[1761]:Type: DATE
[m[09:02:48:799 [1;32mINFO[m-]:print_widget[1762]:Current: 1788768298
[m[09:02:48:799 [1;32mINFO[m-]:print_widget[1763]:Printable: Mon Sep  7 08:04:58 2026
[m[09:02:48:799 [1;32mINFO[m-]:print_widget[1764]:Help: Use 'now' as the current time when setting.

[m[09:02:48:800 [1;32mINFO[m-]:print_widget[1802]:-----------------END
/main/status/serialnumber
[m[09:02:48:800 [1;32mINFO[m-]:print_widget[1702]:Label: Serial Number
[m[09:02:48:800 [1;32mINFO[m-]:print_widget[1703]:Readonly: 1
[m[09:02:48:800 [1;32mINFO[m-]:print_widget[1711]:Type: TEXT
[m[09:02:48:800 [1;32mINFO[m-]:print_widget[1712]:Current: 7371227
[m[09:02:48:800 [1;32mINFO[m-]:print_widget[1802]:-----------------END
/main/status/manufacturer
[m[09:02:48:800 [1;32mINFO[m-]:print_widget[1702]:Label: Camera Manufacturer
[m[09:02:48:800 [1;32mINFO[m-]:print_widget[1703]:Readonly: 1
[m[09:02:48:800 [1;32mINFO[m-]:print_widget[1711]:Type: TEXT
[m[09:02:48:800 [1;32mINFO[m-]:print_widget[1712]:Current: RICOH IMAGING COMPANY, LTD.
[m[09:02:48:800 [1;32mINFO[m-]:print_widget[1802]:-----------------END
/main/status/cameramodel
[m[09:02:48:800 [1;32mINFO[m-]:print_widget[1702]:Label: Camera Model
[m[09:02:48:800 [1;32mINFO[m-]:print_widget[1703]:Readonly: 1
[m[09:02:48:800 [1;32mINFO[m-]:print_widget[1711]:Type: TEXT
[m[09:02:48:800 [1;32mINFO[m-]:print_widget[1712]:Current: PENTAX K-1 Mark II
[m[09:02:48:800 [1;32mINFO[m-]:print_widget[1802]:-----------------END
/main/status/deviceversion
[m[09:02:48:800 [1;32mINFO[m-]:print_widget[1702]:Label: Device Version
[m[09:02:48:800 [1;32mINFO[m-]:print_widget[1703]:Readonly: 1
[m[09:02:48:800 [1;32mINFO[m-]:print_widget[1711]:Type: TEXT
[m[09:02:48:800 [1;32mINFO[m-]:print_widget[1712]:Current: 1.02
[m[09:02:48:800 [1;32mINFO[m-]:print_widget[1802]:-----------------END
/main/status/vendorextension
[m[09:02:48:800 [1;32mINFO[m-]:print_widget[1702]:Label: Vendor Extension
[m[09:02:48:800 [1;32mINFO[m-]:print_widget[1703]:Readonly: 1
[m[09:02:48:800 [1;32mINFO[m-]:print_widget[1711]:Type: TEXT
[m[09:02:48:800 [1;32mINFO[m-]:print_widget[1712]:Current: ????????????????
[m[09:02:48:800 [1;32mINFO[m-]:print_widget[1802]:-----------------END
/main/status/pentaxconditions
[m[09:02:48:801 [1;32mINFO[m-]:print_widget[1702]:Label: Pentax Conditions
[m[09:02:48:801 [1;32mINFO[m-]:print_widget[1703]:Readonly: 1
[m[09:02:48:801 [1;32mINFO[m-]:print_widget[1711]:Type: TEXT
[m[09:02:48:801 [1;32mINFO[m-]:print_widget[1712]:Current: state=3; astro-phase=inactive/other; exposure-mode-raw=8; user-mode-raw=0; drive-mode-raw=4; ISO=200; exposure-step=1; open-av-num=14; shooting=no; processing=no; task-changing=no; Tv-changeable=yes; bulb-timer=no; bulb-seconds=1/500; aperture=20/10; exposure-comp=0/10; astrotracer3=no; astro-shift=no; astro-movement-failed=no; astro-time-too-long=no; astro-limit=0; gps-state=0
[m[09:02:48:801 [1;32mINFO[m-]:print_widget[1802]:-----------------END
/main/status/pentaxliveviewcontrols
[m[09:02:48:801 [1;32mINFO[m-]:print_widget[1702]:Label: Pentax Live View Controls
[m[09:02:48:801 [1;32mINFO[m-]:print_widget[1703]:Readonly: 1
[m[09:02:48:801 [1;32mINFO[m-]:print_widget[1711]:Type: TEXT
[m[09:02:48:801 [1;32mINFO[m-]:print_widget[1712]:Current: area=720x480; active=720x480; caf-active=576x320; caf-spot=48x48; af-position=360,240; af-response-bytes=8; zoom-raw=1
[m[09:02:48:801 [1;32mINFO[m-]:print_widget[1802]:-----------------END
/main/status/pentaxpropd00f
[m[09:02:48:801 [1;32mINFO[m-]:print_widget[1702]:Label: Pentax Shutter/Bulb Descriptor
[m[09:02:48:801 [1;32mINFO[m-]:print_widget[1703]:Readonly: 1
[m[09:02:48:801 [1;32mINFO[m-]:print_widget[1711]:Type: TEXT
[m[09:02:48:801 [1;32mINFO[m-]:print_widget[1712]:Current: code=0xd00f; datatype=0x0008; getset=1; form=2; enum-count=56; value-bytes=8; value-hex=01000000f4010000
[m[09:02:48:801 [1;32mINFO[m-]:print_widget[1802]:-----------------END
/main/status/pentaxprop5007
[m[09:02:48:801 [1;32mINFO[m-]:print_widget[1702]:Label: Pentax Aperture Descriptor
[m[09:02:48:801 [1;32mINFO[m-]:print_widget[1703]:Readonly: 1
[m[09:02:48:801 [1;32mINFO[m-]:print_widget[1711]:Type: TEXT
[m[09:02:48:801 [1;32mINFO[m-]:print_widget[1712]:Current: code=0x5007; datatype=0x0004; getset=1; form=2; enum-count=22; value-bytes=2; value-hex=c800
[m[09:02:48:801 [1;32mINFO[m-]:print_widget[1802]:-----------------END
/main/status/pentaxpropd01e
[m[09:02:48:801 [1;32mINFO[m-]:print_widget[1702]:Label: Pentax ISO Descriptor
[m[09:02:48:801 [1;32mINFO[m-]:print_widget[1703]:Readonly: 1
[m[09:02:48:801 [1;32mINFO[m-]:print_widget[1711]:Type: TEXT
[m[09:02:48:801 [1;32mINFO[m-]:print_widget[1712]:Current: code=0xd01e; datatype=0x0006; getset=1; form=2; enum-count=12; value-bytes=4; value-hex=c8000000
[m[09:02:48:801 [1;32mINFO[m-]:print_widget[1802]:-----------------END
/main/status/pentaxprop5010
[m[09:02:48:801 [1;32mINFO[m-]:print_widget[1702]:Label: Pentax Exposure Compensation Descriptor
[m[09:02:48:801 [1;32mINFO[m-]:print_widget[1703]:Readonly: 1
[m[09:02:48:801 [1;32mINFO[m-]:print_widget[1711]:Type: TEXT
[m[09:02:48:801 [1;32mINFO[m-]:print_widget[1712]:Current: code=0x5010; datatype=0x0003; getset=1; form=2; enum-count=31; value-bytes=2; value-hex=0000
[m[09:02:48:802 [1;32mINFO[m-]:print_widget[1802]:-----------------END
/main/status/pentaxprop5008
[m[09:02:48:802 [1;32mINFO[m-]:print_widget[1702]:Label: Pentax Focal Length Descriptor
[m[09:02:48:802 [1;32mINFO[m-]:print_widget[1703]:Readonly: 1
[m[09:02:48:802 [1;32mINFO[m-]:print_widget[1711]:Type: TEXT
[m[09:02:48:802 [1;32mINFO[m-]:print_widget[1712]:Current: code=0x5008; datatype=0x0006; getset=0; form=0; enum-count=0; value-bytes=4; value-hex=88130000
[m[09:02:48:802 [1;32mINFO[m-]:print_widget[1802]:-----------------END
/main/status/pentaxprop5005
[m[09:02:48:802 [1;32mINFO[m-]:print_widget[1702]:Label: Pentax White Balance Descriptor
[m[09:02:48:802 [1;32mINFO[m-]:print_widget[1703]:Readonly: 1
[m[09:02:48:802 [1;32mINFO[m-]:print_widget[1711]:Type: TEXT
[m[09:02:48:802 [1;32mINFO[m-]:print_widget[1712]:Current: code=0x5005; datatype=0x0004; getset=1; form=2; enum-count=18; value-bytes=2; value-hex=0200
[m[09:02:48:802 [1;32mINFO[m-]:print_widget[1802]:-----------------END
/main/status/pentaxpropd013
[m[09:02:48:802 [1;32mINFO[m-]:print_widget[1702]:Label: Pentax Drive Mode Descriptor
[m[09:02:48:802 [1;32mINFO[m-]:print_widget[1703]:Readonly: 1
[m[09:02:48:802 [1;32mINFO[m-]:print_widget[1711]:Type: TEXT
[m[09:02:48:802 [1;32mINFO[m-]:print_widget[1712]:Current: code=0xd013; datatype=0x0006; getset=1; form=2; enum-count=23; value-bytes=4; value-hex=01000000
[m[09:02:48:802 [1;32mINFO[m-]:print_widget[1802]:-----------------END
/main/status/pentaxpropd02b
[m[09:02:48:802 [1;32mINFO[m-]:print_widget[1702]:Label: Pentax Focus Peaking Descriptor
[m[09:02:48:802 [1;32mINFO[m-]:print_widget[1703]:Readonly: 1
[m[09:02:48:802 [1;32mINFO[m-]:print_widget[1711]:Type: TEXT
[m[09:02:48:802 [1;32mINFO[m-]:print_widget[1712]:Current: code=0xd02b; descriptor-parse=failed; descriptor-bytes=16; descriptor-hex=2bd00440010000020200000040024001; value-bytes=4; value-hex=00d00440
[m[09:02:48:802 [1;32mINFO[m-]:print_widget[1802]:-----------------END
/main/status/pentaxpropd035
[m[09:02:48:802 [1;32mINFO[m-]:print_widget[1702]:Label: Pentax PC Live View Descriptor
[m[09:02:48:802 [1;32mINFO[m-]:print_widget[1703]:Readonly: 1
[m[09:02:48:802 [1;32mINFO[m-]:print_widget[1711]:Type: TEXT
[m[09:02:48:802 [1;32mINFO[m-]:print_widget[1712]:Current: code=0xd035; descriptor-parse=failed; descriptor-bytes=6; descriptor-hex=35d000000000; value-bytes=0; value-hex=
[m[09:02:48:802 [1;32mINFO[m-]:print_widget[1802]:-----------------END
/main/status/pentaxfocuspeaking
[m[09:02:48:802 [1;32mINFO[m-]:print_widget[1702]:Label: Pentax Focus Peaking
[m[09:02:48:803 [1;32mINFO[m-]:print_widget[1703]:Readonly: 0
[m[09:02:48:803 [1;32mINFO[m-]:print_widget[1781]:Type: RADIO
[m[09:02:48:803 [1;32mINFO[m-]:print_widget[1783]:Current: off
[m[09:02:48:803 [1;32mINFO[m-]:print_widget[1787]:Choice: 0 off
[m[09:02:48:803 [1;32mINFO[m-]:print_widget[1787]:Choice: 1 on
[m[09:02:48:803 [1;32mINFO[m-]:print_widget[1787]:Choice: 2 on+outline
[m[09:02:48:803 [1;32mINFO[m-]:print_widget[1802]:-----------------END
/main/status/pentaxcimode
[m[09:02:48:803 [1;32mINFO[m-]:print_widget[1702]:Label: Pentax Custom Image Mode
[m[09:02:48:803 [1;32mINFO[m-]:print_widget[1703]:Readonly: 0
[m[09:02:48:803 [1;32mINFO[m-]:print_widget[1781]:Type: RADIO
[m[09:02:48:803 [1;32mINFO[m-]:print_widget[1783]:Current: autoselect
[m[09:02:48:803 [1;32mINFO[m-]:print_widget[1787]:Choice: 0 autoselect
[m[09:02:48:803 [1;32mINFO[m-]:print_widget[1787]:Choice: 1 vivid
[m[09:02:48:803 [1;32mINFO[m-]:print_widget[1787]:Choice: 2 natural
[m[09:02:48:803 [1;32mINFO[m-]:print_widget[1787]:Choice: 3 portrait
[m[09:02:48:803 [1;32mINFO[m-]:print_widget[1787]:Choice: 4 landscape
[m[09:02:48:803 [1;32mINFO[m-]:print_widget[1787]:Choice: 5 miyabi
[m[09:02:48:803 [1;32mINFO[m-]:print_widget[1787]:Choice: 6 satobi
[m[09:02:48:803 [1;32mINFO[m-]:print_widget[1787]:Choice: 7 poptune
[m[09:02:48:803 [1;32mINFO[m-]:print_widget[1787]:Choice: 8 honoka
[m[09:02:48:803 [1;32mINFO[m-]:print_widget[1787]:Choice: 9 flat
[m[09:02:48:803 [1;32mINFO[m-]:print_widget[1787]:Choice: 10 bleach bypass
[m[09:02:48:803 [1;32mINFO[m-]:print_widget[1787]:Choice: 11 reversal film
[m[09:02:48:803 [1;32mINFO[m-]:print_widget[1787]:Choice: 12 monotone
[m[09:02:48:803 [1;32mINFO[m-]:print_widget[1787]:Choice: 13 cross process
[m[09:02:48:803 [1;32mINFO[m-]:print_widget[1802]:-----------------END
/main/status/pentaxpclvkeep
[m[09:02:48:803 [1;32mINFO[m-]:print_widget[1702]:Label: Pentax Keep Live View
[m[09:02:48:804 [1;32mINFO[m-]:print_widget[1703]:Readonly: 0
[m[09:02:48:804 [1;32mINFO[m-]:print_widget[1740]:Type: TOGGLE
[m[09:02:48:804 [1;32mINFO[m-]:print_widget[1741]:Current: 0
[m[09:02:48:804 [1;32mINFO[m-]:print_widget[1802]:-----------------END
/main/status/pentaxcardwritingmode
[m[09:02:48:804 [1;32mINFO[m-]:print_widget[1702]:Label: Pentax Card Writing Mode
[m[09:02:48:804 [1;32mINFO[m-]:print_widget[1703]:Readonly: 0
[m[09:02:48:804 [1;32mINFO[m-]:print_widget[1781]:Type: RADIO
[m[09:02:48:804 [1;32mINFO[m-]:print_widget[1783]:Current: off
[m[09:02:48:804 [1;32mINFO[m-]:print_widget[1787]:Choice: 0 off
[m[09:02:48:804 [1;32mINFO[m-]:print_widget[1787]:Choice: 1 SD1
[m[09:02:48:804 [1;32mINFO[m-]:print_widget[1787]:Choice: 2 SD2
[m[09:02:48:804 [1;32mINFO[m-]:print_widget[1787]:Choice: 3 both
[m[09:02:48:804 [1;32mINFO[m-]:print_widget[1802]:-----------------END
/main/status/pentaxdirectshutter
[m[09:02:48:804 [1;32mINFO[m-]:print_widget[1702]:Label: Pentax Direct Shutter Speed
[m[09:02:48:804 [1;32mINFO[m-]:print_widget[1703]:Readonly: 0
[m[09:02:48:804 [1;32mINFO[m-]:print_widget[1781]:Type: RADIO
[m[09:02:48:804 [1;32mINFO[m-]:print_widget[1783]:Current: 1/500
[m[09:02:48:804 [1;32mINFO[m-]:print_widget[1787]:Choice: 0 30/1
[m[09:02:48:804 [1;32mINFO[m-]:print_widget[1787]:Choice: 1 25/1
[m[09:02:48:804 [1;32mINFO[m-]:print_widget[1787]:Choice: 2 20/1
[m[09:02:48:805 [1;32mINFO[m-]:print_widget[1787]:Choice: 3 15/1
[m[09:02:48:805 [1;32mINFO[m-]:print_widget[1787]:Choice: 4 13/1
[m[09:02:48:805 [1;32mINFO[m-]:print_widget[1787]:Choice: 5 10/1
[m[09:02:48:805 [1;32mINFO[m-]:print_widget[1787]:Choice: 6 8/1
[m[09:02:48:805 [1;32mINFO[m-]:print_widget[1787]:Choice: 7 6/1
[m[09:02:48:805 [1;32mINFO[m-]:print_widget[1787]:Choice: 8 5/1
[m[09:02:48:805 [1;32mINFO[m-]:print_widget[1787]:Choice: 9 4/1
[m[09:02:48:805 [1;32mINFO[m-]:print_widget[1787]:Choice: 10 3/1
[m[09:02:48:805 [1;32mINFO[m-]:print_widget[1787]:Choice: 11 25/10
[m[09:02:48:805 [1;32mINFO[m-]:print_widget[1787]:Choice: 12 2/1
[m[09:02:48:805 [1;32mINFO[m-]:print_widget[1787]:Choice: 13 16/10
[m[09:02:48:805 [1;32mINFO[m-]:print_widget[1787]:Choice: 14 13/10
[m[09:02:48:805 [1;32mINFO[m-]:print_widget[1787]:Choice: 15 1/1
[m[09:02:48:805 [1;32mINFO[m-]:print_widget[1787]:Choice: 16 8/10
[m[09:02:48:805 [1;32mINFO[m-]:print_widget[1787]:Choice: 17 6/10
[m[09:02:48:805 [1;32mINFO[m-]:print_widget[1787]:Choice: 18 5/10
[m[09:02:48:805 [1;32mINFO[m-]:print_widget[1787]:Choice: 19 4/10
[m[09:02:48:805 [1;32mINFO[m-]:print_widget[1787]:Choice: 20 3/10
[m[09:02:48:805 [1;32mINFO[m-]:print_widget[1787]:Choice: 21 1/4
[m[09:02:48:805 [1;32mINFO[m-]:print_widget[1787]:Choice: 22 1/5
[m[09:02:48:805 [1;32mINFO[m-]:print_widget[1787]:Choice: 23 1/6
[m[09:02:48:805 [1;32mINFO[m-]:print_widget[1787]:Choice: 24 1/8
[m[09:02:48:805 [1;32mINFO[m-]:print_widget[1787]:Choice: 25 1/10
[m[09:02:48:805 [1;32mINFO[m-]:print_widget[1787]:Choice: 26 1/13
[m[09:02:48:805 [1;32mINFO[m-]:print_widget[1787]:Choice: 27 1/15
[m[09:02:48:805 [1;32mINFO[m-]:print_widget[1787]:Choice: 28 1/20
[m[09:02:48:805 [1;32mINFO[m-]:print_widget[1787]:Choice: 29 1/25
[m[09:02:48:805 [1;32mINFO[m-]:print_widget[1787]:Choice: 30 1/30
[m[09:02:48:805 [1;32mINFO[m-]:print_widget[1787]:Choice: 31 1/40
[m[09:02:48:805 [1;32mINFO[m-]:print_widget[1787]:Choice: 32 1/50
[m[09:02:48:805 [1;32mINFO[m-]:print_widget[1787]:Choice: 33 1/60
[m[09:02:48:805 [1;32mINFO[m-]:print_widget[1787]:Choice: 34 1/80
[m[09:02:48:805 [1;32mINFO[m-]:print_widget[1787]:Choice: 35 1/100
[m[09:02:48:805 [1;32mINFO[m-]:print_widget[1787]:Choice: 36 1/125
[m[09:02:48:806 [1;32mINFO[m-]:print_widget[1787]:Choice: 37 1/160
[m[09:02:48:806 [1;32mINFO[m-]:print_widget[1787]:Choice: 38 1/200
[m[09:02:48:806 [1;32mINFO[m-]:print_widget[1787]:Choice: 39 1/250
[m[09:02:48:806 [1;32mINFO[m-]:print_widget[1787]:Choice: 40 1/320
[m[09:02:48:806 [1;32mINFO[m-]:print_widget[1787]:Choice: 41 1/400
[m[09:02:48:806 [1;32mINFO[m-]:print_widget[1787]:Choice: 42 1/500
[m[09:02:48:806 [1;32mINFO[m-]:print_widget[1787]:Choice: 43 1/640
[m[09:02:48:806 [1;32mINFO[m-]:print_widget[1787]:Choice: 44 1/800
[m[09:02:48:806 [1;32mINFO[m-]:print_widget[1787]:Choice: 45 1/1000
[m[09:02:48:806 [1;32mINFO[m-]:print_widget[1787]:Choice: 46 1/1250
[m[09:02:48:806 [1;32mINFO[m-]:print_widget[1787]:Choice: 47 1/1600
[m[09:02:48:806 [1;32mINFO[m-]:print_widget[1787]:Choice: 48 1/2000
[m[09:02:48:806 [1;32mINFO[m-]:print_widget[1787]:Choice: 49 1/2500
[m[09:02:48:806 [1;32mINFO[m-]:print_widget[1787]:Choice: 50 1/3200
[m[09:02:48:806 [1;32mINFO[m-]:print_widget[1787]:Choice: 51 1/4000
[m[09:02:48:806 [1;32mINFO[m-]:print_widget[1787]:Choice: 52 1/5000
[m[09:02:48:806 [1;32mINFO[m-]:print_widget[1787]:Choice: 53 1/6400
[m[09:02:48:806 [1;32mINFO[m-]:print_widget[1787]:Choice: 54 1/8000
[m[09:02:48:806 [1;32mINFO[m-]:print_widget[1787]:Choice: 55 0/1
[m[09:02:48:806 [1;32mINFO[m-]:print_widget[1802]:-----------------END
/main/status/pentaxdirectiso
[m[09:02:48:806 [1;32mINFO[m-]:print_widget[1702]:Label: Pentax Direct ISO Speed
[m[09:02:48:806 [1;32mINFO[m-]:print_widget[1703]:Readonly: 0
[m[09:02:48:806 [1;32mINFO[m-]:print_widget[1781]:Type: RADIO
[m[09:02:48:806 [1;32mINFO[m-]:print_widget[1783]:Current: 200
[m[09:02:48:806 [1;32mINFO[m-]:print_widget[1787]:Choice: 0 100
[m[09:02:48:806 [1;32mINFO[m-]:print_widget[1787]:Choice: 1 200
[m[09:02:48:806 [1;32mINFO[m-]:print_widget[1787]:Choice: 2 400
[m[09:02:48:806 [1;32mINFO[m-]:print_widget[1787]:Choice: 3 800
[m[09:02:48:806 [1;32mINFO[m-]:print_widget[1787]:Choice: 4 1600
[m[09:02:48:807 [1;32mINFO[m-]:print_widget[1787]:Choice: 5 3200
[m[09:02:48:807 [1;32mINFO[m-]:print_widget[1787]:Choice: 6 6400
[m[09:02:48:807 [1;32mINFO[m-]:print_widget[1787]:Choice: 7 12800
[m[09:02:48:807 [1;32mINFO[m-]:print_widget[1787]:Choice: 8 25600
[m[09:02:48:807 [1;32mINFO[m-]:print_widget[1787]:Choice: 9 51200
[m[09:02:48:807 [1;32mINFO[m-]:print_widget[1787]:Choice: 10 102400
[m[09:02:48:807 [1;32mINFO[m-]:print_widget[1787]:Choice: 11 204800
[m[09:02:48:807 [1;32mINFO[m-]:print_widget[1802]:-----------------END
/main/status/pentaxdirectaperture
[m[09:02:48:807 [1;32mINFO[m-]:print_widget[1702]:Label: Pentax Direct Aperture
[m[09:02:48:807 [1;32mINFO[m-]:print_widget[1703]:Readonly: 0
[m[09:02:48:807 [1;32mINFO[m-]:print_widget[1781]:Type: RADIO
[m[09:02:48:807 [1;32mINFO[m-]:print_widget[1783]:Current: f/2
[m[09:02:48:807 [1;32mINFO[m-]:print_widget[1787]:Choice: 0 f/1.4
[m[09:02:48:807 [1;32mINFO[m-]:print_widget[1787]:Choice: 1 f/1.6
[m[09:02:48:807 [1;32mINFO[m-]:print_widget[1787]:Choice: 2 f/1.8
[m[09:02:48:807 [1;32mINFO[m-]:print_widget[1787]:Choice: 3 f/2
[m[09:02:48:807 [1;32mINFO[m-]:print_widget[1787]:Choice: 4 f/2.2
[m[09:02:48:807 [1;32mINFO[m-]:print_widget[1787]:Choice: 5 f/2.5
[m[09:02:48:807 [1;32mINFO[m-]:print_widget[1787]:Choice: 6 f/2.8
[m[09:02:48:807 [1;32mINFO[m-]:print_widget[1787]:Choice: 7 f/3.2
[m[09:02:48:807 [1;32mINFO[m-]:print_widget[1787]:Choice: 8 f/3.5
[m[09:02:48:807 [1;32mINFO[m-]:print_widget[1787]:Choice: 9 f/4
[m[09:02:48:807 [1;32mINFO[m-]:print_widget[1787]:Choice: 10 f/4.5
[m[09:02:48:807 [1;32mINFO[m-]:print_widget[1787]:Choice: 11 f/5
[m[09:02:48:807 [1;32mINFO[m-]:print_widget[1787]:Choice: 12 f/5.6
[m[09:02:48:807 [1;32mINFO[m-]:print_widget[1787]:Choice: 13 f/6.3
[m[09:02:48:807 [1;32mINFO[m-]:print_widget[1787]:Choice: 14 f/7.1
[m[09:02:48:807 [1;32mINFO[m-]:print_widget[1787]:Choice: 15 f/8
[m[09:02:48:808 [1;32mINFO[m-]:print_widget[1787]:Choice: 16 f/9
[m[09:02:48:808 [1;32mINFO[m-]:print_widget[1787]:Choice: 17 f/10
[m[09:02:48:808 [1;32mINFO[m-]:print_widget[1787]:Choice: 18 f/11
[m[09:02:48:808 [1;32mINFO[m-]:print_widget[1787]:Choice: 19 f/13
[m[09:02:48:808 [1;32mINFO[m-]:print_widget[1787]:Choice: 20 f/14
[m[09:02:48:808 [1;32mINFO[m-]:print_widget[1787]:Choice: 21 f/16
[m[09:02:48:808 [1;32mINFO[m-]:print_widget[1802]:-----------------END
/main/status/pentaxdirectev
[m[09:02:48:808 [1;32mINFO[m-]:print_widget[1702]:Label: Pentax Direct Exposure Compensation
[m[09:02:48:808 [1;32mINFO[m-]:print_widget[1703]:Readonly: 0
[m[09:02:48:808 [1;32mINFO[m-]:print_widget[1781]:Type: RADIO
[m[09:02:48:808 [1;32mINFO[m-]:print_widget[1783]:Current: 0
[m[09:02:48:808 [1;32mINFO[m-]:print_widget[1787]:Choice: 0 5
[m[09:02:48:808 [1;32mINFO[m-]:print_widget[1787]:Choice: 1 4.7
[m[09:02:48:808 [1;32mINFO[m-]:print_widget[1787]:Choice: 2 4.3
[m[09:02:48:808 [1;32mINFO[m-]:print_widget[1787]:Choice: 3 4
[m[09:02:48:808 [1;32mINFO[m-]:print_widget[1787]:Choice: 4 3.7
[m[09:02:48:808 [1;32mINFO[m-]:print_widget[1787]:Choice: 5 3.3
[m[09:02:48:808 [1;32mINFO[m-]:print_widget[1787]:Choice: 6 3
[m[09:02:48:808 [1;32mINFO[m-]:print_widget[1787]:Choice: 7 2.7
[m[09:02:48:808 [1;32mINFO[m-]:print_widget[1787]:Choice: 8 2.3
[m[09:02:48:808 [1;32mINFO[m-]:print_widget[1787]:Choice: 9 2
[m[09:02:48:808 [1;32mINFO[m-]:print_widget[1787]:Choice: 10 1.7
[m[09:02:48:808 [1;32mINFO[m-]:print_widget[1787]:Choice: 11 1.3
[m[09:02:48:808 [1;32mINFO[m-]:print_widget[1787]:Choice: 12 1
[m[09:02:48:808 [1;32mINFO[m-]:print_widget[1787]:Choice: 13 0.7
[m[09:02:48:808 [1;32mINFO[m-]:print_widget[1787]:Choice: 14 0.3
[m[09:02:48:809 [1;32mINFO[m-]:print_widget[1787]:Choice: 15 0
[m[09:02:48:809 [1;32mINFO[m-]:print_widget[1787]:Choice: 16 -0.3
[m[09:02:48:809 [1;32mINFO[m-]:print_widget[1787]:Choice: 17 -0.7
[m[09:02:48:809 [1;32mINFO[m-]:print_widget[1787]:Choice: 18 -1
[m[09:02:48:809 [1;32mINFO[m-]:print_widget[1787]:Choice: 19 -1.3
[m[09:02:48:809 [1;32mINFO[m-]:print_widget[1787]:Choice: 20 -1.7
[m[09:02:48:809 [1;32mINFO[m-]:print_widget[1787]:Choice: 21 -2
[m[09:02:48:809 [1;32mINFO[m-]:print_widget[1787]:Choice: 22 -2.3
[m[09:02:48:809 [1;32mINFO[m-]:print_widget[1787]:Choice: 23 -2.7
[m[09:02:48:809 [1;32mINFO[m-]:print_widget[1787]:Choice: 24 -3
[m[09:02:48:809 [1;32mINFO[m-]:print_widget[1787]:Choice: 25 -3.3
[m[09:02:48:809 [1;32mINFO[m-]:print_widget[1787]:Choice: 26 -3.7
[m[09:02:48:809 [1;32mINFO[m-]:print_widget[1787]:Choice: 27 -4
[m[09:02:48:809 [1;32mINFO[m-]:print_widget[1787]:Choice: 28 -4.3
[m[09:02:48:809 [1;32mINFO[m-]:print_widget[1787]:Choice: 29 -4.7
[m[09:02:48:809 [1;32mINFO[m-]:print_widget[1787]:Choice: 30 -5
[m[09:02:48:809 [1;32mINFO[m-]:print_widget[1802]:-----------------END
/main/status/pentaxliveviewafposition
[m[09:02:48:809 [1;32mINFO[m-]:print_widget[1702]:Label: Pentax Live View AF Position
[m[09:02:48:809 [1;32mINFO[m-]:print_widget[1703]:Readonly: 0
[m[09:02:48:809 [1;32mINFO[m-]:print_widget[1711]:Type: TEXT
[m[09:02:48:809 [1;32mINFO[m-]:print_widget[1712]:Current: 360,240
[m[09:02:48:809 [1;32mINFO[m-]:print_widget[1802]:-----------------END
/main/status/pentaxliveviewzoom
[m[09:02:48:809 [1;32mINFO[m-]:print_widget[1702]:Label: Pentax Live View Zoom
[m[09:02:48:809 [1;32mINFO[m-]:print_widget[1703]:Readonly: 0
[m[09:02:48:809 [1;32mINFO[m-]:print_widget[1781]:Type: RADIO
[m[09:02:48:809 [1;32mINFO[m-]:print_widget[1783]:Current: off
[m[09:02:48:809 [1;32mINFO[m-]:print_widget[1787]:Choice: 0 off
[m[09:02:48:809 [1;32mINFO[m-]:print_widget[1787]:Choice: 1 2x
[m[09:02:48:810 [1;32mINFO[m-]:print_widget[1787]:Choice: 2 4x
[m[09:02:48:810 [1;32mINFO[m-]:print_widget[1787]:Choice: 3 8x
[m[09:02:48:810 [1;32mINFO[m-]:print_widget[1787]:Choice: 4 10x
[m[09:02:48:810 [1;32mINFO[m-]:print_widget[1787]:Choice: 5 16x
[m[09:02:48:810 [1;32mINFO[m-]:print_widget[1802]:-----------------END
/main/status/pentaxdrivemode
[m[09:02:48:810 [1;32mINFO[m-]:print_widget[1702]:Label: Pentax Drive Mode
[m[09:02:48:810 [1;32mINFO[m-]:print_widget[1703]:Readonly: 0
[m[09:02:48:810 [1;32mINFO[m-]:print_widget[1781]:Type: RADIO
[m[09:02:48:810 [1;32mINFO[m-]:print_widget[1783]:Current: continuous-hi
[m[09:02:48:810 [1;32mINFO[m-]:print_widget[1787]:Choice: 0 single
[m[09:02:48:810 [1;32mINFO[m-]:print_widget[1787]:Choice: 1 interval
[m[09:02:48:810 [1;32mINFO[m-]:print_widget[1787]:Choice: 2 interval-movie
[m[09:02:48:810 [1;32mINFO[m-]:print_widget[1787]:Choice: 3 unknown-3
[m[09:02:48:810 [1;32mINFO[m-]:print_widget[1787]:Choice: 4 continuous-hi
[m[09:02:48:810 [1;32mINFO[m-]:print_widget[1787]:Choice: 5 continuous-mid
[m[09:02:48:810 [1;32mINFO[m-]:print_widget[1787]:Choice: 6 continuous-lo
[m[09:02:48:810 [1;32mINFO[m-]:print_widget[1787]:Choice: 7 self-timer-12s
[m[09:02:48:810 [1;32mINFO[m-]:print_widget[1787]:Choice: 8 self-timer-2s
[m[09:02:48:810 [1;32mINFO[m-]:print_widget[1787]:Choice: 9 remote
[m[09:02:48:810 [1;32mINFO[m-]:print_widget[1787]:Choice: 10 remote-3s
[m[09:02:48:810 [1;32mINFO[m-]:print_widget[1787]:Choice: 11 remote-cont
[m[09:02:48:810 [1;32mINFO[m-]:print_widget[1787]:Choice: 12 mirror-up
[m[09:02:48:810 [1;32mINFO[m-]:print_widget[1787]:Choice: 13 mirror-up-remote
[m[09:02:48:810 [1;32mINFO[m-]:print_widget[1787]:Choice: 14 unknown-14
[m[09:02:48:810 [1;32mINFO[m-]:print_widget[1787]:Choice: 15 multi-exposure
[m[09:02:48:810 [1;32mINFO[m-]:print_widget[1787]:Choice: 16 unknown-16
[m[09:02:48:810 [1;32mINFO[m-]:print_widget[1787]:Choice: 17 unknown-17
[m[09:02:48:811 [1;32mINFO[m-]:print_widget[1787]:Choice: 18 unknown-18
[m[09:02:48:811 [1;32mINFO[m-]:print_widget[1787]:Choice: 19 unknown-19
[m[09:02:48:811 [1;32mINFO[m-]:print_widget[1787]:Choice: 20 unknown-20
[m[09:02:48:811 [1;32mINFO[m-]:print_widget[1787]:Choice: 21 unknown-21
[m[09:02:48:811 [1;32mINFO[m-]:print_widget[1787]:Choice: 22 self-timer-cont
[m[09:02:48:811 [1;32mINFO[m-]:print_widget[1802]:-----------------END
/main/status/pentaxdirectwb
[m[09:02:48:811 [1;32mINFO[m-]:print_widget[1702]:Label: Pentax White Balance
[m[09:02:48:811 [1;32mINFO[m-]:print_widget[1703]:Readonly: 0
[m[09:02:48:811 [1;32mINFO[m-]:print_widget[1781]:Type: RADIO
[m[09:02:48:811 [1;32mINFO[m-]:print_widget[1783]:Current: auto
[m[09:02:48:811 [1;32mINFO[m-]:print_widget[1787]:Choice: 0 auto
[m[09:02:48:811 [1;32mINFO[m-]:print_widget[1787]:Choice: 1 daylight
[m[09:02:48:811 [1;32mINFO[m-]:print_widget[1787]:Choice: 2 shade
[m[09:02:48:811 [1;32mINFO[m-]:print_widget[1787]:Choice: 3 cloudy
[m[09:02:48:811 [1;32mINFO[m-]:print_widget[1787]:Choice: 4 fluorescent-d
[m[09:02:48:811 [1;32mINFO[m-]:print_widget[1787]:Choice: 5 fluorescent-n
[m[09:02:48:811 [1;32mINFO[m-]:print_widget[1787]:Choice: 6 fluorescent-w
[m[09:02:48:811 [1;32mINFO[m-]:print_widget[1787]:Choice: 7 tungsten
[m[09:02:48:811 [1;32mINFO[m-]:print_widget[1787]:Choice: 8 flash
[m[09:02:48:811 [1;32mINFO[m-]:print_widget[1787]:Choice: 9 manual-1
[m[09:02:48:811 [1;32mINFO[m-]:print_widget[1787]:Choice: 10 manual-2
[m[09:02:48:811 [1;32mINFO[m-]:print_widget[1787]:Choice: 11 manual-3
[m[09:02:48:811 [1;32mINFO[m-]:print_widget[1787]:Choice: 12 color-temp-1
[m[09:02:48:811 [1;32mINFO[m-]:print_widget[1787]:Choice: 13 color-temp-2
[m[09:02:48:811 [1;32mINFO[m-]:print_widget[1787]:Choice: 14 color-temp-3
[m[09:02:48:811 [1;32mINFO[m-]:print_widget[1787]:Choice: 15 auto-800f
[m[09:02:48:811 [1;32mINFO[m-]:print_widget[1802]:-----------------END
/main/status/pentaxliveviewafposition
[m[09:02:48:811 [1;32mINFO[m-]:print_widget[1702]:Label: Pentax Live View AF Position
[m[09:02:48:812 [1;32mINFO[m-]:print_widget[1703]:Readonly: 0
[m[09:02:48:812 [1;32mINFO[m-]:print_widget[1711]:Type: TEXT
[m[09:02:48:812 [1;32mINFO[m-]:print_widget[1712]:Current: 360,240
[m[09:02:48:812 [1;32mINFO[m-]:print_widget[1802]:-----------------END
/main/status/batterylevel
[m[09:02:48:812 [1;32mINFO[m-]:print_widget[1702]:Label: Battery Level
[m[09:02:48:812 [1;32mINFO[m-]:print_widget[1703]:Readonly: 1
[m[09:02:48:812 [1;32mINFO[m-]:print_widget[1711]:Type: TEXT
[m[09:02:48:812 [1;32mINFO[m-]:print_widget[1712]:Current: 100%
[m[09:02:48:812 [1;32mINFO[m-]:print_widget[1802]:-----------------END
/main/other/5001
[m[09:02:48:812 [1;32mINFO[m-]:print_widget[1702]:Label: Battery Level
[m[09:02:48:812 [1;32mINFO[m-]:print_widget[1703]:Readonly: 1
[m[09:02:48:813 [1;32mINFO[m-]:print_widget[1777]:Type: MENU
[m[09:02:48:813 [1;32mINFO[m-]:print_widget[1783]:Current: 100
[m[09:02:48:813 [1;32mINFO[m-]:print_widget[1787]:Choice: 0 0
[m[09:02:48:813 [1;32mINFO[m-]:print_widget[1787]:Choice: 1 1
[m[09:02:48:813 [1;32mINFO[m-]:print_widget[1787]:Choice: 2 2
[m[09:02:48:813 [1;32mINFO[m-]:print_widget[1787]:Choice: 3 3
[m[09:02:48:813 [1;32mINFO[m-]:print_widget[1787]:Choice: 4 4
[m[09:02:48:813 [1;32mINFO[m-]:print_widget[1787]:Choice: 5 5
[m[09:02:48:813 [1;32mINFO[m-]:print_widget[1787]:Choice: 6 6
[m[09:02:48:813 [1;32mINFO[m-]:print_widget[1787]:Choice: 7 7
[m[09:02:48:813 [1;32mINFO[m-]:print_widget[1787]:Choice: 8 8
[m[09:02:48:813 [1;32mINFO[m-]:print_widget[1787]:Choice: 9 9
[m[09:02:48:813 [1;32mINFO[m-]:print_widget[1787]:Choice: 10 10
[m[09:02:48:813 [1;32mINFO[m-]:print_widget[1787]:Choice: 11 11
[m[09:02:48:813 [1;32mINFO[m-]:print_widget[1787]:Choice: 12 12
[m[09:02:48:813 [1;32mINFO[m-]:print_widget[1787]:Choice: 13 13
[m[09:02:48:813 [1;32mINFO[m-]:print_widget[1787]:Choice: 14 14
[m[09:02:48:813 [1;32mINFO[m-]:print_widget[1787]:Choice: 15 15
[m[09:02:48:813 [1;32mINFO[m-]:print_widget[1787]:Choice: 16 16
[m[09:02:48:813 [1;32mINFO[m-]:print_widget[1787]:Choice: 17 17
[m[09:02:48:813 [1;32mINFO[m-]:print_widget[1787]:Choice: 18 18
[m[09:02:48:813 [1;32mINFO[m-]:print_widget[1787]:Choice: 19 19
[m[09:02:48:813 [1;32mINFO[m-]:print_widget[1787]:Choice: 20 20
[m[09:02:48:813 [1;32mINFO[m-]:print_widget[1787]:Choice: 21 21
[m[09:02:48:813 [1;32mINFO[m-]:print_widget[1787]:Choice: 22 22
[m[09:02:48:813 [1;32mINFO[m-]:print_widget[1787]:Choice: 23 23
[m[09:02:48:813 [1;32mINFO[m-]:print_widget[1787]:Choice: 24 24
[m[09:02:48:813 [1;32mINFO[m-]:print_widget[1787]:Choice: 25 25
[m[09:02:48:813 [1;32mINFO[m-]:print_widget[1787]:Choice: 26 26
[m[09:02:48:813 [1;32mINFO[m-]:print_widget[1787]:Choice: 27 27
[m[09:02:48:813 [1;32mINFO[m-]:print_widget[1787]:Choice: 28 28
[m[09:02:48:813 [1;32mINFO[m-]:print_widget[1787]:Choice: 29 29
[m[09:02:48:813 [1;32mINFO[m-]:print_widget[1787]:Choice: 30 30
[m[09:02:48:814 [1;32mINFO[m-]:print_widget[1787]:Choice: 31 31
[m[09:02:48:814 [1;32mINFO[m-]:print_widget[1787]:Choice: 32 32
[m[09:02:48:814 [1;32mINFO[m-]:print_widget[1787]:Choice: 33 33
[m[09:02:48:814 [1;32mINFO[m-]:print_widget[1787]:Choice: 34 34
[m[09:02:48:814 [1;32mINFO[m-]:print_widget[1787]:Choice: 35 35
[m[09:02:48:814 [1;32mINFO[m-]:print_widget[1787]:Choice: 36 36
[m[09:02:48:814 [1;32mINFO[m-]:print_widget[1787]:Choice: 37 37
[m[09:02:48:814 [1;32mINFO[m-]:print_widget[1787]:Choice: 38 38
[m[09:02:48:814 [1;32mINFO[m-]:print_widget[1787]:Choice: 39 39
[m[09:02:48:814 [1;32mINFO[m-]:print_widget[1787]:Choice: 40 40
[m[09:02:48:814 [1;32mINFO[m-]:print_widget[1787]:Choice: 41 41
[m[09:02:48:814 [1;32mINFO[m-]:print_widget[1787]:Choice: 42 42
[m[09:02:48:814 [1;32mINFO[m-]:print_widget[1787]:Choice: 43 43
[m[09:02:48:814 [1;32mINFO[m-]:print_widget[1787]:Choice: 44 44
[m[09:02:48:814 [1;32mINFO[m-]:print_widget[1787]:Choice: 45 45
[m[09:02:48:814 [1;32mINFO[m-]:print_widget[1787]:Choice: 46 46
[m[09:02:48:814 [1;32mINFO[m-]:print_widget[1787]:Choice: 47 47
[m[09:02:48:814 [1;32mINFO[m-]:print_widget[1787]:Choice: 48 48
[m[09:02:48:814 [1;32mINFO[m-]:print_widget[1787]:Choice: 49 49
[m[09:02:48:814 [1;32mINFO[m-]:print_widget[1787]:Choice: 50 50
[m[09:02:48:814 [1;32mINFO[m-]:print_widget[1787]:Choice: 51 51
[m[09:02:48:814 [1;32mINFO[m-]:print_widget[1787]:Choice: 52 52
[m[09:02:48:814 [1;32mINFO[m-]:print_widget[1787]:Choice: 53 53
[m[09:02:48:814 [1;32mINFO[m-]:print_widget[1787]:Choice: 54 54
[m[09:02:48:814 [1;32mINFO[m-]:print_widget[1787]:Choice: 55 55
[m[09:02:48:814 [1;32mINFO[m-]:print_widget[1787]:Choice: 56 56
[m[09:02:48:814 [1;32mINFO[m-]:print_widget[1787]:Choice: 57 57
[m[09:02:48:814 [1;32mINFO[m-]:print_widget[1787]:Choice: 58 58
[m[09:02:48:814 [1;32mINFO[m-]:print_widget[1787]:Choice: 59 59
[m[09:02:48:814 [1;32mINFO[m-]:print_widget[1787]:Choice: 60 60
[m[09:02:48:814 [1;32mINFO[m-]:print_widget[1787]:Choice: 61 61
[m[09:02:48:814 [1;32mINFO[m-]:print_widget[1787]:Choice: 62 62
[m[09:02:48:814 [1;32mINFO[m-]:print_widget[1787]:Choice: 63 63
[m[09:02:48:815 [1;32mINFO[m-]:print_widget[1787]:Choice: 64 64
[m[09:02:48:815 [1;32mINFO[m-]:print_widget[1787]:Choice: 65 65
[m[09:02:48:815 [1;32mINFO[m-]:print_widget[1787]:Choice: 66 66
[m[09:02:48:815 [1;32mINFO[m-]:print_widget[1787]:Choice: 67 67
[m[09:02:48:815 [1;32mINFO[m-]:print_widget[1787]:Choice: 68 68
[m[09:02:48:815 [1;32mINFO[m-]:print_widget[1787]:Choice: 69 69
[m[09:02:48:815 [1;32mINFO[m-]:print_widget[1787]:Choice: 70 70
[m[09:02:48:815 [1;32mINFO[m-]:print_widget[1787]:Choice: 71 71
[m[09:02:48:815 [1;32mINFO[m-]:print_widget[1787]:Choice: 72 72
[m[09:02:48:815 [1;32mINFO[m-]:print_widget[1787]:Choice: 73 73
[m[09:02:48:815 [1;32mINFO[m-]:print_widget[1787]:Choice: 74 74
[m[09:02:48:815 [1;32mINFO[m-]:print_widget[1787]:Choice: 75 75
[m[09:02:48:815 [1;32mINFO[m-]:print_widget[1787]:Choice: 76 76
[m[09:02:48:815 [1;32mINFO[m-]:print_widget[1787]:Choice: 77 77
[m[09:02:48:815 [1;32mINFO[m-]:print_widget[1787]:Choice: 78 78
[m[09:02:48:815 [1;32mINFO[m-]:print_widget[1787]:Choice: 79 79
[m[09:02:48:815 [1;32mINFO[m-]:print_widget[1787]:Choice: 80 80
[m[09:02:48:815 [1;32mINFO[m-]:print_widget[1787]:Choice: 81 81
[m[09:02:48:815 [1;32mINFO[m-]:print_widget[1787]:Choice: 82 82
[m[09:02:48:815 [1;32mINFO[m-]:print_widget[1787]:Choice: 83 83
[m[09:02:48:815 [1;32mINFO[m-]:print_widget[1787]:Choice: 84 84
[m[09:02:48:815 [1;32mINFO[m-]:print_widget[1787]:Choice: 85 85
[m[09:02:48:815 [1;32mINFO[m-]:print_widget[1787]:Choice: 86 86
[m[09:02:48:815 [1;32mINFO[m-]:print_widget[1787]:Choice: 87 87
[m[09:02:48:815 [1;32mINFO[m-]:print_widget[1787]:Choice: 88 88
[m[09:02:48:815 [1;32mINFO[m-]:print_widget[1787]:Choice: 89 89
[m[09:02:48:815 [1;32mINFO[m-]:print_widget[1787]:Choice: 90 90
[m[09:02:48:815 [1;32mINFO[m-]:print_widget[1787]:Choice: 91 91
[m[09:02:48:815 [1;32mINFO[m-]:print_widget[1787]:Choice: 92 92
[m[09:02:48:815 [1;32mINFO[m-]:print_widget[1787]:Choice: 93 93
[m[09:02:48:815 [1;32mINFO[m-]:print_widget[1787]:Choice: 94 94
[m[09:02:48:815 [1;32mINFO[m-]:print_widget[1787]:Choice: 95 95
[m[09:02:48:815 [1;32mINFO[m-]:print_widget[1787]:Choice: 96 96
[m[09:02:48:816 [1;32mINFO[m-]:print_widget[1787]:Choice: 97 97
[m[09:02:48:816 [1;32mINFO[m-]:print_widget[1787]:Choice: 98 98
[m[09:02:48:816 [1;32mINFO[m-]:print_widget[1787]:Choice: 99 99
[m[09:02:48:816 [1;32mINFO[m-]:print_widget[1787]:Choice: 100 100
[m[09:02:48:816 [1;32mINFO[m-]:print_widget[1802]:-----------------END
/main/other/5011
[m[09:02:48:816 [1;32mINFO[m-]:print_widget[1702]:Label: Date & Time
[m[09:02:48:816 [1;32mINFO[m-]:print_widget[1703]:Readonly: 0
[m[09:02:48:816 [1;32mINFO[m-]:print_widget[1711]:Type: TEXT
[m[09:02:48:816 [1;32mINFO[m-]:print_widget[1712]:Current: 20260907T080504
[m[09:02:48:816 [1;32mINFO[m-]:print_widget[1802]:-----------------END
/main/other/d406
[m[09:02:48:816 [1;32mINFO[m-]:print_widget[1702]:Label: PTP Property 0xd406
[m[09:02:48:816 [1;32mINFO[m-]:print_widget[1703]:Readonly: 0
[m[09:02:48:816 [1;32mINFO[m-]:print_widget[1711]:Type: TEXT
[m[09:02:48:816 [1;32mINFO[m-]:print_widget[1712]:Current: 
[m[09:02:48:816 [1;32mINFO[m-]:print_widget[1802]:-----------------END
/main/other/d407
[m[09:02:48:816 [1;32mINFO[m-]:print_widget[1702]:Label: PTP Property 0xd407
[m[09:02:48:816 [1;32mINFO[m-]:print_widget[1703]:Readonly: 1
[m[09:02:48:816 [1;32mINFO[m-]:print_widget[1711]:Type: TEXT
[m[09:02:48:816 [1;32mINFO[m-]:print_widget[1712]:Current: 1
[m[09:02:48:816 [1;32mINFO[m-]:print_widget[1802]:-----------------END
/main/other/d303
[m[09:02:48:816 [1;32mINFO[m-]:print_widget[1702]:Label: PTP Property 0xd303
[m[09:02:48:816 [1;32mINFO[m-]:print_widget[1703]:Readonly: 1
[m[09:02:48:816 [1;32mINFO[m-]:print_widget[1711]:Type: TEXT
[m[09:02:48:816 [1;32mINFO[m-]:print_widget[1712]:Current: 1
[m[09:02:48:816 [1;32mINFO[m-]:print_widget[1802]:-----------------END
[m[09:02:48:867 [1;32mINFO[m-]:cameraInit[2688]:[m----------------------------------------------------------
[m[09:02:48:867 [1;32mINFO[m-]:print_widget[1702]:Label: Camera Manufacturer
[m[09:02:48:867 [1;32mINFO[m-]:print_widget[1703]:Readonly: 1
[m[09:02:48:867 [1;32mINFO[m-]:print_widget[1711]:Type: TEXT
[m[09:02:48:867 [1;32mINFO[m-]:print_widget[1712]:Current: RICOH IMAGING COMPANY, LTD.
[m[09:02:48:867 [1;32mINFO[m-]:print_widget[1802]:-----------------END
[m[09:02:48:878 [1;32mINFO[m-]:print_widget[1702]:Label: Camera Model
[m[09:02:48:878 [1;32mINFO[m-]:print_widget[1703]:Readonly: 1
[m[09:02:48:878 [1;32mINFO[m-]:print_widget[1711]:Type: TEXT
[m[09:02:48:878 [1;32mINFO[m-]:print_widget[1712]:Current: PENTAX K-1 Mark II
[m[09:02:48:878 [1;32mINFO[m-]:print_widget[1802]:-----------------END
[m[09:02:48:888 [1;32mINFO[m-]:cameraInit[2703]:[m----------------------------------------------------------
---- size 768   type 5 
7358.072638 gp_camera_get_single_config [gphoto2-camera.c:925](0): 'camera->functions->get_single_config ( camera, name, widget, context)' failed: -2
[m[09:02:54:742 [1;32mINFO[m-]:checkWidgetForName[2783]:[0;32;31m---- shutterspeed not found in configuration tree. 
7363.926650 gp_camera_get_single_config [gphoto2-camera.c:925](0): 'camera->functions->get_single_config ( camera, name, widget, context)' failed: -2
[m[09:03:00:982 [1;32mINFO[m-]:checkWidgetForName[2783]:[0;32;31m---- manualfocusdrive not found in configuration tree. 
7370.167003 gp_camera_get_single_config [gphoto2-camera.c:925](0): 'camera->functions->get_single_config ( camera, name, widget, context)' failed: -2
[m[09:03:06:799 [1;32mINFO[m-]:checkWidgetForName[2783]:[0;32;31m---- autofocusdrive not found in configuration tree. 
7375.983750 gp_camera_get_single_config [gphoto2-camera.c:925](0): 'camera->functions->get_single_config ( camera, name, widget, context)' failed: -2
[m[09:03:12:992 [1;32mINFO[m-]:checkWidgetForName[2783]:[0;32;31m---- aperture not found in configuration tree. 
7382.176562 gp_camera_get_single_config [gphoto2-camera.c:925](0): 'camera->functions->get_single_config ( camera, name, widget, context)' failed: -2
[m[09:03:19:000 [1;32mINFO[m-]:checkWidgetForName[2783]:[0;32;31m---- imageformat not found in configuration tree. 
[m[09:03:19:010 [1;32mINFO[m-]:cameraInit[2708]:[m----------------------------------------------------------
[m[09:03:19:020 [1;32mINFO[m-]:cameraInit[2713]:[m-----------------------------------------------------------
[m[09:03:19:020 [1;32mINFO[m-]:sp_Gphoto_Init[147]:----sp_Gphoto_Init ret 0 
[m[09:03:19:121 [1;32mINFO[m-]:updateCameraViewFinder[3564]:[0;32;31m----updateViewFinder 
7388.305296 gp_camera_get_single_config [gphoto2-camera.c:925](0): 'camera->functions->get_single_config ( camera, name, widget, context)' failed: -2
[m[09:03:24:576 [1;32mINFO[m-]:updateCameraViewFinder[3625]:----updateViewFinder enable:1  ret:-1 
[m[09:03:24:777 [1;32mINFO[m-]:sp_Gphoto_Init[156]:[0;32;31m----enableViewFinder ret -1 
[m[09:03:24:777 [1;32mINFO[m-]:updateCameraAutoFocus[3633]:[0;32;31m----updateCameraAutoFocus 0
7393.961556 gp_camera_get_single_config [gphoto2-camera.c:925](0): 'camera->functions->get_single_config ( camera, name, widget, context)' failed: -2
[m[09:03:30:320 [1;32mINFO[m-]:updateCameraAutoFocus[3703]:----updateCameraAutoFocus enable:0  ret:-1 
[m[09:03:30:420 [1;32mINFO[m-]:camera_autoFocus_enable[797]:[0;32;31m----camera_autoFocus_enable  0
[m[09:03:30:420 [1;32mINFO[m-]:sp_Gphoto_Init[164]:[0;32;31m----updateCameraAutoFocus ret -1 
7399.604828 gp_camera_get_single_config [gphoto2-camera.c:925](0): 'camera->functions->get_single_config ( camera, name, widget, context)' failed: -2
[m[09:03:35:879 [1;32mINFO[m-]:deal_camera_control_handler[2856]:[0;32;31m----camera_control_handler command 29  info manualfocus ret -1 
[m[09:03:35:879 [1;32mINFO[m-]:getCameraStorageStatus[1898]:[0;32;31m----getCameraStorageStatus 2
7405.063330 gp_camera_get_single_config [gphoto2-camera.c:925](0): 'camera->functions->get_single_config ( camera, name, widget, context)' failed: -2
[m[09:03:41:907 [1;32mINFO[m-]:deal_camera_control_handler[2856]:[0;32;31m----camera_control_handler command 30  info capturetarget=1 ret -1 
7411.192105 gp_camera_get_single_config [gphoto2-camera.c:925](0): 'camera->functions->get_single_config ( camera, name, widget, context)' failed: -2
[m[09:03:47:889 [1;32mINFO[m-]:deal_camera_control_handler[2856]:[0;32;31m----camera_control_handler command 29  info capturetarget ret -1 
[m[09:03:47:890 [1;32mINFO[m-]:enableCaptureTarget[114]:[0;32;31m----enableCaptureTarget  new target:  status: -1
[m[09:03:47:890 [1;32mINFO[m-]:enableCaptureTarget[126]:[0;32;31m----enableCaptureTarget  cInfo:capturetarget=1  ret:-1  onlyJpg:0 
[m[09:03:47:900 [1;32mINFO[m-]:current_shutter[1719]:[0;32;31m----get_current_shutter 111  0 
7417.084264 gp_camera_get_single_config [gphoto2-camera.c:925](0): 'camera->functions->get_single_config ( camera, name, widget, context)' failed: -2
[m[09:03:53:744 [1;32mINFO[m-]:deal_camera_control_handler[2856]:[0;32;31m----camera_control_handler command 29  info shutterspeed ret -1 
[m[09:03:53:744 [1;32mINFO[m-]:current_shutter[1724]:[0;32;31m----get_current_shutter 22 -1
[m[09:03:53:745 [1;32mINFO[m-]:current_shutter[1735]:[0;32;31m----current_shutter  configInfo:s:-1;  ret:-1  sValue  
[m[09:03:53:745 [1;32mINFO[m-]:get_current_shutter[1704]:[0;32;31m----get_current_shutter  configInfo:s:-1;  ret:-1 
[m[09:03:53:946 [1;32mINFO[m-]:getCameraStorageStatus[1898]:[0;32;31m----getCameraStorageStatus 2
[m[09:03:53:947 [1;32mINFO[m-]:send_ipc_msg_retry[80]:[0;32;32m------SP_sendMsg success; id[98307] type[1],code[286],val[manufacturer:ricoh imaging company, ltd.;model:pentax k-1 mark ii;state:1;storage:2;photoFormat:2;]
[m[m[09:03:53:947 [1;32mINFO[m-]:sp_Gphoto_Init[190]:----sp_Gphoto_Init_finish 
 
 
 
 
 
 
[m[09:03:53:947 [1;32mINFO[m-]:spGphotoRest[506]:[0;32;31m----spGphotoRest ok  
[m[09:03:53:947 [1;32mINFO[m-]:recv_ipc_msg[129]:[0;32;32m------ recv_ipc_msg success; msg_id [65538] type[4],code[282],val[urer:ricoh imaging company, ltd.;model:pentax k-1 mark ii;state:1;storage:2;photoFormat:2;]
[m[spc_ipc_message_handler]     [1;33m--- spc_ipc_message_handler --- type: 4 command: 282  data: urer:ricoh imaging company, ltd.;model:pentax k-1 mark ii;state:1;storage:2;photoFormat:2;   --_isInit 1 
7423.132037 gp_camera_get_single_config [gphoto2-camera.c:925](0): 'camera->functions->get_single_config ( camera, name, widget, context)' failed: -2
[m[09:03:59:900 [1;32mINFO[m-]:deal_camera_control_handler[2856]:[0;32;31m----camera_control_handler command 29  info imagequality ret -1 
[m[09:03:59:900 [1;32mINFO[m-]:getCameraImageFormat[1770]:[0;32;31m----getImageFormat   type 0
[m[09:03:59:901 [1;32mINFO[m-]:send_ipc_msg_retry[80]:[0;32;32m------SP_sendMsg success; id[98307] type[1],code[282],val[format:0;]
[m7435.232811 gp_camera_get_single_config [gphoto2-camera.c:925](0): 'camera->functions->get_single_config ( camera, name, widget, context)' failed: -2
[m[09:04:07:709 [1;32mINFO[m-]:camera_connected_to_app[1634]:[0;32;31m----camera_connected_to_app connected:1 
on client close..........1 
[m[09:04:07:710 [1;32mINFO[m-]:camera_connected_to_app[1634]:[0;32;31m----camera_connected_to_app connected:0 
[m[09:04:07:742 [1;32mINFO[m-]:camera_connected_to_app[1634]:[0;32;31m----camera_connected_to_app connected:1 
on client close..........1 
[m[09:04:07:744 [1;32mINFO[m-]:camera_connected_to_app[1634]:[0;32;31m----camera_connected_to_app connected:0 
[m[09:04:07:790 [1;32mINFO[m-]:camera_connected_to_app[1634]:[0;32;31m----camera_connected_to_app connected:1 
[m[09:04:07:838 [1;32mINFO[m-]:camera_connected_to_app[1634]:[0;32;31m----camera_connected_to_app connected:1 
on client close..........2 
7441.201483 gp_camera_get_single_config [gphoto2-camera.c:925](0): 'camera->functions->get_single_config ( camera, name, widget, context)' failed: -2
7447.224303 gp_camera_get_single_config [gphoto2-camera.c:925](0): 'camera->functions->get_single_config ( camera, name, widget, context)' failed: -2
7453.151367 gp_camera_get_single_config [gphoto2-camera.c:925](0): 'camera->functions->get_single_config ( camera, name, widget, context)' failed: -2
[m[09:04:27:312 [1;32mINFO[m-]:recv_ipc_msg[129]:[0;32;32m------ recv_ipc_msg success; msg_id [65538] type[1],code[265],val[-1]
[m[spc_ipc_message_handler]     [1;33m--- spc_ipc_message_handler --- type: 1 command: 265  data: -1   --_isInit 1 
[m[09:04:27:325 [1;32mINFO[m-]:camera_connected_to_app[1634]:[0;32;31m----camera_connected_to_app connected:1 
on client close..........2 
--- waitCameraIdle busy  
[m[09:04:28:343 [1;32mINFO[m-]:getCameraConfig[724]:[0;32;31m----getCameraConfig from local configType 0  ret 0 
[m[09:04:28:343 [1;32mINFO[m-]:getCameraConfig[734]:[0;32;31m----getCameraConfig configType 0  ret 0 
[m[09:04:28:343 [1;32mINFO[m-]:send_ipc_msg_retry[80]:[0;32;32m------SP_sendMsg success; id[98307] type[1],code[265],val[RD:0;V:;R:;]
[m[m[09:04:28:344 [1;32mINFO[m-]:recv_ipc_msg[129]:[0;32;32m------ recv_ipc_msg success; msg_id [65538] type[1],code[268],val[-1]
[m[spc_ipc_message_handler]     [1;33m--- spc_ipc_message_handler --- type: 1 command: 268  data: -1   --_isInit 1 
[m[09:04:28:952 [1;32mINFO[m-]:camera_connected_to_app[1634]:[0;32;31m----camera_connected_to_app connected:1 
on client close..........2 
--- waitCameraIdle busy  
[m[09:04:29:379 [1;32mINFO[m-]:getCameraConfig[724]:[0;32;31m----getCameraConfig from local configType 3  ret 0 
[m[09:04:29:379 [1;32mINFO[m-]:getCameraConfig[734]:[0;32;31m----getCameraConfig configType 3  ret 0 
[m[09:04:29:379 [1;32mINFO[m-]:send_ipc_msg_retry[80]:[0;32;32m------SP_sendMsg success; id[98307] type[1],code[268],val[RD:0;V:;R:;]
[m[m[09:04:29:380 [1;32mINFO[m-]:recv_ipc_msg[129]:[0;32;32m------ recv_ipc_msg success; msg_id [65538] type[1],code[275],val[-1]
[m[spc_ipc_message_handler]     [1;33m--- spc_ipc_message_handler --- type: 1 command: 275  data: -1   --_isInit 1 
7459.238339 gp_camera_get_single_config [gphoto2-camera.c:925](0): 'camera->functions->get_single_config ( camera, name, widget, context)' failed: -2
--- waitCameraIdle busy  
[m[09:04:30:411 [1;32mINFO[m-]:getCameraConfig[724]:[0;32;31m----getCameraConfig from local configType 7  ret 0 
[m[09:04:30:411 [1;32mINFO[m-]:getCameraConfig[734]:[0;32;31m----getCameraConfig configType 7  ret 0 
[m[09:04:30:411 [1;32mINFO[m-]:send_ipc_msg_retry[80]:[0;32;32m------SP_sendMsg success; id[98307] type[1],code[275],val[RD:0;V:;R:;]
[m[m[09:04:30:413 [1;32mINFO[m-]:recv_ipc_msg[129]:[0;32;32m------ recv_ipc_msg success; msg_id [65538] type[1],code[267],val[-1]
[m[spc_ipc_message_handler]     [1;33m--- spc_ipc_message_handler --- type: 1 command: 267  data: -1   --_isInit 1 
--- waitCameraIdle busy  
[m[09:04:31:453 [1;32mINFO[m-]:getCameraConfig[724]:[0;32;31m----getCameraConfig from local configType 2  ret 0 
[m[09:04:31:453 [1;32mINFO[m-]:getCameraConfig[734]:[0;32;31m----getCameraConfig configType 2  ret 0 
[m[09:04:31:453 [1;32mINFO[m-]:send_ipc_msg_retry[80]:[0;32;32m------SP_sendMsg success; id[98307] type[1],code[267],val[RD:0;V:;R:;]
[m[m[09:04:31:454 [1;32mINFO[m-]:recv_ipc_msg[129]:[0;32;32m------ recv_ipc_msg success; msg_id [65538] type[1],code[266],val[-1]
[m[spc_ipc_message_handler]     [1;33m--- spc_ipc_message_handler --- type: 1 command: 266  data: -1   --_isInit 1 
--- waitCameraIdle busy  
[m[09:04:32:487 [1;32mINFO[m-]:getCameraConfig[724]:[0;32;31m----getCameraConfig from local configType 1  ret 0 
[m[09:04:32:487 [1;32mINFO[m-]:getCameraConfig[734]:[0;32;31m----getCameraConfig configType 1  ret 0 
[m[09:04:32:487 [1;32mINFO[m-]:send_ipc_msg_retry[80]:[0;32;32m------SP_sendMsg success; id[98307] type[1],code[266],val[RD:0;V:;R:;]
[m[m[09:04:34:837 [1;32mINFO[m-]:camera_connected_to_app[1634]:[0;32;31m----camera_connected_to_app connected:1 
[m[09:04:34:919 [1;32mINFO[m-]:camera_connected_to_app[1634]:[0;32;31m----camera_connected_to_app connected:1 
on client close..........3 
[m[09:04:35:316 [1;32mINFO[m-]:camera_connected_to_app[1634]:[0;32;31m----camera_connected_to_app connected:1 
on client close..........3 
[m[09:04:35:920 [1;32mINFO[m-]:recv_ipc_msg[129]:[0;32;32m------ recv_ipc_msg success; msg_id [65538] type[4],code[282],val[urer:ricoh imaging company, ltd.;model:pentax k-1 mark ii;state:1;storage:2;photoFormat:2;]
[m[spc_ipc_message_handler]     [1;33m--- spc_ipc_message_handler --- type: 4 command: 282  data: urer:ricoh imaging company, ltd.;model:pentax k-1 mark ii;state:1;storage:2;photoFormat:2;   --_isInit 1 
7465.494307 gp_camera_get_single_config [gphoto2-camera.c:925](0): 'camera->functions->get_single_config ( camera, name, widget, context)' failed: -2
--- waitCameraIdle busy  
--- waitCameraIdle busy  
--- waitCameraIdle busy  
[m[09:04:40:364 [1;32mINFO[m-]:camera_connected_to_app[1634]:[0;32;31m----camera_connected_to_app connected:1 
--- waitCameraIdle busy  
--- waitCameraIdle busy  
[m[09:04:41:812 [1;32mINFO[m-]:deal_camera_control_handler[2856]:[0;32;31m----camera_control_handler command 29  info imagequality ret -1 
[m[09:04:41:812 [1;32mINFO[m-]:getCameraImageFormat[1770]:[0;32;31m----getImageFormat   type 0
[m[09:04:41:813 [1;32mINFO[m-]:send_ipc_msg_retry[80]:[0;32;32m------SP_sendMsg success; id[98307] type[1],code[282],val[format:0;]
[m[m[09:04:41:814 [1;32mINFO[m-]:recv_ipc_msg[129]:[0;32;32m------ recv_ipc_msg success; msg_id [65538] type[1],code[265],val[-1]
[m[spc_ipc_message_handler]     [1;33m--- spc_ipc_message_handler --- type: 1 command: 265  data: -1   --_isInit 1 
Pentax preview stage read-PC-LV returned 0x02ff.
--- waitCameraIdle busy  
[m[09:04:42:845 [1;32mINFO[m-]:getCameraConfig[724]:[0;32;31m----getCameraConfig from local configType 0  ret 0 
[m[09:04:42:845 [1;32mINFO[m-]:getCameraConfig[734]:[0;32;31m----getCameraConfig configType 0  ret 0 
[m[09:04:42:845 [1;32mINFO[m-]:send_ipc_msg_retry[80]:[0;32;32m------SP_sendMsg success; id[98307] type[1],code[265],val[RD:0;V:;R:;]
[m[m[09:04:42:846 [1;32mINFO[m-]:recv_ipc_msg[129]:[0;32;32m------ recv_ipc_msg success; msg_id [65538] type[1],code[268],val[-1]
[m[spc_ipc_message_handler]     [1;33m--- spc_ipc_message_handler --- type: 1 command: 268  data: -1   --_isInit 1 
Pentax preview stage start-PC-LV returned 0x2001.
Pentax preview stage get-frame returned 0x2001 (31949 bytes, 20 attempts, 651 ms).
--- waitCameraIdle busy  
[m[09:04:43:877 [1;32mINFO[m-]:getCameraConfig[724]:[0;32;31m----getCameraConfig from local configType 3  ret 0 
[m[09:04:43:877 [1;32mINFO[m-]:getCameraConfig[734]:[0;32;31m----getCameraConfig configType 3  ret 0 
[m[09:04:43:878 [1;32mINFO[m-]:send_ipc_msg_retry[80]:[0;32;32m------SP_sendMsg success; id[98307] type[1],code[268],val[RD:0;V:;R:;]
[m[m[09:04:43:879 [1;32mINFO[m-]:recv_ipc_msg[129]:[0;32;32m------ recv_ipc_msg success; msg_id [65538] type[1],code[275],val[-1]
[m[spc_ipc_message_handler]     [1;33m--- spc_ipc_message_handler --- type: 1 command: 275  data: -1   --_isInit 1 
--- waitCameraIdle busy  
[m[09:04:44:910 [1;32mINFO[m-]:getCameraConfig[724]:[0;32;31m----getCameraConfig from local configType 7  ret 0 
[m[09:04:44:910 [1;32mINFO[m-]:getCameraConfig[734]:[0;32;31m----getCameraConfig configType 7  ret 0 
[m[09:04:44:910 [1;32mINFO[m-]:send_ipc_msg_retry[80]:[0;32;32m------SP_sendMsg success; id[98307] type[1],code[275],val[RD:0;V:;R:;]
[m[m[09:04:44:911 [1;32mINFO[m-]:recv_ipc_msg[129]:[0;32;32m------ recv_ipc_msg success; msg_id [65538] type[1],code[267],val[-1]
[m[spc_ipc_message_handler]     [1;33m--- spc_ipc_message_handler --- type: 1 command: 267  data: -1   --_isInit 1 
7474.367495 gp_camera_get_single_config [gphoto2-camera.c:925](0): 'camera->functions->get_single_config ( camera, name, widget, context)' failed: -2
[m[09:04:45:930 [1;32mINFO[m-]:camera_connected_to_app[1634]:[0;32;31m----camera_connected_to_app connected:1 
on client close..........4 
--- waitCameraIdle busy  
[m[09:04:46:524 [1;32mINFO[m-]:camera_connected_to_app[1634]:[0;32;31m----camera_connected_to_app connected:1 
--- waitCameraIdle busy  
--- waitCameraIdle busy  
--- waitCameraIdle busy  
--- waitCameraIdle busy  
[m[09:04:51:006 [1;32mINFO[m-]:deal_camera_control_handler[2856]:[0;32;31m----camera_control_handler command 29  info exposurecompensation ret -1 
[m[09:04:51:008 [1;32mINFO[m-]:recv_ipc_msg[129]:[0;32;32m------ recv_ipc_msg success; msg_id [65538] type[1],code[266],val[-1]
[m[spc_ipc_message_handler]     [1;33m--- spc_ipc_message_handler --- type: 1 command: 266  data: -1   --_isInit 1 
Pentax preview stage read-PC-LV returned 0x02ff.
--- waitCameraIdle busy  
[m[09:04:52:038 [1;32mINFO[m-]:getCameraConfig[724]:[0;32;31m----getCameraConfig from local configType 1  ret 0 
[m[09:04:52:038 [1;32mINFO[m-]:getCameraConfig[734]:[0;32;31m----getCameraConfig configType 1  ret 0 
[m[09:04:52:039 [1;32mINFO[m-]:send_ipc_msg_retry[80]:[0;32;32m------SP_sendMsg success; id[98307] type[1],code[266],val[RD:0;V:;R:;]
[m[m[09:04:52:040 [1;32mINFO[m-]:recv_ipc_msg[129]:[0;32;32m------ recv_ipc_msg success; msg_id [65538] type[1],code[265],val[-1]
[m[spc_ipc_message_handler]     [1;33m--- spc_ipc_message_handler --- type: 1 command: 265  data: -1   --_isInit 1 
[m[09:04:52:076 [1;32mINFO[m-]:camera_connected_to_app[1634]:[0;32;31m----camera_connected_to_app connected:1 
Pentax preview stage start-PC-LV returned 0x2001.
Pentax preview stage get-frame returned 0x2001 (29418 bytes, 9 attempts, 272 ms).
--- waitCameraIdle busy  
[m[09:04:53:071 [1;32mINFO[m-]:getCameraConfig[724]:[0;32;31m----getCameraConfig from local configType 0  ret 0 
[m[09:04:53:071 [1;32mINFO[m-]:getCameraConfig[734]:[0;32;31m----getCameraConfig configType 0  ret 0 
[m[09:04:53:072 [1;32mINFO[m-]:send_ipc_msg_retry[80]:[0;32;32m------SP_sendMsg success; id[98307] type[1],code[265],val[RD:0;V:;R:;]
[m[m[09:04:53:073 [1;32mINFO[m-]:recv_ipc_msg[129]:[0;32;32m------ recv_ipc_msg success; msg_id [65538] type[1],code[268],val[-1]
[m[spc_ipc_message_handler]     [1;33m--- spc_ipc_message_handler --- type: 1 command: 268  data: -1   --_isInit 1 
7483.143389 gp_camera_get_single_config [gphoto2-camera.c:925](0): 'camera->functions->get_single_config ( camera, name, widget, context)' failed: -2
----handle_sign_pipe
on client close..........5 
--- waitCameraIdle busy  
on client close..........4 
--- waitCameraIdle busy  
--- waitCameraIdle busy  
--- waitCameraIdle busy  
--- waitCameraIdle busy  
7488.870809 gp_camera_get_single_config [gphoto2-camera.c:925](0): 'camera->functions->get_single_config ( camera, name, widget, context)' failed: -2
[m[09:04:59:687 [1;32mINFO[m-]:recv_ipc_msg[129]:[0;32;32m------ recv_ipc_msg success; msg_id [65538] type[1],code[275],val[-1]
[m[spc_ipc_message_handler]     [1;33m--- spc_ipc_message_handler --- type: 1 command: 275  data: -1   --_isInit 1 
[m[09:04:59:843 [1;32mINFO[m-]:camera_connected_to_app[1634]:[0;32;31m----camera_connected_to_app connected:1 
--- waitCameraIdle busy  
[m[09:05:00:718 [1;32mINFO[m-]:getCameraConfig[724]:[0;32;31m----getCameraConfig from local configType 7  ret 0 
[m[09:05:00:718 [1;32mINFO[m-]:getCameraConfig[734]:[0;32;31m----getCameraConfig configType 7  ret 0 
[m[09:05:00:718 [1;32mINFO[m-]:send_ipc_msg_retry[80]:[0;32;32m------SP_sendMsg success; id[98307] type[1],code[275],val[RD:0;V:;R:;]
[m[m[09:05:00:720 [1;32mINFO[m-]:recv_ipc_msg[129]:[0;32;32m------ recv_ipc_msg success; msg_id [65538] type[1],code[267],val[-1]
[m[spc_ipc_message_handler]     [1;33m--- spc_ipc_message_handler --- type: 1 command: 267  data: -1   --_isInit 1 
--- waitCameraIdle busy  
[m[09:05:01:751 [1;32mINFO[m-]:getCameraConfig[724]:[0;32;31m----getCameraConfig from local configType 2  ret 0 
[m[09:05:01:751 [1;32mINFO[m-]:getCameraConfig[734]:[0;32;31m----getCameraConfig configType 2  ret 0 
[m[09:05:01:751 [1;32mINFO[m-]:send_ipc_msg_retry[80]:[0;32;32m------SP_sendMsg success; id[98307] type[1],code[267],val[RD:0;V:;R:;]
[m[m[09:05:01:753 [1;32mINFO[m-]:recv_ipc_msg[129]:[0;32;32m------ recv_ipc_msg success; msg_id [65538] type[1],code[266],val[-1]
[m[spc_ipc_message_handler]     [1;33m--- spc_ipc_message_handler --- type: 1 command: 266  data: -1   --_isInit 1 
--- waitCameraIdle busy  
[m[09:05:02:783 [1;32mINFO[m-]:getCameraConfig[724]:[0;32;31m----getCameraConfig from local configType 1  ret 0 
[m[09:05:02:784 [1;32mINFO[m-]:getCameraConfig[734]:[0;32;31m----getCameraConfig configType 1  ret 0 
[m[09:05:02:784 [1;32mINFO[m-]:send_ipc_msg_retry[80]:[0;32;32m------SP_sendMsg success; id[98307] type[1],code[266],val[RD:0;V:;R:;]
[m[m[09:05:02:785 [1;32mINFO[m-]:recv_ipc_msg[129]:[0;32;32m------ recv_ipc_msg success; msg_id [65538] type[1],code[261],val[s:0;]
[m[spc_ipc_message_handler]     [1;33m--- spc_ipc_message_handler --- type: 1 command: 261  data: s:0;   --_isInit 1 
--- waitCameraIdle busy  
[m[09:05:03:816 [1;32mINFO[m-]:setCameraConfigWithCommand[754]:[0;32;31m----setCameraConfig configType 3  value: 0 ret -2110 
[m[09:05:03:816 [1;32mINFO[m-]:send_ipc_msg_retry[80]:[0;32;32m------SP_sendMsg success; id[98307] type[1],code[261],val[s:0;ret:-2110;]
[m[m[09:05:03:817 [1;32mINFO[m-]:recv_ipc_msg[129]:[0;32;32m------ recv_ipc_msg success; msg_id [65538] type[1],code[276],val[fNum:0;]
[m[spc_ipc_message_handler]     [1;33m--- spc_ipc_message_handler --- type: 1 command: 276  data: fNum:0;   --_isInit 1 
--- waitCameraIdle busy  
[m[09:05:04:848 [1;32mINFO[m-]:setCameraConfigWithCommand[754]:[0;32;31m----setCameraConfig configType 7  value: 0 ret -2110 
[m[09:05:05:408 [1;32mINFO[m-]:camera_connected_to_app[1634]:[0;32;31m----camera_connected_to_app connected:1 
--- waitCameraIdle busy  
[m[09:05:05:891 [1;32mINFO[m-]:setCameraConfigWithCommand[754]:[0;32;31m----setCameraConfig configType 8  value: 0 ret -2110 
[m[09:05:05:891 [1;32mINFO[m-]:camera_set_aperture[790]:[0;32;31m----camera_set_aperture configType 8  value: 0 ret -2110 
[m[09:05:05:891 [1;32mINFO[m-]:send_ipc_msg_retry[80]:[0;32;32m------SP_sendMsg success; id[98307] type[1],code[276],val[fNum:0;ret:-2110;]
[m[m[09:05:05:892 [1;32mINFO[m-]:recv_ipc_msg[129]:[0;32;32m------ recv_ipc_msg success; msg_id [65538] type[1],code[265],val[-1]
[m[spc_ipc_message_handler]     [1;33m--- spc_ipc_message_handler --- type: 1 command: 265  data: -1   --_isInit 1 
7495.110093 gp_camera_get_single_config [gphoto2-camera.c:925](0): 'camera->functions->get_single_config ( camera, name, widget, context)' failed: -2
--- waitCameraIdle busy  
--- waitCameraIdle busy  
--- waitCameraIdle busy  
--- waitCameraIdle busy  
[m[09:05:10:965 [1;32mINFO[m-]:camera_connected_to_app[1634]:[0;32;31m----camera_connected_to_app connected:1 
--- waitCameraIdle busy  
[m[09:05:11:550 [1;32mINFO[m-]:deal_camera_control_handler[2856]:[0;32;31m----camera_control_handler command 29  info iso ret -1 
[m[09:05:11:552 [1;32mINFO[m-]:recv_ipc_msg[129]:[0;32;32m------ recv_ipc_msg success; msg_id [65538] type[1],code[268],val[-1]
[m[spc_ipc_message_handler]     [1;33m--- spc_ipc_message_handler --- type: 1 command: 268  data: -1   --_isInit 1 
7500.736227 gp_camera_get_single_config [gphoto2-camera.c:925](0): 'camera->functions->get_single_config ( camera, name, widget, context)' failed: -2
--- waitCameraIdle busy  
--- waitCameraIdle busy  
--- waitCameraIdle busy  
--- waitCameraIdle busy  
--- waitCameraIdle busy  
[m[09:05:16:521 [1;32mINFO[m-]:camera_connected_to_app[1634]:[0;32;31m----camera_connected_to_app connected:1 
[m[09:05:17:190 [1;32mINFO[m-]:deal_camera_control_handler[2856]:[0;32;31m----camera_control_handler command 29  info shutterspeed ret -1 
[m[09:05:17:191 [1;32mINFO[m-]:recv_ipc_msg[129]:[0;32;32m------ recv_ipc_msg success; msg_id [65538] type[1],code[275],val[-1]
[m[spc_ipc_message_handler]     [1;33m--- spc_ipc_message_handler --- type: 1 command: 275  data: -1   --_isInit 1 
7506.375498 gp_camera_get_single_config [gphoto2-camera.c:925](0): 'camera->functions->get_single_config ( camera, name, widget, context)' failed: -2
--- waitCameraIdle busy  
--- waitCameraIdle busy  
--- waitCameraIdle busy  
--- waitCameraIdle busy  
--- waitCameraIdle busy  
7510.994401 gp_camera_get_single_config [gphoto2-camera.c:925](0): 'camera->functions->get_single_config ( camera, name, widget, context)' failed: -2
--- waitCameraIdle busy  
[m[09:05:22:938 [1;32mINFO[m-]:getCameraConfig[724]:[0;32;31m----getCameraConfig from local configType 8  ret 0 
[m[09:05:22:938 [1;32mINFO[m-]:getCameraConfig[734]:[0;32;31m----getCameraConfig configType 8  ret 0 
[m[09:05:22:939 [1;32mINFO[m-]:send_ipc_msg_retry[80]:[0;32;32m------SP_sendMsg success; id[98307] type[1],code[275],val[RD:0;V:;R:;]
[m[m[09:05:22:940 [1;32mINFO[m-]:recv_ipc_msg[129]:[0;32;32m------ recv_ipc_msg success; msg_id [65538] type[1],code[267],val[-1]
[m[spc_ipc_message_handler]     [1;33m--- spc_ipc_message_handler --- type: 1 command: 267  data: -1   --_isInit 1 
[m[09:05:23:726 [1;32mINFO[m-]:camera_connected_to_app[1634]:[0;32;31m----camera_connected_to_app connected:1 
--- waitCameraIdle busy  
[m[09:05:23:971 [1;32mINFO[m-]:getCameraConfig[724]:[0;32;31m----getCameraConfig from local configType 2  ret 0 
[m[09:05:23:971 [1;32mINFO[m-]:getCameraConfig[734]:[0;32;31m----getCameraConfig configType 2  ret 0 
[m[09:05:23:972 [1;32mINFO[m-]:send_ipc_msg_retry[80]:[0;32;32m------SP_sendMsg success; id[98307] type[1],code[267],val[RD:0;V:;R:;]
[m[m[09:05:23:973 [1;32mINFO[m-]:recv_ipc_msg[129]:[0;32;32m------ recv_ipc_msg success; msg_id [65538] type[1],code[266],val[-1]
[m[spc_ipc_message_handler]     [1;33m--- spc_ipc_message_handler --- type: 1 command: 266  data: -1   --_isInit 1 
--- waitCameraIdle busy  
[m[09:05:25:007 [1;32mINFO[m-]:getCameraConfig[724]:[0;32;31m----getCameraConfig from local configType 1  ret 0 
[m[09:05:25:007 [1;32mINFO[m-]:getCameraConfig[734]:[0;32;31m----getCameraConfig configType 1  ret 0 
[m[09:05:25:007 [1;32mINFO[m-]:send_ipc_msg_retry[80]:[0;32;32m------SP_sendMsg success; id[98307] type[1],code[266],val[RD:0;V:;R:;]
[m[m[09:05:25:008 [1;32mINFO[m-]:recv_ipc_msg[129]:[0;32;32m------ recv_ipc_msg success; msg_id [65538] type[4],code[264],val[state:1;focus:-1000;leve:1;b:0;path:/app/sd/normal/SP_0001.jpg;c:-1]
[m[spc_ipc_message_handler]     [1;33m--- spc_ipc_message_handler --- type: 4 command: 264  data: state:1;focus:-1000;leve:1;b:0;path:/app/sd/normal/SP_0001.jpg;c:-1   --_isInit 1 
[m[09:05:25:009 [1;32mINFO[m-]:send_ipc_msg_retry[80]:[0;32;32m------SP_sendMsg success; id[98307] type[1],code[264],val[state:1;/app/sd/normal/SP_0001.jpg]
[m[m[09:05:25:009 [1;32mINFO[m-]:captureImage[1485]:[0;32;31m----will captureImage status:1  focus:-1000  sPath:/app/sd/normal/SP_0001.jpg
[m[09:05:25:010 [1;32mINFO[m-]:current_shutter[1719]:[0;32;31m----get_current_shutter 111  0 
--- waitCameraIdle busy  
[m[09:05:26:041 [1;32mINFO[m-]:current_shutter[1724]:[0;32;31m----get_current_shutter 22 -2110
[m[09:05:26:041 [1;32mINFO[m-]:current_shutter[1735]:[0;32;31m----current_shutter  configInfo:s:-1;  ret:-2110  sValue  
7515.684060 gp_camera_get_single_config [gphoto2-camera.c:925](0): 'camera->functions->get_single_config ( camera, name, widget, context)' failed: -2
--- waitCameraIdle busy  
--- waitCameraIdle busy  
[m[09:05:29:336 [1;32mINFO[m-]:camera_connected_to_app[1634]:[0;32;31m----camera_connected_to_app connected:1 
[m[09:05:30:952 [1;32mINFO[m-]:deal_camera_control_handler[2856]:[0;32;31m----camera_control_handler command 29  info imageformat ret -1 
7520.136852 gp_camera_get_single_config [gphoto2-camera.c:925](0): 'camera->functions->get_single_config ( camera, name, widget, context)' failed: -2
[m[09:05:34:892 [1;32mINFO[m-]:camera_connected_to_app[1634]:[0;32;31m----camera_connected_to_app connected:1 
[m[09:05:35:631 [1;32mINFO[m-]:deal_camera_control_handler[2856]:[0;32;31m----camera_control_handler command 29  info imagequality ret -1 
[m[09:05:35:631 [1;32mINFO[m-]:numOfCaptureImage[3018]:----numOfCaptureImage  2
[m[09:05:35:631 [1;32mINFO[m-]:capture_image[3076]:----capture
[m[09:05:35:631 [1;32mINFO[m-]:clearCameraEvent[3026]:----clearCameraEvent  
[m[09:05:35:661 [1;32mINFO[m-]:capture_image[3092]:---- will CAPTURE_IMAGE  
[m[09:05:40:448 [1;32mINFO[m-]:camera_connected_to_app[1634]:[0;32;31m----camera_connected_to_app connected:1 
[m[09:05:46:008 [1;32mINFO[m-]:camera_connected_to_app[1634]:[0;32;31m----camera_connected_to_app connected:1 
[m[09:05:51:570 [1;32mINFO[m-]:camera_connected_to_app[1634]:[0;32;31m----camera_connected_to_app connected:1 
[m[09:05:55:900 [1;32mINFO[m-]:camera_connected_to_app[1634]:[0;32;31m----camera_connected_to_app connected:1 
[m[09:05:59:629 [1;32mINFO[m-]:camera_connected_to_app[1634]:[0;32;31m----camera_connected_to_app connected:1 
on client close..........15 
[m[09:06:01:233 [1;32mINFO[m-]:camera_connected_to_app[1634]:[0;32;31m----camera_connected_to_app connected:1 
on client close..........15 
[m[09:06:01:235 [1;32mINFO[m-]:camera_connected_to_app[1634]:[0;32;31m----camera_connected_to_app connected:1 
on client close..........15 
