[m[06:54:18:417 [1;32mINFO[m-]:send_ipc_msg_retry[82]:[0;32;32m-----SP_sendMsg Fail; id[98307] type[1],code[295],val[]
[m[m[06:54:19:417 [1;32mINFO[m-]:send_ipc_msg_retry[82]:[0;32;32m-----SP_sendMsg Fail; id[98307] type[1],code[295],val[]
[m[m[06:54:20:418 [1;32mINFO[m-]:send_ipc_msg_retry[82]:[0;32;32m-----SP_sendMsg Fail; id[98307] type[1],code[295],val[]
[m[m[06:54:21:418 [1;32mINFO[m-]:send_ipc_msg_retry[82]:[0;32;32m-----SP_sendMsg Fail; id[98307] type[1],code[295],val[]
[m[m[06:54:22:418 [1;32mINFO[m-]:send_ipc_msg_retry[82]:[0;32;32m-----SP_sendMsg Fail; id[98307] type[1],code[295],val[]
[m[m[06:54:23:418 [1;32mINFO[m-]:send_ipc_msg_retry[82]:[0;32;32m-----SP_sendMsg Fail; id[98307] type[1],code[295],val[]
[m[m[06:54:24:419 [1;32mINFO[m-]:send_ipc_msg_retry[82]:[0;32;32m-----SP_sendMsg Fail; id[98307] type[1],code[295],val[]
[m[m[06:54:25:419 [1;32mINFO[m-]:send_ipc_msg_retry[82]:[0;32;32m-----SP_sendMsg Fail; id[98307] type[1],code[295],val[]
[m[m[06:54:26:419 [1;32mINFO[m-]:send_ipc_msg_retry[82]:[0;32;32m-----SP_sendMsg Fail; id[98307] type[1],code[295],val[]
[m[m[06:54:27:419 [1;32mINFO[m-]:send_ipc_msg_retry[82]:[0;32;32m-----SP_sendMsg Fail; id[98307] type[1],code[295],val[]
[m[m[06:54:28:419 [1;32mINFO[m-]:send_ipc_msg_retry[82]:[0;32;32m-----SP_sendMsg Fail; id[98307] type[1],code[295],val[]
[m[m[06:54:29:420 [1;32mINFO[m-]:send_ipc_msg_retry[82]:[0;32;32m-----SP_sendMsg Fail; id[98307] type[1],code[295],val[]
[m[m[06:54:30:420 [1;32mINFO[m-]:send_ipc_msg_retry[82]:[0;32;32m-----SP_sendMsg Fail; id[98307] type[1],code[295],val[]
[m[m[06:54:31:420 [1;32mINFO[m-]:send_ipc_msg_retry[82]:[0;32;32m-----SP_sendMsg Fail; id[98307] type[1],code[295],val[]
[m[m[06:54:32:420 [1;32mINFO[m-]:send_ipc_msg_retry[82]:[0;32;32m-----SP_sendMsg Fail; id[98307] type[1],code[295],val[]
[m[m[06:54:33:420 [1;32mINFO[m-]:send_ipc_msg_retry[82]:[0;32;32m-----SP_sendMsg Fail; id[98307] type[1],code[295],val[]
[m[m[06:54:34:421 [1;32mINFO[m-]:send_ipc_msg_retry[82]:[0;32;32m-----SP_sendMsg Fail; id[98307] type[1],code[295],val[]
[m[m[06:54:35:421 [1;32mINFO[m-]:send_ipc_msg_retry[82]:[0;32;32m-----SP_sendMsg Fail; id[98307] type[1],code[295],val[]
[m[m[06:54:36:421 [1;32mINFO[m-]:send_ipc_msg_retry[82]:[0;32;32m-----SP_sendMsg Fail; id[98307] type[1],code[295],val[]
[m[m[06:54:37:421 [1;32mINFO[m-]:send_ipc_msg_retry[82]:[0;32;32m-----SP_sendMsg Fail; id[98307] type[1],code[295],val[]
[m[m[06:54:38:422 [1;32mINFO[m-]:send_ipc_msg_retry[82]:[0;32;32m-----SP_sendMsg Fail; id[98307] type[1],code[295],val[]
[m[m[06:54:39:422 [1;32mINFO[m-]:send_ipc_msg_retry[82]:[0;32;32m-----SP_sendMsg Fail; id[98307] type[1],code[295],val[]
[m[m[06:54:40:422 [1;32mINFO[m-]:send_ipc_msg_retry[82]:[0;32;32m-----SP_sendMsg Fail; id[98307] type[1],code[295],val[]
[m[m[06:54:41:422 [1;32mINFO[m-]:send_ipc_msg_retry[82]:[0;32;32m-----SP_sendMsg Fail; id[98307] type[1],code[295],val[]
[m[m[06:54:42:423 [1;32mINFO[m-]:send_ipc_msg_retry[82]:[0;32;32m-----SP_sendMsg Fail; id[98307] type[1],code[295],val[]
[m[m[06:54:43:423 [1;32mINFO[m-]:send_ipc_msg_retry[82]:[0;32;32m-----SP_sendMsg Fail; id[98307] type[1],code[295],val[]
[m[m[06:54:44:423 [1;32mINFO[m-]:send_ipc_msg_retry[82]:[0;32;32m-----SP_sendMsg Fail; id[98307] type[1],code[295],val[]
[m[m[06:54:45:423 [1;32mINFO[m-]:send_ipc_msg_retry[82]:[0;32;32m-----SP_sendMsg Fail; id[98307] type[1],code[295],val[]
[m[m[06:54:46:314 [1;32mINFO[m-]:camera_connected_to_app[1634]:[0;32;31m----camera_connected_to_app connected:1 
on client close..........3 
[m[06:54:46:324 [1;32mINFO[m-]:camera_connected_to_app[1634]:[0;32;31m----camera_connected_to_app connected:1 
on client close..........3 
[m[06:54:50:115 [1;32mINFO[m-]:recv_ipc_msg[129]:[0;32;32m------ recv_ipc_msg success; msg_id [65538] type[4],code[279],val[state:1;]
[m[spc_ipc_message_handler]     [1;33m--- spc_ipc_message_handler --- type: 4 command: 279  data: state:1;   --_isInit 1 
