2026-10-07T14:51:35Z TX 1&284&2&-100#
2026-10-07T14:51:35Z RX 284@mode:1;state:0;#
2026-10-07T14:51:35Z TX 1&820&2&-100#
2026-10-07T14:51:35Z RX 820@ret:-1;#
2026-10-07T14:51:35Z TX 1&823&2&app:openpolaris-canary-probe;ver:1;#
2026-10-07T14:51:35Z TX 1&286&2&-100#
2026-10-07T14:51:35Z RX 286@manufacturer:ricoh imaging company, ltd.;model:pentax k-3 mark iii;state:1;storage:2;photoFormat:2;#
2026-10-07T14:51:35Z CAMERA manufacturer:ricoh imaging company, ltd.;model:pentax k-3 mark iii;state:1;storage:2;photoFormat:2;
2026-10-07T14:51:35Z SUMMARY model=pentax k-3 mark iii state=1 photoFormat=2
2026-10-07T14:51:35Z TX 1&292&2&-100#
2026-10-07T14:51:35Z RX 292@state:1;#
2026-10-07T14:51:35Z PREVIEW initial_state=1
2026-10-07T14:51:35Z TX 1&260&2&ev:15;#
2026-10-07T14:51:35Z RX 265@RD:0;V:0;R:100,200,400,800,1600,3200,6400,12800,25600,51200,102400,204800,409600,819200,1600000,;#
2026-10-07T14:51:35Z RX 268@RD:0;V:54;R:1/8000,1/6400,1/5000,1/4000,1/3200,1/2500,1/2000,1/1600,1/1250,1/1000,1/800,1/640,1/500,1/400,1/320,1/250,1/200,1/160,1/125,1/100,1/80,1/60,1/50,1/40,1/30,1/25,1/20,1/15,1/13,1/10,1/8,1/6,1/5,1/4,3/10,4/10,5/10,6/10,8/10,00-01,13/10,16/10,00-02,25/10,00-03,00-04,00-05,00-06,00-08,00-10,00-13,00-15,00-20,00-25,00-30,;#
2026-10-07T14:51:35Z RX 275@RD:0;V:0;R:f/22,f/20,f/18,f/16,f/14,f/13,f/11,f/10,f/9,f/8,f/7.1,f/6.3,f/5.6,f/5,f/4.5,f/4,f/3.5,f/3.2,f/2.8,;#
2026-10-07T14:51:35Z RX 267@RD:0;V:24;R:5,4.7,4.3,4,3.7,3.3,3,2.7,2.3,2,1.7,1.3,1,0.7,0.3,0,-0.3,-0.7,-1,-1.3,-1.7,-2,-2.3,-2.7,-3,-3.3,-3.7,-4,-4.3,-4.7,-5,;#
2026-10-07T14:51:35Z RX 266@RD:0;V:0;R:Automatic,Daylight,Cloudy,Fluorescent- Daylight,Fluorescent- Day White,Fluorescent- White,Fluorescent- Tungsten,Tungsten,;#
2026-10-07T14:51:35Z RX 260@ev:15;ret:0;#
2026-10-07T14:51:35Z EV index=15 response=ev:15;ret:0;
2026-10-07T14:51:35Z TX 1&261&2&s:18;#
2026-10-07T14:51:35Z RX 284@mode:1;state:0;#
2026-10-07T14:51:35Z RX 517@yaw:2.936314;pitch:0.872760;roll:-0.525847;#
2026-10-07T14:51:35Z RX 261@s:18;ret:0;#
2026-10-07T14:51:35Z SHUTTER index=18 response=s:18;ret:0;
2026-10-07T14:51:35Z TX 1&268&2&-100#
2026-10-07T14:51:35Z RX 268@RD:0;V:54;R:1/8000,1/6400,1/5000,1/4000,1/3200,1/2500,1/2000,1/1600,1/1250,1/1000,1/800,1/640,1/500,1/400,1/320,1/250,1/200,1/160,1/125,1/100,1/80,1/60,1/50,1/40,1/30,1/25,1/20,1/15,1/13,1/10,1/8,1/6,1/5,1/4,3/10,4/10,5/10,6/10,8/10,00-01,13/10,16/10,00-02,25/10,00-03,00-04,00-05,00-06,00-08,00-10,00-13,00-15,00-20,00-25,00-30,;#
2026-10-07T14:51:35Z SHUTTER index=18 not yet visible (V:54), re-reading in 1.0s
2026-10-07T14:51:36Z TX 1&268&2&-100#
2026-10-07T14:51:36Z RX 284@mode:1;state:0;#
2026-10-07T14:51:36Z RX 517@yaw:2.936311;pitch:0.872759;roll:-0.525846;#
2026-10-07T14:51:36Z RX 268@RD:0;V:18;R:1/8000,1/6400,1/5000,1/4000,1/3200,1/2500,1/2000,1/1600,1/1250,1/1000,1/800,1/640,1/500,1/400,1/320,1/250,1/200,1/160,1/125,1/100,1/80,1/60,1/50,1/40,1/30,1/25,1/20,1/15,1/13,1/10,1/8,1/6,1/5,1/4,3/10,4/10,5/10,6/10,8/10,00-01,13/10,16/10,00-02,25/10,00-03,00-04,00-05,00-06,00-08,00-10,00-13,00-15,00-20,00-25,00-30,;#
2026-10-07T14:51:36Z SHUTTER index=18 confirmed after 2 readbacks (the camera applies 261 writes asynchronously)
2026-10-07T14:51:36Z SHOT shot_timeout=180.0s
2026-10-07T14:51:36Z TX 1&264&4&state:1;bulb:0;c:-1;#
2026-10-07T14:51:36Z RX 268@RD:0;V:18;R:1/8000,1/6400,1/5000,1/4000,1/3200,1/2500,1/2000,1/1600,1/1250,1/1000,1/800,1/640,1/500,1/400,1/320,1/250,1/200,1/160,1/125,1/100,1/80,1/60,1/50,1/40,1/30,1/25,1/20,1/15,1/13,1/10,1/8,1/6,1/5,1/4,3/10,4/10,5/10,6/10,8/10,00-01,13/10,16/10,00-02,25/10,00-03,00-04,00-05,00-06,00-08,00-10,00-13,00-15,00-20,00-25,00-30,;#
2026-10-07T14:51:36Z RX 264@state:1#
2026-10-07T14:51:36Z CAPTURE state=1 lifecycle=[1]
2026-10-07T14:51:37Z RX 284@mode:1;state:1;#
2026-10-07T14:51:37Z RX 517@yaw:2.936320;pitch:0.872761;roll:-0.525850;#
2026-10-07T14:51:38Z RX 525@Tempa509ca361b0000245a ;#
2026-10-07T14:51:38Z RX 284@mode:1;state:1;#
2026-10-07T14:51:38Z RX 517@yaw:2.936314;pitch:0.872760;roll:-0.525844;#
2026-10-07T14:51:39Z RX 284@mode:1;state:1;#
2026-10-07T14:51:39Z RX 517@yaw:2.936315;pitch:0.872759;roll:-0.525851;#
2026-10-07T14:51:40Z RX 284@mode:1;state:1;#
2026-10-07T14:51:40Z RX 517@yaw:2.936316;pitch:0.872761;roll:-0.525847;#
2026-10-07T14:51:41Z RX 284@mode:1;state:1;#
2026-10-07T14:51:41Z RX 517@yaw:2.936312;pitch:0.872760;roll:-0.525848;#
2026-10-07T14:51:42Z RX 284@mode:1;state:1;#
2026-10-07T14:51:42Z RX 517@yaw:2.936315;pitch:0.872763;roll:-0.525848;#
2026-10-07T14:51:43Z RX 284@mode:1;state:1;#
2026-10-07T14:51:43Z RX 517@yaw:2.936316;pitch:0.872760;roll:-0.525850;#
2026-10-07T14:51:44Z RX 284@mode:1;state:1;#
2026-10-07T14:51:44Z RX 517@yaw:2.936315;pitch:0.872762;roll:-0.525846;#
2026-10-07T14:51:45Z RX 284@mode:1;state:1;#
2026-10-07T14:51:45Z RX 517@yaw:2.936316;pitch:0.872763;roll:-0.525847;#
2026-10-07T14:51:46Z RX 284@mode:1;state:1;#
2026-10-07T14:51:47Z RX 517@yaw:2.936311;pitch:0.872761;roll:-0.525849;#
2026-10-07T14:51:48Z RX 284@mode:1;state:1;#
2026-10-07T14:51:48Z RX 517@yaw:2.936312;pitch:0.872763;roll:-0.525849;#
2026-10-07T14:51:49Z RX 284@mode:1;state:1;#
2026-10-07T14:51:49Z RX 517@yaw:2.936317;pitch:0.872763;roll:-0.525849;#
2026-10-07T14:51:50Z RX 284@mode:1;state:1;#
2026-10-07T14:51:50Z RX 517@yaw:2.936315;pitch:0.872764;roll:-0.525850;#
2026-10-07T14:51:51Z RX 284@mode:1;state:1;#
2026-10-07T14:51:51Z RX 517@yaw:2.936316;pitch:0.872762;roll:-0.525848;#
2026-10-07T14:51:52Z RX 284@mode:1;state:1;#
2026-10-07T14:51:52Z RX 517@yaw:2.936315;pitch:0.872762;roll:-0.525848;#
2026-10-07T14:51:53Z RX 284@mode:1;state:1;#
2026-10-07T14:51:53Z RX 517@yaw:2.936316;pitch:0.872758;roll:-0.525846;#
2026-10-07T14:51:54Z RX 284@mode:1;state:1;#
2026-10-07T14:51:54Z RX 517@yaw:2.936313;pitch:0.872764;roll:-0.525848;#
2026-10-07T14:51:55Z RX 284@mode:1;state:1;#
2026-10-07T14:51:55Z RX 517@yaw:2.936312;pitch:0.872762;roll:-0.525845;#
2026-10-07T14:51:56Z RX 284@mode:1;state:1;#
2026-10-07T14:51:56Z RX 517@yaw:2.936317;pitch:0.872761;roll:-0.525844;#
2026-10-07T14:51:57Z RX 284@mode:1;state:1;#
2026-10-07T14:51:57Z RX 517@yaw:2.936318;pitch:0.872761;roll:-0.525848;#
2026-10-07T14:51:58Z RX 284@mode:1;state:1;#
2026-10-07T14:51:58Z RX 517@yaw:2.936315;pitch:0.872758;roll:-0.525847;#
2026-10-07T14:51:59Z RX 284@mode:1;state:1;#
2026-10-07T14:51:59Z RX 517@yaw:2.936317;pitch:0.872762;roll:-0.525846;#
2026-10-07T14:52:00Z RX 284@mode:1;state:1;#
2026-10-07T14:52:00Z RX 517@yaw:2.936318;pitch:0.872763;roll:-0.525848;#
2026-10-07T14:52:01Z RX 284@mode:1;state:1;#
2026-10-07T14:52:01Z RX 517@yaw:2.936319;pitch:0.872763;roll:-0.525850;#
2026-10-07T14:52:02Z RX 284@mode:1;state:1;#
2026-10-07T14:52:02Z RX 517@yaw:2.936314;pitch:0.872761;roll:-0.525848;#
2026-10-07T14:52:03Z RX 284@mode:1;state:1;#
2026-10-07T14:52:03Z RX 517@yaw:2.936315;pitch:0.872764;roll:-0.525848;#
2026-10-07T14:52:04Z RX 284@mode:1;state:1;#
2026-10-07T14:52:04Z RX 517@yaw:2.936316;pitch:0.872762;roll:-0.525847;#
2026-10-07T14:52:05Z RX 284@mode:1;state:1;#
2026-10-07T14:52:05Z RX 517@yaw:2.936312;pitch:0.872761;roll:-0.525849;#
2026-10-07T14:52:06Z RX 284@mode:1;state:1;#
2026-10-07T14:52:06Z RX 517@yaw:2.936311;pitch:0.872759;roll:-0.525848;#
2026-10-07T14:52:07Z RX 284@mode:1;state:1;#
2026-10-07T14:52:07Z RX 517@yaw:2.936316;pitch:0.872764;roll:-0.525848;#
2026-10-07T14:52:08Z RX 525@Tempa509ca361b0000245a ;#
2026-10-07T14:52:08Z RX 284@mode:1;state:1;#
2026-10-07T14:52:08Z RX 517@yaw:2.936317;pitch:0.872763;roll:-0.525846;#
2026-10-07T14:52:09Z RX 286@manufacturer:ricoh imaging company, ltd.;model:pentax k-3 mark iii;state:1;storage:2;photoFormat:2;#
2026-10-07T14:52:09Z RX 282@format:3;#
2026-10-07T14:52:09Z RX 265@RD:0;V:0;R:100,200,400,800,1600,3200,6400,12800,25600,51200,102400,204800,409600,819200,1600000,;#
2026-10-07T14:52:09Z RX 268@RD:0;V:18;R:1/8000,1/6400,1/5000,1/4000,1/3200,1/2500,1/2000,1/1600,1/1250,1/1000,1/800,1/640,1/500,1/400,1/320,1/250,1/200,1/160,1/125,1/100,1/80,1/60,1/50,1/40,1/30,1/25,1/20,1/15,1/13,1/10,1/8,1/6,1/5,1/4,3/10,4/10,5/10,6/10,8/10,00-01,13/10,16/10,00-02,25/10,00-03,00-04,00-05,00-06,00-08,00-10,00-13,00-15,00-20,00-25,00-30,;#
2026-10-07T14:52:09Z RX 275@RD:0;V:0;R:f/22,f/20,f/18,f/16,f/14,f/13,f/11,f/10,f/9,f/8,f/7.1,f/6.3,f/5.6,f/5,f/4.5,f/4,f/3.5,f/3.2,f/2.8,;#
2026-10-07T14:52:09Z RX 267@RD:0;V:15;R:5,4.7,4.3,4,3.7,3.3,3,2.7,2.3,2,1.7,1.3,1,0.7,0.3,0,-0.3,-0.7,-1,-1.3,-1.7,-2,-2.3,-2.7,-3,-3.3,-3.7,-4,-4.3,-4.7,-5,;#
2026-10-07T14:52:09Z RX 266@RD:0;V:0;R:Automatic,Daylight,Cloudy,Fluorescent- Daylight,Fluorescent- Day White,Fluorescent- White,Fluorescent- Tungsten,Tungsten,;#
2026-10-07T14:52:09Z RX 284@mode:1;state:1;#
2026-10-07T14:52:09Z RX 517@yaw:2.936318;pitch:0.872765;roll:-0.525842;#
2026-10-07T14:52:10Z RX 284@mode:1;state:1;#
2026-10-07T14:52:10Z RX 517@yaw:2.936317;pitch:0.872761;roll:-0.525844;#
2026-10-07T14:52:11Z RX 284@mode:1;state:1;#
2026-10-07T14:52:11Z RX 517@yaw:2.936314;pitch:0.872762;roll:-0.525848;#
2026-10-07T14:52:12Z RX 284@mode:1;state:1;#
2026-10-07T14:52:12Z RX 517@yaw:2.936318;pitch:0.872760;roll:-0.525849;#
2026-10-07T14:52:13Z RX 284@mode:1;state:1;#
2026-10-07T14:52:13Z RX 517@yaw:2.936317;pitch:0.872759;roll:-0.525848;#
2026-10-07T14:52:14Z RX 284@mode:1;state:1;#
2026-10-07T14:52:14Z RX 517@yaw:2.936319;pitch:0.872762;roll:-0.525850;#
2026-10-07T14:52:15Z RX 284@mode:1;state:1;#
2026-10-07T14:52:15Z RX 517@yaw:2.936319;pitch:0.872763;roll:-0.525848;#
2026-10-07T14:52:16Z RX 284@mode:1;state:1;#
2026-10-07T14:52:16Z RX 517@yaw:2.936316;pitch:0.872760;roll:-0.525845;#
2026-10-07T14:52:17Z RX 284@mode:1;state:1;#
2026-10-07T14:52:17Z RX 517@yaw:2.936316;pitch:0.872763;roll:-0.525848;#
2026-10-07T14:52:18Z RX 284@mode:1;state:1;#
2026-10-07T14:52:18Z RX 517@yaw:2.936315;pitch:0.872763;roll:-0.525846;#
2026-10-07T14:52:19Z RX 284@mode:1;state:1;#
2026-10-07T14:52:19Z RX 517@yaw:2.936316;pitch:0.872759;roll:-0.525846;#
2026-10-07T14:52:20Z RX 284@mode:1;state:1;#
2026-10-07T14:52:20Z RX 517@yaw:2.936315;pitch:0.872759;roll:-0.525850;#
2026-10-07T14:52:21Z RX 284@mode:1;state:1;#
2026-10-07T14:52:21Z RX 517@yaw:2.936316;pitch:0.872761;roll:-0.525850;#
2026-10-07T14:52:22Z RX 284@mode:1;state:1;#
2026-10-07T14:52:22Z RX 517@yaw:2.936317;pitch:0.872761;roll:-0.525845;#
2026-10-07T14:52:23Z RX 284@mode:1;state:1;#
2026-10-07T14:52:23Z RX 517@yaw:2.936315;pitch:0.872762;roll:-0.525847;#
2026-10-07T14:52:24Z RX 284@mode:1;state:1;#
2026-10-07T14:52:24Z RX 517@yaw:2.936316;pitch:0.872759;roll:-0.525849;#
2026-10-07T14:52:25Z RX 284@mode:1;state:1;#
2026-10-07T14:52:25Z RX 517@yaw:2.936319;pitch:0.872760;roll:-0.525845;#
2026-10-07T14:52:27Z RX 284@mode:1;state:1;#
2026-10-07T14:52:27Z RX 517@yaw:2.936316;pitch:0.872764;roll:-0.525847;#
2026-10-07T14:52:28Z RX 284@mode:1;state:1;#
2026-10-07T14:52:28Z RX 517@yaw:2.936316;pitch:0.872759;roll:-0.525847;#
2026-10-07T14:52:29Z RX 284@mode:1;state:1;#
2026-10-07T14:52:29Z RX 517@yaw:2.936315;pitch:0.872759;roll:-0.525844;#
2026-10-07T14:52:30Z RX 284@mode:1;state:1;#
2026-10-07T14:52:30Z RX 517@yaw:2.936317;pitch:0.872761;roll:-0.525851;#
2026-10-07T14:52:31Z RX 284@mode:1;state:1;#
2026-10-07T14:52:31Z RX 517@yaw:2.936315;pitch:0.872759;roll:-0.525848;#
2026-10-07T14:52:32Z RX 284@mode:1;state:1;#
2026-10-07T14:52:32Z RX 517@yaw:2.936318;pitch:0.872762;roll:-0.525851;#
2026-10-07T14:52:33Z RX 284@mode:1;state:1;#
2026-10-07T14:52:33Z RX 517@yaw:2.936318;pitch:0.872760;roll:-0.525851;#
2026-10-07T14:52:34Z RX 284@mode:1;state:1;#
2026-10-07T14:52:34Z RX 517@yaw:2.936313;pitch:0.872762;roll:-0.525844;#
2026-10-07T14:52:35Z RX 284@mode:1;state:1;#
2026-10-07T14:52:35Z RX 517@yaw:2.936313;pitch:0.872760;roll:-0.525846;#
2026-10-07T14:52:36Z RX 284@mode:1;state:1;#
2026-10-07T14:52:36Z RX 517@yaw:2.936316;pitch:0.872759;roll:-0.525845;#
2026-10-07T14:52:37Z RX 284@mode:1;state:1;#
2026-10-07T14:52:37Z RX 517@yaw:2.936316;pitch:0.872762;roll:-0.525850;#
2026-10-07T14:52:38Z RX 284@mode:1;state:1;#
2026-10-07T14:52:38Z RX 517@yaw:2.936316;pitch:0.872763;roll:-0.525851;#
2026-10-07T14:52:38Z RX 525@Tempa509ca361b0000245a ;#
2026-10-07T14:52:39Z RX 284@mode:1;state:1;#
2026-10-07T14:52:39Z RX 517@yaw:2.936316;pitch:0.872761;roll:-0.525848;#
2026-10-07T14:52:40Z RX 284@mode:1;state:1;#
2026-10-07T14:52:40Z RX 517@yaw:2.936317;pitch:0.872765;roll:-0.525852;#
2026-10-07T14:52:41Z RX 284@mode:1;state:0;#
2026-10-07T14:52:41Z RX 517@yaw:2.936317;pitch:0.872763;roll:-0.525849;#
2026-10-07T14:52:42Z RX 284@mode:1;state:0;#
2026-10-07T14:52:42Z RX 517@yaw:2.936317;pitch:0.872761;roll:-0.525848;#
2026-10-07T14:52:43Z RX 284@mode:1;state:0;#
2026-10-07T14:52:43Z RX 517@yaw:2.936312;pitch:0.872759;roll:-0.525845;#
2026-10-07T14:52:44Z RX 284@mode:1;state:0;#
2026-10-07T14:52:44Z RX 517@yaw:2.936315;pitch:0.872762;roll:-0.525845;#
2026-10-07T14:52:45Z RX 284@mode:1;state:0;#
2026-10-07T14:52:45Z RX 517@yaw:2.936315;pitch:0.872762;roll:-0.525844;#
2026-10-07T14:52:46Z RX 284@mode:1;state:0;#
2026-10-07T14:52:46Z RX 517@yaw:2.936315;pitch:0.872762;roll:-0.525850;#
2026-10-07T14:52:47Z RX 284@mode:1;state:0;#
2026-10-07T14:52:47Z RX 517@yaw:2.936315;pitch:0.872762;roll:-0.525849;#
2026-10-07T14:52:48Z RX 284@mode:1;state:0;#
2026-10-07T14:52:48Z RX 517@yaw:2.936316;pitch:0.872760;roll:-0.525846;#
2026-10-07T14:52:49Z RX 284@mode:1;state:0;#
2026-10-07T14:52:49Z RX 517@yaw:2.936313;pitch:0.872760;roll:-0.525844;#
2026-10-07T14:52:50Z RX 284@mode:1;state:0;#
2026-10-07T14:52:50Z RX 517@yaw:2.936313;pitch:0.872762;roll:-0.525849;#
2026-10-07T14:52:51Z RX 284@mode:1;state:0;#
2026-10-07T14:52:51Z RX 517@yaw:2.936315;pitch:0.872761;roll:-0.525844;#
2026-10-07T14:52:52Z RX 284@mode:1;state:0;#
2026-10-07T14:52:52Z RX 517@yaw:2.936316;pitch:0.872761;roll:-0.525847;#
2026-10-07T14:52:53Z RX 284@mode:1;state:0;#
2026-10-07T14:52:53Z RX 517@yaw:2.936319;pitch:0.872762;roll:-0.525848;#
2026-10-07T14:52:54Z RX 284@mode:1;state:0;#
2026-10-07T14:52:54Z RX 517@yaw:2.936316;pitch:0.872763;roll:-0.525846;#
2026-10-07T14:52:55Z RX 284@mode:1;state:0;#
2026-10-07T14:52:55Z RX 517@yaw:2.936314;pitch:0.872760;roll:-0.525847;#
2026-10-07T14:52:56Z RX 284@mode:1;state:0;#
2026-10-07T14:52:56Z RX 517@yaw:2.936315;pitch:0.872760;roll:-0.525850;#
2026-10-07T14:52:57Z RX 284@mode:1;state:0;#
2026-10-07T14:52:57Z RX 517@yaw:2.936317;pitch:0.872760;roll:-0.525848;#
2026-10-07T14:52:58Z RX 284@mode:1;state:0;#
2026-10-07T14:52:58Z RX 517@yaw:2.936316;pitch:0.872764;roll:-0.525845;#
2026-10-07T14:52:59Z RX 284@mode:1;state:0;#
2026-10-07T14:52:59Z RX 517@yaw:2.936315;pitch:0.872763;roll:-0.525849;#
2026-10-07T14:53:00Z RX 284@mode:1;state:0;#
2026-10-07T14:53:00Z RX 517@yaw:2.936314;pitch:0.872762;roll:-0.525846;#
2026-10-07T14:53:01Z RX 284@mode:1;state:0;#
2026-10-07T14:53:01Z RX 517@yaw:2.936313;pitch:0.872761;roll:-0.525850;#
2026-10-07T14:53:02Z RX 284@mode:1;state:0;#
2026-10-07T14:53:02Z RX 517@yaw:2.936314;pitch:0.872758;roll:-0.525847;#
2026-10-07T14:53:04Z RX 284@mode:1;state:0;#
2026-10-07T14:53:04Z RX 517@yaw:2.936317;pitch:0.872760;roll:-0.525848;#
2026-10-07T14:53:05Z RX 284@mode:1;state:0;#
2026-10-07T14:53:05Z RX 517@yaw:2.936316;pitch:0.872762;roll:-0.525851;#
2026-10-07T14:53:06Z RX 284@mode:1;state:0;#
2026-10-07T14:53:06Z RX 517@yaw:2.936317;pitch:0.872760;roll:-0.525846;#
2026-10-07T14:53:07Z RX 284@mode:1;state:0;#
2026-10-07T14:53:07Z RX 517@yaw:2.936317;pitch:0.872760;roll:-0.525846;#
2026-10-07T14:53:08Z RX 284@mode:1;state:0;#
2026-10-07T14:53:08Z RX 517@yaw:2.936313;pitch:0.872763;roll:-0.525844;#
2026-10-07T14:53:08Z RX 525@Tempa509ca361b0000245a ;#
2026-10-07T14:53:09Z RX 284@mode:1;state:0;#
2026-10-07T14:53:09Z RX 517@yaw:2.936317;pitch:0.872761;roll:-0.525847;#
2026-10-07T14:53:10Z RX 284@mode:1;state:0;#
2026-10-07T14:53:10Z RX 517@yaw:2.936313;pitch:0.872759;roll:-0.525849;#
2026-10-07T14:53:11Z RX 284@mode:1;state:0;#
2026-10-07T14:53:11Z RX 517@yaw:2.936315;pitch:0.872760;roll:-0.525849;#
2026-10-07T14:53:12Z RX 284@mode:1;state:0;#
2026-10-07T14:53:12Z RX 517@yaw:2.936319;pitch:0.872758;roll:-0.525847;#
2026-10-07T14:53:13Z RX 284@mode:1;state:0;#
2026-10-07T14:53:13Z RX 517@yaw:2.936316;pitch:0.872758;roll:-0.525849;#
2026-10-07T14:53:14Z RX 284@mode:1;state:0;#
2026-10-07T14:53:14Z RX 517@yaw:2.936316;pitch:0.872764;roll:-0.525847;#
2026-10-07T14:53:15Z RX 284@mode:1;state:0;#
2026-10-07T14:53:15Z RX 517@yaw:2.936316;pitch:0.872763;roll:-0.525844;#
2026-10-07T14:53:16Z RX 284@mode:1;state:0;#
2026-10-07T14:53:16Z RX 517@yaw:2.936317;pitch:0.872761;roll:-0.525850;#
2026-10-07T14:53:17Z RX 284@mode:1;state:0;#
2026-10-07T14:53:17Z RX 517@yaw:2.936316;pitch:0.872756;roll:-0.525843;#
2026-10-07T14:53:18Z RX 284@mode:1;state:0;#
2026-10-07T14:53:18Z RX 517@yaw:2.936313;pitch:0.872760;roll:-0.525845;#
2026-10-07T14:53:19Z RX 284@mode:1;state:0;#
2026-10-07T14:53:19Z RX 517@yaw:2.936314;pitch:0.872762;roll:-0.525848;#
2026-10-07T14:53:20Z RX 284@mode:1;state:0;#
2026-10-07T14:53:20Z RX 517@yaw:2.936314;pitch:0.872760;roll:-0.525844;#
2026-10-07T14:53:21Z RX 284@mode:1;state:0;#
2026-10-07T14:53:21Z RX 517@yaw:2.936318;pitch:0.872762;roll:-0.525847;#
2026-10-07T14:53:22Z RX 284@mode:1;state:0;#
2026-10-07T14:53:22Z RX 517@yaw:2.936316;pitch:0.872761;roll:-0.525847;#
2026-10-07T14:53:23Z RX 284@mode:1;state:0;#
2026-10-07T14:53:23Z RX 517@yaw:2.936315;pitch:0.872761;roll:-0.525848;#
2026-10-07T14:53:24Z RX 284@mode:1;state:0;#
2026-10-07T14:53:24Z RX 517@yaw:2.936317;pitch:0.872765;roll:-0.525849;#
2026-10-07T14:53:25Z RX 284@mode:1;state:0;#
2026-10-07T14:53:25Z RX 517@yaw:2.936317;pitch:0.872763;roll:-0.525851;#
2026-10-07T14:53:26Z RX 284@mode:1;state:0;#
2026-10-07T14:53:26Z RX 517@yaw:2.936317;pitch:0.872760;roll:-0.525849;#
2026-10-07T14:53:27Z RX 284@mode:1;state:0;#
2026-10-07T14:53:27Z RX 517@yaw:2.936314;pitch:0.872763;roll:-0.525846;#
2026-10-07T14:53:28Z RX 284@mode:1;state:0;#
2026-10-07T14:53:28Z RX 517@yaw:2.936318;pitch:0.872759;roll:-0.525847;#
2026-10-07T14:53:29Z RX 284@mode:1;state:0;#
2026-10-07T14:53:29Z RX 517@yaw:2.936317;pitch:0.872762;roll:-0.525847;#
2026-10-07T14:53:30Z RX 284@mode:1;state:0;#
2026-10-07T14:53:30Z RX 517@yaw:2.936316;pitch:0.872760;roll:-0.525851;#
2026-10-07T14:53:31Z RX 284@mode:1;state:0;#
2026-10-07T14:53:31Z RX 517@yaw:2.936314;pitch:0.872761;roll:-0.525849;#
2026-10-07T14:53:32Z RX 284@mode:1;state:0;#
2026-10-07T14:53:32Z RX 517@yaw:2.936315;pitch:0.872760;roll:-0.525850;#
2026-10-07T14:53:33Z RX 284@mode:1;state:0;#
2026-10-07T14:53:33Z RX 517@yaw:2.936316;pitch:0.872762;roll:-0.525848;#
2026-10-07T14:53:34Z RX 284@mode:1;state:0;#
2026-10-07T14:53:34Z RX 517@yaw:2.936318;pitch:0.872760;roll:-0.525850;#

# T1 RESULT: FAIL (accepted-then-lost, NO USB drop)
# Settings applied and confirmed: EV idx 15 (exposure-comp=0/10), shutter idx 18
# (bulb-seconds=1/125), live view ON (initial_state=1).
# 15:51:36 capture accepted (SP_0275 reserved, numOfCaptureImage 2).
# Camera never fired: 15:52:06 widget readback shooting=no processing=no.
# No file (SP_0275 absent). No identity change, no supervisor restart, no crash.
# DIFFERENCE from all passing canary runs: the iPhone Benro Connect app was
# connected and polling 284/517 every ~1s while the probe issued the capture
# (two concurrent clients). Earlier passes were single-client with LV forced off.
