2026-10-07T15:10:16Z TX 1&284&2&-100#
2026-10-07T15:10:16Z RX 284@mode:1;state:0;#
2026-10-07T15:10:16Z TX 1&820&2&-100#
2026-10-07T15:10:16Z RX 820@ret:-1;#
2026-10-07T15:10:16Z TX 1&823&2&app:openpolaris-canary-probe;ver:1;#
2026-10-07T15:10:16Z TX 1&286&2&-100#
2026-10-07T15:10:16Z RX 286@manufacturer:ricoh imaging company, ltd.;model:pentax k-3 mark iii;state:1;storage:2;photoFormat:2;#
2026-10-07T15:10:16Z CAMERA manufacturer:ricoh imaging company, ltd.;model:pentax k-3 mark iii;state:1;storage:2;photoFormat:2;
2026-10-07T15:10:16Z SUMMARY model=pentax k-3 mark iii state=1 photoFormat=2
2026-10-07T15:10:16Z TX 1&292&2&-100#
2026-10-07T15:10:16Z RX 292@state:1;#
2026-10-07T15:10:16Z PREVIEW initial_state=1
2026-10-07T15:10:16Z TX 1&260&2&ev:15;#
2026-10-07T15:10:16Z RX 260@ev:15;ret:0;#
2026-10-07T15:10:16Z EV index=15 response=ev:15;ret:0;
2026-10-07T15:10:16Z TX 1&261&2&s:18;#
2026-10-07T15:10:16Z RX 265@RD:0;V:0;R:100,200,400,800,1600,3200,6400,12800,25600,51200,102400,204800,409600,819200,1600000,;#
2026-10-07T15:10:16Z RX 268@RD:0;V:18;R:1/8000,1/6400,1/5000,1/4000,1/3200,1/2500,1/2000,1/1600,1/1250,1/1000,1/800,1/640,1/500,1/400,1/320,1/250,1/200,1/160,1/125,1/100,1/80,1/60,1/50,1/40,1/30,1/25,1/20,1/15,1/13,1/10,1/8,1/6,1/5,1/4,3/10,4/10,5/10,6/10,8/10,00-01,13/10,16/10,00-02,25/10,00-03,00-04,00-05,00-06,00-08,00-10,00-13,00-15,00-20,00-25,00-30,;#
2026-10-07T15:10:16Z RX 275@RD:0;V:0;R:f/22,f/20,f/18,f/16,f/14,f/13,f/11,f/10,f/9,f/8,f/7.1,f/6.3,f/5.6,f/5,f/4.5,f/4,f/3.5,f/3.2,f/2.8,;#
2026-10-07T15:10:16Z RX 267@RD:0;V:15;R:5,4.7,4.3,4,3.7,3.3,3,2.7,2.3,2,1.7,1.3,1,0.7,0.3,0,-0.3,-0.7,-1,-1.3,-1.7,-2,-2.3,-2.7,-3,-3.3,-3.7,-4,-4.3,-4.7,-5,;#
2026-10-07T15:10:16Z RX 266@RD:0;V:0;R:Automatic,Daylight,Cloudy,Fluorescent- Daylight,Fluorescent- Day White,Fluorescent- White,Fluorescent- Tungsten,Tungsten,;#
2026-10-07T15:10:16Z RX 261@s:18;ret:0;#
2026-10-07T15:10:16Z SHUTTER index=18 response=s:18;ret:0;
2026-10-07T15:10:16Z TX 1&268&2&-100#
2026-10-07T15:10:16Z RX 268@RD:0;V:18;R:1/8000,1/6400,1/5000,1/4000,1/3200,1/2500,1/2000,1/1600,1/1250,1/1000,1/800,1/640,1/500,1/400,1/320,1/250,1/200,1/160,1/125,1/100,1/80,1/60,1/50,1/40,1/30,1/25,1/20,1/15,1/13,1/10,1/8,1/6,1/5,1/4,3/10,4/10,5/10,6/10,8/10,00-01,13/10,16/10,00-02,25/10,00-03,00-04,00-05,00-06,00-08,00-10,00-13,00-15,00-20,00-25,00-30,;#
2026-10-07T15:10:16Z SHOT shot_timeout=180.0s
2026-10-07T15:10:16Z TX 1&264&4&state:1;bulb:0;c:-1;#
2026-10-07T15:10:16Z RX 264@state:1#
2026-10-07T15:10:16Z CAPTURE state=1 lifecycle=[1]
2026-10-07T15:10:24Z RX 525@Tempa509ca361b0000245a ;#
2026-10-07T15:10:51Z RX 286@manufacturer:ricoh imaging company, ltd.;model:pentax k-3 mark iii;state:1;storage:2;photoFormat:2;#
2026-10-07T15:10:51Z RX 282@format:3;#
2026-10-07T15:10:51Z RX 265@RD:0;V:0;R:100,200,400,800,1600,3200,6400,12800,25600,51200,102400,204800,409600,819200,1600000,;#
2026-10-07T15:10:51Z RX 268@RD:0;V:18;R:1/8000,1/6400,1/5000,1/4000,1/3200,1/2500,1/2000,1/1600,1/1250,1/1000,1/800,1/640,1/500,1/400,1/320,1/250,1/200,1/160,1/125,1/100,1/80,1/60,1/50,1/40,1/30,1/25,1/20,1/15,1/13,1/10,1/8,1/6,1/5,1/4,3/10,4/10,5/10,6/10,8/10,00-01,13/10,16/10,00-02,25/10,00-03,00-04,00-05,00-06,00-08,00-10,00-13,00-15,00-20,00-25,00-30,;#
2026-10-07T15:10:51Z RX 275@RD:0;V:0;R:f/22,f/20,f/18,f/16,f/14,f/13,f/11,f/10,f/9,f/8,f/7.1,f/6.3,f/5.6,f/5,f/4.5,f/4,f/3.5,f/3.2,f/2.8,;#
2026-10-07T15:10:51Z RX 267@RD:0;V:15;R:5,4.7,4.3,4,3.7,3.3,3,2.7,2.3,2,1.7,1.3,1,0.7,0.3,0,-0.3,-0.7,-1,-1.3,-1.7,-2,-2.3,-2.7,-3,-3.3,-3.7,-4,-4.3,-4.7,-5,;#
2026-10-07T15:10:51Z RX 266@RD:0;V:0;R:Automatic,Daylight,Cloudy,Fluorescent- Daylight,Fluorescent- Day White,Fluorescent- White,Fluorescent- Tungsten,Tungsten,;#
2026-10-07T15:10:55Z RX 525@Tempa509ca361b0000245a ;#
2026-10-07T15:11:25Z RX 525@Tempa509ca361b0000245a ;#
2026-10-07T15:11:55Z RX 525@Tempa509ca361b0000245a ;#

# T1b RESULT: FAIL — contaminated, and the contamination is the finding.
# Intended single-client run. Mlog shows SOCKET_ACCEPT id=8 from 192.168.0.2
# (the iPhone) at 16:10:03, 13 s BEFORE the capture: Benro Connect auto-joined
# the AP the moment it came back up. So the app was connected again.
# 16:10:16 capture accepted (SP_0276 reserved, numOfCaptureImage 2).
# The camera DID fire: IMGP3836.DNG exists on the card and was preserved by
# orphan recovery (28.2 MB). But NO 264 lifecycle events (no state:4/2/3), no
# 773 file events, no transfer to the SP_0276 path. The daemon lost the whole
# post-capture flow while the app held a session.
# Same contamination as T1. A genuinely single-client run requires the iPhone's
# Wi-Fi off, not just the app closed - it auto-rejoins the saved AP.
