2026-10-07T16:09:41Z TX 1&284&2&-100#
2026-10-07T16:09:41Z RX 284@mode:1;state:0;#
2026-10-07T16:09:41Z TX 1&820&2&-100#
2026-10-07T16:09:41Z RX 820@ret:-1;#
2026-10-07T16:09:41Z TX 1&823&2&app:openpolaris-canary-probe;ver:1;#
2026-10-07T16:09:41Z TX 1&286&2&-100#
2026-10-07T16:09:41Z RX 286@manufacturer:ricoh imaging company, ltd.;model:pentax k-3 mark iii;state:1;storage:2;photoFormat:2;#
2026-10-07T16:09:41Z CAMERA manufacturer:ricoh imaging company, ltd.;model:pentax k-3 mark iii;state:1;storage:2;photoFormat:2;
2026-10-07T16:09:41Z SUMMARY model=pentax k-3 mark iii state=1 photoFormat=2
2026-10-07T16:09:41Z TX 1&292&2&-100#
2026-10-07T16:09:41Z RX 292@state:1;#
2026-10-07T16:09:41Z PREVIEW initial_state=1
2026-10-07T16:09:41Z TX 1&260&2&ev:15;#
2026-10-07T16:09:41Z RX 260@ev:15;ret:0;#
2026-10-07T16:09:41Z EV index=15 response=ev:15;ret:0;
2026-10-07T16:09:41Z TX 1&261&2&s:18;#
2026-10-07T16:09:42Z RX 261@s:18;ret:0;#
2026-10-07T16:09:42Z SHUTTER index=18 response=s:18;ret:0;
2026-10-07T16:09:42Z TX 1&268&2&-100#
2026-10-07T16:09:42Z RX 268@RD:0;V:44;R:1/8000,1/6400,1/5000,1/4000,1/3200,1/2500,1/2000,1/1600,1/1250,1/1000,1/800,1/640,1/500,1/400,1/320,1/250,1/200,1/160,1/125,1/100,1/80,1/60,1/50,1/40,1/30,1/25,1/20,1/15,1/13,1/10,1/8,1/6,1/5,1/4,3/10,4/10,5/10,6/10,8/10,00-01,13/10,16/10,00-02,25/10,00-03,00-04,00-05,00-06,00-08,00-10,00-13,00-15,00-20,00-25,00-30,;#
2026-10-07T16:09:42Z SHUTTER index=18 not yet visible (V:44), re-reading in 1.0s
2026-10-07T16:09:43Z TX 1&268&2&-100#
2026-10-07T16:09:43Z RX 268@RD:0;V:44;R:1/8000,1/6400,1/5000,1/4000,1/3200,1/2500,1/2000,1/1600,1/1250,1/1000,1/800,1/640,1/500,1/400,1/320,1/250,1/200,1/160,1/125,1/100,1/80,1/60,1/50,1/40,1/30,1/25,1/20,1/15,1/13,1/10,1/8,1/6,1/5,1/4,3/10,4/10,5/10,6/10,8/10,00-01,13/10,16/10,00-02,25/10,00-03,00-04,00-05,00-06,00-08,00-10,00-13,00-15,00-20,00-25,00-30,;#
2026-10-07T16:09:43Z SHUTTER index=18 not yet visible (V:44), re-reading in 1.0s
2026-10-07T16:09:44Z TX 1&268&2&-100#
2026-10-07T16:09:44Z RX 268@RD:0;V:18;R:1/8000,1/6400,1/5000,1/4000,1/3200,1/2500,1/2000,1/1600,1/1250,1/1000,1/800,1/640,1/500,1/400,1/320,1/250,1/200,1/160,1/125,1/100,1/80,1/60,1/50,1/40,1/30,1/25,1/20,1/15,1/13,1/10,1/8,1/6,1/5,1/4,3/10,4/10,5/10,6/10,8/10,00-01,13/10,16/10,00-02,25/10,00-03,00-04,00-05,00-06,00-08,00-10,00-13,00-15,00-20,00-25,00-30,;#
2026-10-07T16:09:44Z SHUTTER index=18 confirmed after 3 readbacks (the camera applies 261 writes asynchronously)
2026-10-07T16:09:44Z SHOT shot_timeout=180.0s
2026-10-07T16:09:44Z TX 1&264&4&state:1;bulb:0;c:-1;#
2026-10-07T16:09:44Z RX 264@state:1#
2026-10-07T16:09:44Z CAPTURE state=1 lifecycle=[1]
2026-10-07T16:09:47Z RX 264@state:4;#
2026-10-07T16:09:47Z CAPTURE state=4 lifecycle=[1, 4]
2026-10-07T16:09:49Z RX 773@type:1;path:/app/sd/normal/SP_0275.dng;size:28757934;cTime:2026-10-07 17:09:47;duration:0;#
2026-10-07T16:09:49Z FILE /app/sd/normal/SP_0275.dng
2026-10-07T16:09:49Z RX 775@status:1;totalspace:121866;freespace:113004;usespace:8861;#
2026-10-07T16:09:49Z RX 773@type:1;path:/app/sd/normal/SP_0275.jpg;size:184704;cTime:2026-10-07 17:09:48;duration:0;#
2026-10-07T16:09:49Z FILE /app/sd/normal/SP_0275.jpg
2026-10-07T16:09:49Z RX 775@status:1;totalspace:121866;freespace:113004;usespace:8861;#
2026-10-07T16:09:49Z RX 264@state:0;#
2026-10-07T16:09:49Z CAPTURE state=0 lifecycle=[1, 4, 0]
2026-10-07T16:09:49Z PASS lifecycle=[1, 4, 0] files=['/app/sd/normal/SP_0275.dng', '/app/sd/normal/SP_0275.jpg']
2026-10-07T16:09:49Z DONE states=[1, 4, 0] files=['/app/sd/normal/SP_0275.dng', '/app/sd/normal/SP_0275.jpg']
