2026-09-22T18:31:43Z START host=192.168.0.1:9090 shots=1 interval=10.0s bind=192.168.0.4
2026-09-22T18:31:43Z TX 1&284&2&-100#
2026-09-22T18:31:43Z RX 785@state:0;#
2026-09-22T18:31:43Z RX 284@mode:1;state:0;#
2026-09-22T18:31:43Z TX 1&820&2&-100#
2026-09-22T18:31:43Z RX 820@ret:-1;#
2026-09-22T18:31:43Z TX 1&823&2&app:openpolaris-astro-test;ver:1;#
2026-09-22T18:31:43Z TX 1&292&2&-100#
2026-09-22T18:31:43Z RX 292@state:1;#
2026-09-22T18:31:43Z PREVIEW initial_state=1
2026-09-22T18:31:43Z TX 1&291&2&state:0;#
2026-09-22T18:31:43Z RX 785@state:0;#
2026-09-22T18:31:44Z RX 291@state:0;ret:0;#
2026-09-22T18:31:44Z TX 1&292&2&-100#
2026-09-22T18:31:44Z RX 292@state:0;#
2026-09-22T18:31:44Z PREVIEW confirmed_off
2026-09-22T18:31:44Z TX 1&264&4&state:1;bulb:0;c:-1;#
2026-09-22T18:31:44Z RX 264@state:1#
2026-09-22T18:31:44Z SHOT 1 state=1 lifecycle=[1]
2026-09-22T18:31:44Z RX 785@state:0;#
2026-09-22T18:31:45Z RX 785@state:0;#
2026-09-22T18:31:46Z RX 785@state:0;#
2026-09-22T18:31:46Z RX 785@state:0;#
2026-09-22T18:31:46Z RX 296@mode:0;#
2026-09-22T18:31:46Z RX 303@state:0;#
2026-09-22T18:31:46Z RX 300@hdmi:0;#
2026-09-22T18:31:46Z RX 775@status:1;totalspace:121866;freespace:119411;usespace:2455;#
2026-09-22T18:31:46Z RX 778@capacity:100;charge:2;#
2026-09-22T18:31:46Z RX 826@state:0;#
2026-09-22T18:31:46Z RX 802@band:1;#
2026-09-22T18:31:46Z RX 824@state:0;#
2026-09-22T18:31:46Z RX 524@state:1;#
2026-09-22T18:31:46Z RX 296@mode:0;#
2026-09-22T18:31:46Z RX 303@state:0;#
2026-09-22T18:31:46Z RX 300@hdmi:0;#
2026-09-22T18:31:46Z RX 775@status:1;totalspace:121866;freespace:119411;usespace:2455;#
2026-09-22T18:31:46Z RX 778@capacity:100;charge:2;#
2026-09-22T18:31:46Z RX 826@state:0;#
2026-09-22T18:31:46Z RX 802@band:1;#
2026-09-22T18:31:46Z RX 824@state:0;#
2026-09-22T18:31:46Z RX 804@state:1;#
2026-09-22T18:31:46Z RX 524@state:1;#
2026-09-22T18:31:46Z RX 780@hw:1.1.1.2;sw:8.0.0.76;exAxis:1.0.2.14;sv:1;ov: ;#
2026-09-22T18:31:46Z RX 804@state:1;#
2026-09-22T18:31:47Z RX 785@state:0;#
2026-09-22T18:31:47Z RX 296@mode:0;#
2026-09-22T18:31:47Z RX 303@state:0;#
2026-09-22T18:31:47Z RX 300@hdmi:0;#
2026-09-22T18:31:47Z RX 775@status:1;totalspace:121866;freespace:119411;usespace:2455;#
2026-09-22T18:31:47Z RX 778@capacity:100;charge:2;#
2026-09-22T18:31:47Z RX 826@state:0;#
2026-09-22T18:31:47Z RX 802@band:1;#
2026-09-22T18:31:47Z RX 824@state:0;#
2026-09-22T18:31:47Z RX 524@state:1;#
2026-09-22T18:31:47Z RX 296@mode:0;#
2026-09-22T18:31:47Z RX 303@state:0;#
2026-09-22T18:31:47Z RX 300@hdmi:0;#
2026-09-22T18:31:47Z RX 775@status:1;totalspace:121866;freespace:119411;usespace:2455;#
2026-09-22T18:31:47Z RX 778@capacity:100;charge:2;#
2026-09-22T18:31:47Z RX 826@state:0;#
2026-09-22T18:31:47Z RX 802@band:1;#
2026-09-22T18:31:47Z RX 824@state:0;#
2026-09-22T18:31:47Z RX 524@state:1;#
2026-09-22T18:31:47Z RX 780@hw:1.1.1.2;sw:8.0.0.76;exAxis:1.0.2.14;sv:1;ov: ;#
2026-09-22T18:31:47Z RX 804@state:1;#
2026-09-22T18:31:47Z RX 804@state:1;#
2026-09-22T18:31:47Z RX 808@ret:0;#
2026-09-22T18:31:47Z RX 785@state:0;#
2026-09-22T18:31:47Z RX 808@ret:0;#
2026-09-22T18:31:48Z RX 296@mode:0;#
2026-09-22T18:31:48Z RX 303@state:0;#
2026-09-22T18:31:48Z RX 300@hdmi:0;#
2026-09-22T18:31:48Z RX 775@status:1;totalspace:121866;freespace:119411;usespace:2455;#
2026-09-22T18:31:48Z RX 778@capacity:100;charge:2;#
2026-09-22T18:31:48Z RX 826@state:0;#
2026-09-22T18:31:48Z RX 802@band:1;#
2026-09-22T18:31:48Z RX 824@state:0;#
2026-09-22T18:31:48Z RX 524@state:1;#
2026-09-22T18:31:48Z RX 296@mode:0;#
2026-09-22T18:31:48Z RX 303@state:0;#
2026-09-22T18:31:48Z RX 300@hdmi:0;#
2026-09-22T18:31:48Z RX 775@status:1;totalspace:121866;freespace:119411;usespace:2455;#
2026-09-22T18:31:48Z RX 778@capacity:100;charge:2;#
2026-09-22T18:31:48Z RX 826@state:0;#
2026-09-22T18:31:48Z RX 802@band:1;#
2026-09-22T18:31:48Z RX 824@state:0;#
2026-09-22T18:31:48Z RX 524@state:1;#
2026-09-22T18:31:48Z RX 780@hw:1.1.1.2;sw:8.0.0.76;exAxis:1.0.2.14;sv:1;ov: ;#
2026-09-22T18:31:48Z RX 804@state:1;#
2026-09-22T18:31:48Z RX 804@state:1;#
2026-09-22T18:31:48Z RX 808@ret:0;#
2026-09-22T18:31:53Z RX 790@step:1;password:MTIzNA==;securityQ:3;securityA:Q2hyaXN0b3BoZXI=;#
2026-09-22T18:31:53Z RX 524@state:1;#
2026-09-22T18:31:53Z RX 304@state:0;#
2026-09-22T18:31:53Z RX 284@mode:1;state:1;#
2026-09-22T18:31:53Z RX 790@step:1;password:MTIzNA==;securityQ:3;securityA:Q2hyaXN0b3BoZXI=;#
2026-09-22T18:31:54Z RX 799@ret:-1;#
2026-09-22T18:31:54Z RX 808@ret:0;#
2026-09-22T18:31:54Z RX 775@status:1;totalspace:121866;freespace:119411;usespace:2455;#
2026-09-22T18:31:54Z RX 778@capacity:100;charge:2;#
2026-09-22T18:31:54Z RX 547@en:1;#
2026-09-22T18:31:54Z RX 306@type:1;#
2026-09-22T18:31:54Z RX 545@dir:0;#
2026-09-22T18:31:54Z RX 272@step:9;state:1;#
2026-09-22T18:31:54Z RX 271@step:11;state:1;#
2026-09-22T18:31:54Z RX 517@yaw:2.314283;pitch:0.470648;roll:-0.083466;#
2026-09-22T18:31:54Z RX 545@dir:0;#
2026-09-22T18:31:54Z RX 802@band:1;#
2026-09-22T18:31:54Z RX 296@mode:0;#
2026-09-22T18:31:54Z RX 782@ret:0#
2026-09-22T18:31:54Z RX 286@manufacturer:ricoh imaging company, ltd.;model:pentax k-3 mark iii;state:1;storage:2;photoFormat:2;#
2026-09-22T18:31:54Z RX 543@time:2;#
2026-09-22T18:31:54Z RX 547@en:1;#
2026-09-22T18:31:54Z RX 517@yaw:2.314281;pitch:0.470648;roll:-0.083473;#
2026-09-22T18:32:06Z RX 525@Tempa509ca361c0000255a ;#
2026-09-22T18:32:30Z RX 296@mode:0;#
2026-09-22T18:32:30Z RX 303@state:0;#
2026-09-22T18:32:30Z RX 300@hdmi:0;#
2026-09-22T18:32:30Z RX 775@status:1;totalspace:121866;freespace:119411;usespace:2455;#
2026-09-22T18:32:30Z RX 778@capacity:100;charge:2;#
2026-09-22T18:32:30Z RX 826@state:0;#
2026-09-22T18:32:30Z RX 802@band:1;#
2026-09-22T18:32:30Z RX 824@state:0;#
2026-09-22T18:32:30Z RX 524@state:1;#
2026-09-22T18:32:30Z RX 296@mode:0;#
2026-09-22T18:32:30Z RX 303@state:0;#
2026-09-22T18:32:30Z RX 300@hdmi:0;#
2026-09-22T18:32:30Z RX 775@status:1;totalspace:121866;freespace:119411;usespace:2455;#
2026-09-22T18:32:30Z RX 778@capacity:100;charge:2;#
2026-09-22T18:32:30Z RX 826@state:0;#
2026-09-22T18:32:30Z RX 802@band:1;#
2026-09-22T18:32:30Z RX 824@state:0;#
2026-09-22T18:32:30Z RX 524@state:1;#
2026-09-22T18:32:30Z RX 780@hw:1.1.1.2;sw:8.0.0.76;exAxis:1.0.2.14;sv:1;ov: ;#
2026-09-22T18:32:30Z RX 804@state:1;#
2026-09-22T18:32:30Z RX 804@state:1;#
2026-09-22T18:32:30Z RX 517@yaw:2.314281;pitch:0.470647;roll:-0.083469;#
2026-09-22T18:32:30Z RX 775@status:1;totalspace:121866;freespace:119411;usespace:2455;#
2026-09-22T18:32:30Z RX 778@capacity:100;charge:2;#
2026-09-22T18:32:30Z RX 775@status:1;totalspace:121866;freespace:119411;usespace:2455;#
2026-09-22T18:32:30Z RX 778@capacity:100;charge:2;#
2026-09-22T18:32:30Z RX 545@dir:0;#
2026-09-22T18:32:30Z RX 545@dir:0;#
2026-09-22T18:32:36Z RX 525@Tempa509ca361c0000255a ;#
2026-09-22T18:32:47Z RX 264@state:-1005#
2026-09-22T18:32:47Z SHOT 1 state=-1005 lifecycle=[1, -1005]
2026-09-22T18:32:47Z TX 1&291&2&state:1;#
2026-09-22T18:32:47Z RX 265@RD:0;V:1;R:100,200,400,800,1600,3200,6400,12800,25600,51200,102400,204800,409600,819200,1600000,;#
2026-09-22T18:32:47Z RX 268@RD:0;V:27;R:1/8000,1/6400,1/5000,1/4000,1/3200,1/2500,1/2000,1/1600,1/1250,1/1000,1/800,1/640,1/500,1/400,1/320,1/250,1/200,1/160,1/125,1/100,1/80,1/60,1/50,1/40,1/30,1/25,1/20,1/15,1/13,1/10,1/8,1/6,1/5,1/4,3/10,4/10,5/10,6/10,8/10,1s,13/10,16/10,2s,25/10,3s,4s,5s,6s,8s,10s,13s,15s,20s,25s,30s,;#
2026-09-22T18:32:47Z RX 275@RD:0;V:18;R:f/22,f/20,f/18,f/16,f/14,f/13,f/11,f/10,f/9,f/8,f/7.1,f/6.3,f/5.6,f/5,f/4.5,f/4,f/3.5,f/3.2,f/2.8,;#
2026-09-22T18:32:47Z RX 267@RD:0;V:15;R:5,4.7,4.3,4,3.7,3.3,3,2.7,2.3,2,1.7,1.3,1,0.7,0.3,0,-0.3,-0.7,-1,-1.3,-1.7,-2,-2.3,-2.7,-3,-3.3,-3.7,-4,-4.3,-4.7,-5,;#
2026-09-22T18:32:47Z RX 266@RD:0;V:0;R:Automatic,Daylight,Cloudy,Fluorescent- Daylight,Fluorescent- Day White,Fluorescent- White,Fluorescent- Tungsten,Tungsten,;#
2026-09-22T18:32:47Z RX 282@format:3;#
2026-09-22T18:32:47Z RX 265@RD:0;V:1;R:100,200,400,800,1600,3200,6400,12800,25600,51200,102400,204800,409600,819200,1600000,;#
2026-09-22T18:32:47Z RX 268@RD:0;V:27;R:1/8000,1/6400,1/5000,1/4000,1/3200,1/2500,1/2000,1/1600,1/1250,1/1000,1/800,1/640,1/500,1/400,1/320,1/250,1/200,1/160,1/125,1/100,1/80,1/60,1/50,1/40,1/30,1/25,1/20,1/15,1/13,1/10,1/8,1/6,1/5,1/4,3/10,4/10,5/10,6/10,8/10,1s,13/10,16/10,2s,25/10,3s,4s,5s,6s,8s,10s,13s,15s,20s,25s,30s,;#
2026-09-22T18:32:47Z RX 275@RD:0;V:18;R:f/22,f/20,f/18,f/16,f/14,f/13,f/11,f/10,f/9,f/8,f/7.1,f/6.3,f/5.6,f/5,f/4.5,f/4,f/3.5,f/3.2,f/2.8,;#
2026-09-22T18:32:47Z RX 267@RD:0;V:15;R:5,4.7,4.3,4,3.7,3.3,3,2.7,2.3,2,1.7,1.3,1,0.7,0.3,0,-0.3,-0.7,-1,-1.3,-1.7,-2,-2.3,-2.7,-3,-3.3,-3.7,-4,-4.3,-4.7,-5,;#
2026-09-22T18:32:47Z RX 266@RD:0;V:0;R:Automatic,Daylight,Cloudy,Fluorescent- Daylight,Fluorescent- Day White,Fluorescent- White,Fluorescent- Tungsten,Tungsten,;#
2026-09-22T18:32:49Z RX 291@state:1;ret:0;#
2026-09-22T18:32:49Z TX 1&292&2&-100#
2026-09-22T18:32:49Z RX 292@state:1;#
2026-09-22T18:32:49Z PREVIEW restored_on
2026-09-22T18:32:49Z FAIL RuntimeError: shot 1: terminal failure state -1005; lifecycle=[1, -1005]
