2026-09-16T21:08:09Z START host=192.168.0.1:9090 shots=1 interval=10.0s bind=192.168.0.4
2026-09-16T21:08:09Z TX 1&284&2&-100#
2026-09-16T21:08:09Z RX 785@state:0;#
2026-09-16T21:08:09Z RX 284@mode:1;state:0;#
2026-09-16T21:08:09Z TX 1&820&2&-100#
2026-09-16T21:08:09Z RX 820@ret:-1;#
2026-09-16T21:08:09Z TX 1&823&2&app:openpolaris-astro-test;ver:1;#
2026-09-16T21:08:09Z TX 1&292&2&-100#
2026-09-16T21:08:09Z RX 292@state:1;#
2026-09-16T21:08:09Z PREVIEW initial_state=1
2026-09-16T21:08:09Z TX 1&291&2&state:0;#
2026-09-16T21:08:09Z RX 785@state:0;#
2026-09-16T21:08:10Z RX 785@state:0;#
2026-09-16T21:08:10Z RX 284@mode:1;state:0;#
2026-09-16T21:08:10Z RX 820@ret:-1;#
2026-09-16T21:08:10Z RX 284@mode:1;state:0;#
2026-09-16T21:08:10Z RX 291@state:0;ret:0;#
2026-09-16T21:08:10Z TX 1&292&2&-100#
2026-09-16T21:08:10Z RX 266@RD:0;V:;R:Automatic,0,Daylight,Cloudy,Fluorescent- Daylight,Fluorescent- Day White,Fluorescent- White,Fluorescent- Tungsten,0,Tungsten,0,0,0,0,0,0,0,;#
2026-09-16T21:08:10Z RX 292@state:0;#
2026-09-16T21:08:10Z PREVIEW confirmed_off
2026-09-16T21:08:10Z TX 1&264&4&state:1;bulb:0;c:-1;#
2026-09-16T21:08:10Z RX 525@Tempa509ca361c0000255a ;#
2026-09-16T21:08:10Z RX 524@state:0;#
2026-09-16T21:08:10Z RX 517@yaw:1.655264;pitch:0.703640;roll:-0.116466;#
2026-09-16T21:08:10Z RX 524@state:1;#
2026-09-16T21:08:10Z RX 785@state:0;#
2026-09-16T21:08:10Z RX 264@state:1#
2026-09-16T21:08:10Z SHOT 1 state=1 lifecycle=[1]
2026-09-16T21:08:10Z RX 778@capacity:22;charge:1;#
2026-09-16T21:08:11Z RX 284@mode:1;state:1;#
2026-09-16T21:08:11Z RX 517@yaw:1.655263;pitch:0.703641;roll:-0.116467;#
2026-09-16T21:08:11Z RX 785@state:0;#
2026-09-16T21:08:12Z RX 785@state:0;#
2026-09-16T21:08:12Z RX 284@mode:1;state:1;#
2026-09-16T21:08:12Z RX 517@yaw:1.655262;pitch:0.703640;roll:-0.116468;#
2026-09-16T21:08:13Z RX 264@state:4;#
2026-09-16T21:08:13Z SHOT 1 state=4 lifecycle=[1, 4]
2026-09-16T21:08:13Z RX 785@state:0;#
2026-09-16T21:08:13Z RX 785@state:0;#
2026-09-16T21:08:13Z RX 284@mode:1;state:0;#
2026-09-16T21:08:13Z RX 517@yaw:1.655262;pitch:0.703639;roll:-0.116468;#
2026-09-16T21:08:13Z RX 266@RD:0;V:;R:Automatic,0,Daylight,Cloudy,Fluorescent- Daylight,Fluorescent- Day White,Fluorescent- White,Fluorescent- Tungsten,0,Tungsten,0,0,0,0,0,0,0,;#
2026-09-16T21:08:14Z RX 773@type:1;path:/app/sd/normal/SP_0045.dng;size:28367021;cTime:2026-09-16 22:08:15;duration:0;#
2026-09-16T21:08:14Z SHOT 1 file=/app/sd/normal/SP_0045.dng
2026-09-16T21:08:14Z SHOT 1 PASS lifecycle=[1, 4] file=/app/sd/normal/SP_0045.dng
2026-09-16T21:08:14Z TX 1&291&2&state:1;#
2026-09-16T21:08:14Z RX 775@status:1;totalspace:121866;freespace:120176;usespace:1690;#
2026-09-16T21:08:14Z RX 264@state:0;#
2026-09-16T21:08:14Z RX 785@state:0;#
2026-09-16T21:08:14Z RX 284@mode:1;state:0;#
2026-09-16T21:08:14Z RX 517@yaw:1.655263;pitch:0.703638;roll:-0.116466;#
2026-09-16T21:08:15Z RX 291@state:1;ret:0;#
2026-09-16T21:08:15Z TX 1&292&2&-100#
2026-09-16T21:08:15Z RX 292@state:1;#
2026-09-16T21:08:15Z PREVIEW restored_on
2026-09-16T21:08:15Z PASS shots=1
