2026-09-16T21:08:27Z START host=192.168.0.1:9090 shots=5 interval=30.0s bind=192.168.0.4
2026-09-16T21:08:27Z TX 1&284&2&-100#
2026-09-16T21:08:27Z RX 785@state:0;#
2026-09-16T21:08:27Z RX 284@mode:1;state:0;#
2026-09-16T21:08:27Z TX 1&820&2&-100#
2026-09-16T21:08:27Z RX 820@ret:-1;#
2026-09-16T21:08:27Z TX 1&823&2&app:openpolaris-astro-test;ver:1;#
2026-09-16T21:08:27Z TX 1&292&2&-100#
2026-09-16T21:08:28Z RX 292@state:1;#
2026-09-16T21:08:28Z PREVIEW initial_state=1
2026-09-16T21:08:28Z TX 1&291&2&state:0;#
2026-09-16T21:08:28Z RX 785@state:0;#
2026-09-16T21:08:29Z RX 291@state:0;ret:0;#
2026-09-16T21:08:29Z TX 1&292&2&-100#
2026-09-16T21:08:29Z RX 292@state:0;#
2026-09-16T21:08:29Z PREVIEW confirmed_off
2026-09-16T21:08:29Z TX 1&264&4&state:1;bulb:0;c:-1;#
2026-09-16T21:08:29Z RX 264@state:1#
2026-09-16T21:08:29Z SHOT 1 state=1 lifecycle=[1]
2026-09-16T21:08:29Z RX 785@state:0;#
2026-09-16T21:08:30Z RX 785@state:0;#
2026-09-16T21:08:31Z RX 264@state:4;#
2026-09-16T21:08:31Z SHOT 1 state=4 lifecycle=[1, 4]
2026-09-16T21:08:31Z RX 785@state:0;#
2026-09-16T21:08:32Z RX 773@type:1;path:/app/sd/normal/SP_0046.dng;size:28525099;cTime:2026-09-16 22:08:33;duration:0;#
2026-09-16T21:08:32Z SHOT 1 file=/app/sd/normal/SP_0046.dng
2026-09-16T21:08:32Z SHOT 1 PASS lifecycle=[1, 4] file=/app/sd/normal/SP_0046.dng
2026-09-16T21:08:32Z INTERVAL sleeping=30.0s
2026-09-16T21:09:02Z TX 1&264&4&state:1;bulb:0;c:-1;#
2026-09-16T21:09:02Z RX 775@status:1;totalspace:121866;freespace:120149;usespace:1717;#
2026-09-16T21:09:02Z RX 264@state:0;#
2026-09-16T21:09:02Z SHOT 2 state=0 lifecycle=[0]
2026-09-16T21:09:02Z RX 785@state:0;#
2026-09-16T21:09:02Z RX 785@state:0;#
2026-09-16T21:09:02Z RX 785@state:0;#
2026-09-16T21:09:02Z RX 785@state:0;#
2026-09-16T21:09:02Z RX 785@state:0;#
2026-09-16T21:09:02Z RX 525@Tempa509ca361c0000255a ;#
2026-09-16T21:09:02Z RX 785@state:0;#
2026-09-16T21:09:02Z RX 785@state:0;#
2026-09-16T21:09:02Z RX 785@state:0;#
2026-09-16T21:09:02Z RX 785@state:0;#
2026-09-16T21:09:02Z RX 785@state:0;#
2026-09-16T21:09:02Z RX 785@state:0;#
2026-09-16T21:09:02Z RX 785@state:0;#
2026-09-16T21:09:02Z RX 785@state:0;#
2026-09-16T21:09:02Z RX 785@state:0;#
2026-09-16T21:09:02Z RX 785@state:0;#
2026-09-16T21:09:02Z RX 785@state:0;#
2026-09-16T21:09:02Z RX 785@state:0;#
2026-09-16T21:09:02Z RX 785@state:0;#
2026-09-16T21:09:02Z RX 785@state:0;#
2026-09-16T21:09:02Z RX 785@state:0;#
2026-09-16T21:09:02Z RX 785@state:0;#
2026-09-16T21:09:02Z RX 785@state:0;#
2026-09-16T21:09:02Z RX 785@state:0;#
2026-09-16T21:09:02Z RX 785@state:0;#
2026-09-16T21:09:02Z RX 785@state:0;#
2026-09-16T21:09:02Z RX 785@state:0;#
2026-09-16T21:09:02Z RX 785@state:0;#
2026-09-16T21:09:02Z RX 785@state:0;#
2026-09-16T21:09:02Z RX 785@state:0;#
2026-09-16T21:09:02Z RX 785@state:0;#
2026-09-16T21:09:02Z RX 785@state:0;#
2026-09-16T21:09:02Z RX 264@state:1#
2026-09-16T21:09:02Z SHOT 2 state=1 lifecycle=[0, 1]
2026-09-16T21:09:02Z RX 785@state:0;#
2026-09-16T21:09:03Z RX 785@state:0;#
2026-09-16T21:09:04Z RX 785@state:0;#
2026-09-16T21:09:04Z RX 264@state:4;#
2026-09-16T21:09:04Z SHOT 2 state=4 lifecycle=[0, 1, 4]
2026-09-16T21:09:05Z RX 785@state:0;#
2026-09-16T21:09:05Z RX 773@type:1;path:/app/sd/normal/SP_0047.dng;size:28570691;cTime:2026-09-16 22:09:06;duration:0;#
2026-09-16T21:09:05Z SHOT 2 file=/app/sd/normal/SP_0047.dng
2026-09-16T21:09:05Z SHOT 2 PASS lifecycle=[0, 1, 4] file=/app/sd/normal/SP_0047.dng
2026-09-16T21:09:05Z INTERVAL sleeping=30.0s
2026-09-16T21:09:35Z TX 1&264&4&state:1;bulb:0;c:-1;#
2026-09-16T21:09:35Z RX 775@status:1;totalspace:121866;freespace:120121;usespace:1744;#
2026-09-16T21:09:35Z RX 264@state:0;#
2026-09-16T21:09:35Z SHOT 3 state=0 lifecycle=[0]
2026-09-16T21:09:35Z RX 785@state:0;#
2026-09-16T21:09:35Z RX 525@Tempa509ca361c0000255a ;#
2026-09-16T21:09:35Z RX 785@state:0;#
2026-09-16T21:09:35Z RX 785@state:0;#
2026-09-16T21:09:35Z RX 785@state:0;#
2026-09-16T21:09:35Z RX 524@state:0;#
2026-09-16T21:09:35Z RX 785@state:0;#
2026-09-16T21:09:35Z RX 778@capacity:23;charge:1;#
2026-09-16T21:09:35Z RX 785@state:0;#
2026-09-16T21:09:35Z RX 524@state:1;#
2026-09-16T21:09:35Z RX 785@state:0;#
2026-09-16T21:09:35Z RX 785@state:0;#
2026-09-16T21:09:35Z RX 785@state:0;#
2026-09-16T21:09:35Z RX 785@state:0;#
2026-09-16T21:09:35Z RX 785@state:0;#
2026-09-16T21:09:35Z RX 785@state:0;#
2026-09-16T21:09:35Z RX 785@state:0;#
2026-09-16T21:09:35Z RX 785@state:0;#
2026-09-16T21:09:35Z RX 785@state:0;#
2026-09-16T21:09:35Z RX 785@state:0;#
2026-09-16T21:09:35Z RX 785@state:0;#
2026-09-16T21:09:35Z RX 785@state:0;#
2026-09-16T21:09:35Z RX 785@state:0;#
2026-09-16T21:09:35Z RX 785@state:0;#
2026-09-16T21:09:35Z RX 785@state:0;#
2026-09-16T21:09:35Z RX 785@state:0;#
2026-09-16T21:09:35Z RX 785@state:0;#
2026-09-16T21:09:35Z RX 785@state:0;#
2026-09-16T21:09:35Z RX 785@state:0;#
2026-09-16T21:09:35Z RX 785@state:0;#
2026-09-16T21:09:35Z RX 785@state:0;#
2026-09-16T21:09:35Z RX 785@state:0;#
2026-09-16T21:09:35Z RX 785@state:0;#
2026-09-16T21:09:35Z RX 785@state:0;#
2026-09-16T21:09:35Z RX 785@state:0;#
2026-09-16T21:09:35Z RX 264@state:1#
2026-09-16T21:09:35Z SHOT 3 state=1 lifecycle=[0, 1]
2026-09-16T21:09:36Z RX 785@state:0;#
2026-09-16T21:09:37Z RX 525@Tempa509ca361c0000255a ;#
2026-09-16T21:09:37Z RX 785@state:0;#
2026-09-16T21:09:38Z RX 264@state:4;#
2026-09-16T21:09:38Z SHOT 3 state=4 lifecycle=[0, 1, 4]
2026-09-16T21:09:38Z RX 785@state:0;#
2026-09-16T21:09:39Z RX 773@type:1;path:/app/sd/normal/SP_0048.dng;size:28378325;cTime:2026-09-16 22:09:40;duration:0;#
2026-09-16T21:09:39Z SHOT 3 file=/app/sd/normal/SP_0048.dng
2026-09-16T21:09:39Z SHOT 3 PASS lifecycle=[0, 1, 4] file=/app/sd/normal/SP_0048.dng
2026-09-16T21:09:39Z INTERVAL sleeping=30.0s
2026-09-16T21:10:09Z TX 1&264&4&state:1;bulb:0;c:-1;#
2026-09-16T21:10:09Z RX 775@status:1;totalspace:121866;freespace:120094;usespace:1771;#
2026-09-16T21:10:09Z RX 264@state:0;#
2026-09-16T21:10:09Z SHOT 4 state=0 lifecycle=[0]
2026-09-16T21:10:09Z RX 785@state:0;#
2026-09-16T21:10:09Z RX 785@state:0;#
2026-09-16T21:10:09Z RX 785@state:0;#
2026-09-16T21:10:09Z RX 785@state:0;#
2026-09-16T21:10:09Z RX 785@state:0;#
2026-09-16T21:10:09Z RX 785@state:0;#
2026-09-16T21:10:09Z RX 785@state:0;#
2026-09-16T21:10:09Z RX 785@state:0;#
2026-09-16T21:10:09Z RX 785@state:0;#
2026-09-16T21:10:09Z RX 785@state:0;#
2026-09-16T21:10:09Z RX 785@state:0;#
2026-09-16T21:10:09Z RX 785@state:0;#
2026-09-16T21:10:09Z RX 785@state:0;#
2026-09-16T21:10:09Z RX 785@state:0;#
2026-09-16T21:10:09Z RX 785@state:0;#
2026-09-16T21:10:09Z RX 785@state:0;#
2026-09-16T21:10:09Z RX 785@state:0;#
2026-09-16T21:10:09Z RX 785@state:0;#
2026-09-16T21:10:09Z RX 785@state:0;#
2026-09-16T21:10:09Z RX 785@state:0;#
2026-09-16T21:10:09Z RX 785@state:0;#
2026-09-16T21:10:09Z RX 785@state:0;#
2026-09-16T21:10:09Z RX 785@state:0;#
2026-09-16T21:10:09Z RX 785@state:0;#
2026-09-16T21:10:09Z RX 785@state:0;#
2026-09-16T21:10:09Z RX 785@state:0;#
2026-09-16T21:10:09Z RX 785@state:0;#
2026-09-16T21:10:09Z RX 785@state:0;#
2026-09-16T21:10:09Z RX 785@state:0;#
2026-09-16T21:10:09Z RX 525@Tempa509ca361c0000255a ;#
2026-09-16T21:10:09Z RX 785@state:0;#
2026-09-16T21:10:09Z RX 785@state:0;#
2026-09-16T21:10:09Z RX 264@state:1#
2026-09-16T21:10:09Z SHOT 4 state=1 lifecycle=[0, 1]
2026-09-16T21:10:09Z RX 785@state:0;#
2026-09-16T21:10:10Z RX 785@state:0;#
2026-09-16T21:10:11Z RX 264@state:4;#
2026-09-16T21:10:11Z SHOT 4 state=4 lifecycle=[0, 1, 4]
2026-09-16T21:10:11Z RX 785@state:0;#
2026-09-16T21:10:12Z RX 773@type:1;path:/app/sd/normal/SP_0049.dng;size:28525329;cTime:2026-09-16 22:10:13;duration:0;#
2026-09-16T21:10:12Z SHOT 4 file=/app/sd/normal/SP_0049.dng
2026-09-16T21:10:12Z SHOT 4 PASS lifecycle=[0, 1, 4] file=/app/sd/normal/SP_0049.dng
2026-09-16T21:10:12Z INTERVAL sleeping=30.0s
2026-09-16T21:10:42Z TX 1&264&4&state:1;bulb:0;c:-1;#
2026-09-16T21:10:42Z RX 775@status:1;totalspace:121866;freespace:120067;usespace:1799;#
2026-09-16T21:10:42Z RX 264@state:0;#
2026-09-16T21:10:42Z SHOT 5 state=0 lifecycle=[0]
2026-09-16T21:10:42Z RX 785@state:0;#
2026-09-16T21:10:42Z RX 785@state:0;#
2026-09-16T21:10:42Z RX 785@state:0;#
2026-09-16T21:10:42Z RX 785@state:0;#
2026-09-16T21:10:42Z RX 785@state:0;#
2026-09-16T21:10:42Z RX 785@state:0;#
2026-09-16T21:10:42Z RX 785@state:0;#
2026-09-16T21:10:42Z RX 785@state:0;#
2026-09-16T21:10:42Z RX 785@state:0;#
2026-09-16T21:10:42Z RX 785@state:0;#
2026-09-16T21:10:42Z RX 785@state:0;#
2026-09-16T21:10:42Z RX 785@state:0;#
2026-09-16T21:10:42Z RX 785@state:0;#
2026-09-16T21:10:42Z RX 785@state:0;#
2026-09-16T21:10:42Z RX 785@state:0;#
2026-09-16T21:10:42Z RX 785@state:0;#
2026-09-16T21:10:42Z RX 785@state:0;#
2026-09-16T21:10:42Z RX 785@state:0;#
2026-09-16T21:10:42Z RX 785@state:0;#
2026-09-16T21:10:42Z RX 785@state:0;#
2026-09-16T21:10:42Z RX 785@state:0;#
2026-09-16T21:10:42Z RX 785@state:0;#
2026-09-16T21:10:42Z RX 785@state:0;#
2026-09-16T21:10:42Z RX 785@state:0;#
2026-09-16T21:10:42Z RX 785@state:0;#
2026-09-16T21:10:42Z RX 785@state:0;#
2026-09-16T21:10:42Z RX 785@state:0;#
2026-09-16T21:10:42Z RX 785@state:0;#
2026-09-16T21:10:42Z RX 785@state:0;#
2026-09-16T21:10:42Z RX 785@state:0;#
2026-09-16T21:10:42Z RX 785@state:0;#
2026-09-16T21:10:42Z RX 264@state:1#
2026-09-16T21:10:42Z SHOT 5 state=1 lifecycle=[0, 1]
2026-09-16T21:10:42Z RX 785@state:0;#
2026-09-16T21:10:43Z RX 785@state:0;#
2026-09-16T21:10:44Z RX 785@state:0;#
2026-09-16T21:10:45Z RX 264@state:4;#
2026-09-16T21:10:45Z SHOT 5 state=4 lifecycle=[0, 1, 4]
2026-09-16T21:10:45Z RX 785@state:0;#
2026-09-16T21:10:45Z RX 773@type:1;path:/app/sd/normal/SP_0050.dng;size:28531815;cTime:2026-09-16 22:10:46;duration:0;#
2026-09-16T21:10:45Z SHOT 5 file=/app/sd/normal/SP_0050.dng
2026-09-16T21:10:45Z SHOT 5 PASS lifecycle=[0, 1, 4] file=/app/sd/normal/SP_0050.dng
2026-09-16T21:10:45Z TX 1&291&2&state:1;#
2026-09-16T21:10:45Z RX 775@status:1;totalspace:121866;freespace:120040;usespace:1826;#
2026-09-16T21:10:45Z RX 264@state:0;#
2026-09-16T21:10:46Z RX 785@state:0;#
2026-09-16T21:10:46Z RX 291@state:1;ret:0;#
2026-09-16T21:10:46Z TX 1&292&2&-100#
2026-09-16T21:10:46Z RX 292@state:1;#
2026-09-16T21:10:46Z PREVIEW restored_on
2026-09-16T21:10:46Z PASS shots=5
