2026-09-16T21:12:35Z START host=192.168.0.1:9090 shots=1 interval=10.0s bind=192.168.0.4
2026-09-16T21:12:35Z TX 1&284&2&-100#
2026-09-16T21:12:35Z RX 284@mode:1;state:0;#
2026-09-16T21:12:35Z TX 1&820&2&-100#
2026-09-16T21:12:35Z RX 785@state:0;#
2026-09-16T21:12:35Z RX 820@ret:-1;#
2026-09-16T21:12:35Z TX 1&823&2&app:openpolaris-astro-test;ver:1;#
2026-09-16T21:12:35Z TX 1&292&2&-100#
2026-09-16T21:12:35Z RX 292@state:1;#
2026-09-16T21:12:35Z PREVIEW initial_state=1
2026-09-16T21:12:35Z TX 1&291&2&state:0;#
2026-09-16T21:12:36Z RX 785@state:0;#
2026-09-16T21:12:36Z RX 291@state:0;ret:0;#
2026-09-16T21:12:36Z TX 1&292&2&-100#
2026-09-16T21:12:36Z RX 292@state:0;#
2026-09-16T21:12:36Z PREVIEW confirmed_off
2026-09-16T21:12:36Z TX 1&264&4&state:1;bulb:0;c:-1;#
2026-09-16T21:12:36Z RX 264@state:1#
2026-09-16T21:12:36Z SHOT 1 state=1 lifecycle=[1]
2026-09-16T21:12:37Z RX 785@state:0;#
2026-09-16T21:12:38Z RX 785@state:0;#
2026-09-16T21:12:39Z RX 264@state:4;#
2026-09-16T21:12:39Z SHOT 1 state=4 lifecycle=[1, 4]
2026-09-16T21:12:39Z RX 785@state:0;#
2026-09-16T21:12:40Z RX 773@type:1;path:/app/sd/normal/SP_0051.dng;size:28385516;cTime:2026-09-16 22:12:41;duration:0;#
2026-09-16T21:12:40Z SHOT 1 file=/app/sd/normal/SP_0051.dng
2026-09-16T21:12:40Z SHOT 1 PASS lifecycle=[1, 4] file=/app/sd/normal/SP_0051.dng
2026-09-16T21:12:40Z TX 1&291&2&state:1;#
2026-09-16T21:12:40Z RX 775@status:1;totalspace:121866;freespace:120012;usespace:1853;#
2026-09-16T21:12:40Z RX 264@state:0;#
2026-09-16T21:12:40Z RX 785@state:0;#
2026-09-16T21:12:41Z RX 291@state:1;ret:0;#
2026-09-16T21:12:41Z TX 1&292&2&-100#
2026-09-16T21:12:41Z RX 292@state:1;#
2026-09-16T21:12:41Z PREVIEW restored_on
2026-09-16T21:12:41Z PASS shots=1
