2026-09-16T21:21:00Z TX 1&284&2&-100#
2026-09-16T21:21:00Z RX 785@state:0;#
2026-09-16T21:21:00Z RX 284@mode:1;state:0;#
2026-09-16T21:21:00Z TX 1&820&2&-100#
2026-09-16T21:21:00Z RX 820@ret:-1;#
2026-09-16T21:21:00Z TX 1&823&2&app:openpolaris-focus-test;ver:1;#
2026-09-16T21:21:00Z TX 1&292&2&-100#
2026-09-16T21:21:00Z RX 292@state:1;#
2026-09-16T21:21:00Z PREVIEW_BEFORE 292@state:1;
2026-09-16T21:21:00Z TX 1&262&1&mod:0;f:0;#
2026-09-16T21:21:01Z RX 785@state:0;#
2026-09-16T21:21:02Z RX 785@state:0;#
2026-09-16T21:21:03Z RX 785@state:0;#
2026-09-16T21:21:04Z RX 785@state:0;#
2026-09-16T21:21:05Z RX 785@state:0;#
2026-09-16T21:21:06Z RX 785@state:0;#
2026-09-16T21:21:06Z RX 262@mod:0;f:0;ret:0;#
2026-09-16T21:21:06Z AF REPLY 262@mod:0;f:0;ret:0;
2026-09-16T21:21:09Z TX 1&262&1&mod:1;f:6;#
2026-09-16T21:21:09Z RX 785@state:0;#
2026-09-16T21:21:09Z RX 785@state:0;#
2026-09-16T21:21:09Z RX 785@state:0;#
2026-09-16T21:21:09Z RX 785@state:0;#
2026-09-16T21:21:09Z RX 262@mod:1;f:6;ret:0;#
2026-09-16T21:21:09Z MF_SIDE_A REPLY 262@mod:1;f:6;ret:0;
2026-09-16T21:21:12Z TX 1&262&1&mod:1;f:2;#
2026-09-16T21:21:12Z RX 785@state:0;#
2026-09-16T21:21:12Z RX 785@state:0;#
2026-09-16T21:21:12Z RX 785@state:0;#
2026-09-16T21:21:12Z RX 262@mod:1;f:2;ret:0;#
2026-09-16T21:21:12Z MF_SIDE_B REPLY 262@mod:1;f:2;ret:0;
2026-09-16T21:21:15Z TX 1&292&2&-100#
2026-09-16T21:21:15Z RX 785@state:0;#
2026-09-16T21:21:15Z RX 785@state:0;#
2026-09-16T21:21:15Z RX 785@state:0;#
2026-09-16T21:21:15Z RX 292@state:1;#
2026-09-16T21:21:15Z PREVIEW_AFTER 292@state:1;
