2026-09-22T18:42:00Z START host=192.168.0.1:9090 shots=3 interval=10.0s bind=192.168.0.4
2026-09-22T18:42:00Z TX 1&284&2&-100#
2026-09-22T18:42:00Z RX 785@state:0;#
2026-09-22T18:42:00Z RX 284@mode:1;state:0;#
2026-09-22T18:42:00Z TX 1&820&2&-100#
2026-09-22T18:42:00Z RX 785@state:0;#
2026-09-22T18:42:00Z RX 820@ret:-1;#
2026-09-22T18:42:00Z TX 1&823&2&app:openpolaris-astro-test;ver:1;#
2026-09-22T18:42:00Z TX 1&292&2&-100#
2026-09-22T18:42:00Z RX 292@state:1;#
2026-09-22T18:42:00Z PREVIEW initial_state=1
2026-09-22T18:42:00Z TX 1&291&2&state:0;#
2026-09-22T18:42:01Z RX 785@state:0;#
2026-09-22T18:42:01Z RX 291@state:0;ret:0;#
2026-09-22T18:42:01Z TX 1&292&2&-100#
2026-09-22T18:42:01Z RX 292@state:0;#
2026-09-22T18:42:01Z PREVIEW confirmed_off
2026-09-22T18:42:01Z TX 1&264&4&state:1;bulb:0;c:-1;#
2026-09-22T18:42:01Z RX 264@state:1#
2026-09-22T18:42:01Z SHOT 1 state=1 lifecycle=[1]
2026-09-22T18:42:02Z RX 785@state:0;#
2026-09-22T18:42:02Z RX 264@state:4;#
2026-09-22T18:42:02Z SHOT 1 state=4 lifecycle=[1, 4]
2026-09-22T18:42:03Z RX 773@type:1;path:/app/sd/normal/SP_0062.jpg;size:208575;cTime:2026-09-22 19:42:01;duration:0;#
2026-09-22T18:42:03Z SHOT 1 file=/app/sd/normal/SP_0062.jpg
2026-09-22T18:42:03Z SHOT 1 PASS lifecycle=[1, 4] file=/app/sd/normal/SP_0062.jpg
2026-09-22T18:42:03Z INTERVAL sleeping=10.0s
2026-09-22T18:42:13Z TX 1&264&4&state:1;bulb:0;c:-1;#
2026-09-22T18:42:13Z RX 775@status:1;totalspace:121866;freespace:119495;usespace:2371;#
2026-09-22T18:42:13Z RX 264@state:0;#
2026-09-22T18:42:13Z SHOT 2 state=0 lifecycle=[0]
2026-09-22T18:42:13Z RX 785@state:0;#
2026-09-22T18:42:13Z RX 785@state:0;#
2026-09-22T18:42:13Z RX 785@state:0;#
2026-09-22T18:42:13Z RX 785@state:0;#
2026-09-22T18:42:13Z RX 785@state:0;#
2026-09-22T18:42:13Z RX 785@state:0;#
2026-09-22T18:42:13Z RX 785@state:0;#
2026-09-22T18:42:13Z RX 785@state:0;#
2026-09-22T18:42:13Z RX 785@state:0;#
2026-09-22T18:42:13Z RX 785@state:0;#
2026-09-22T18:42:13Z RX 264@state:1#
2026-09-22T18:42:13Z SHOT 2 state=1 lifecycle=[0, 1]
2026-09-22T18:42:13Z RX 264@state:-1005#
2026-09-22T18:42:13Z SHOT 2 state=-1005 lifecycle=[0, 1, -1005]
2026-09-22T18:42:13Z TX 1&291&2&state:1;#
2026-09-22T18:42:13Z RX 785@state:0;#
2026-09-22T18:42:14Z RX 785@state:0;#
2026-09-22T18:42:14Z RX 291@state:1;ret:0;#
2026-09-22T18:42:14Z TX 1&292&2&-100#
2026-09-22T18:42:14Z RX 292@state:1;#
2026-09-22T18:42:14Z PREVIEW restored_on
2026-09-22T18:42:14Z FAIL RuntimeError: shot 2: terminal failure state -1005; lifecycle=[0, 1, -1005]
