[m[m[18:50:20:198 [1;32mINFO[m-]:GimbalUartRxMsgProcTask[398]:[0;35mTempa509ca361c0000255a ;
[m[18:50:20:198 [1;32mINFO[m-]:SP_SendMsgToApp[181]:[1;34mSP_SendMsgToApp success;type[2],code[525],val[Tempa509ca361c0000255a ;]
[m[m[18:50:50:285 [1;32mINFO[m-]:GimbalUartRxMsgProcTask[398]:[0;35mTempa509ca361c0000255a ;
[m[18:50:50:285 [1;32mINFO[m-]:SP_SendMsgToApp[181]:[1;34mSP_SendMsgToApp success;type[2],code[525],val[Tempa509ca361c0000255a ;]
[m[m[18:51:20:371 [1;32mINFO[m-]:GimbalUartRxMsgProcTask[398]:[0;35mTempa509ca361c0000255a ;
[m[18:51:20:371 [1;32mINFO[m-]:SP_SendMsgToApp[181]:[1;34mSP_SendMsgToApp success;type[2],code[525],val[Tempa509ca361c0000255a ;]
[m[m[18:51:50:457 [1;32mINFO[m-]:GimbalUartRxMsgProcTask[398]:[0;35mTempa509ca361c0000255a ;
[m[18:51:50:457 [1;32mINFO[m-]:SP_SendMsgToApp[181]:[1;34mSP_SendMsgToApp success;type[2],code[525],val[Tempa509ca361c0000255a ;]
[m[m[18:52:20:543 [1;32mINFO[m-]:GimbalUartRxMsgProcTask[398]:[0;35mTempa509ca361c0000255a ;
[m[18:52:20:543 [1;32mINFO[m-]:SP_SendMsgToApp[181]:[1;34mSP_SendMsgToApp success;type[2],code[525],val[Tempa509ca361c0000255a ;]
[m[m[18:52:50:629 [1;32mINFO[m-]:GimbalUartRxMsgProcTask[398]:[0;35mTempa509ca361c0000255a ;
[m[18:52:50:630 [1;32mINFO[m-]:SP_SendMsgToApp[181]:[1;34mSP_SendMsgToApp success;type[2],code[525],val[Tempa509ca361c0000255a ;]
[m[m[18:53:20:716 [1;32mINFO[m-]:GimbalUartRxMsgProcTask[398]:[0;35mTempa509ca361c0000255a ;
[m[18:53:20:716 [1;32mINFO[m-]:SP_SendMsgToApp[181]:[1;34mSP_SendMsgToApp success;type[2],code[525],val[Tempa509ca361c0000255a ;]
[m[m[18:53:50:802 [1;32mINFO[m-]:GimbalUartRxMsgProcTask[398]:[0;35mTempa509ca361c0000255a ;
[m[18:53:50:802 [1;32mINFO[m-]:SP_SendMsgToApp[181]:[1;34mSP_SendMsgToApp success;type[2],code[525],val[Tempa509ca361c0000255a ;]
[m[m[18:54:20:888 [1;32mINFO[m-]:GimbalUartRxMsgProcTask[398]:[0;35mTempa509ca361c0000255a ;
[m[18:54:20:888 [1;32mINFO[m-]:SP_SendMsgToApp[181]:[1;34mSP_SendMsgToApp success;type[2],code[525],val[Tempa509ca361c0000255a ;]
[m[m[18:54:50:974 [1;32mINFO[m-]:GimbalUartRxMsgProcTask[398]:[0;35mTempa509ca361c0000255a ;
[m[18:54:50:974 [1;32mINFO[m-]:SP_SendMsgToApp[181]:[1;34mSP_SendMsgToApp success;type[2],code[525],val[Tempa509ca361c0000255a ;]
[m[m[18:55:21:060 [1;32mINFO[m-]:GimbalUartRxMsgProcTask[398]:[0;35mTempa509ca361c0000255a ;
[m[18:55:21:061 [1;32mINFO[m-]:SP_SendMsgToApp[181]:[1;34mSP_SendMsgToApp success;type[2],code[525],val[Tempa509ca361c0000255a ;]
[m[m[18:55:51:147 [1;32mINFO[m-]:GimbalUartRxMsgProcTask[398]:[0;35mTempa509ca361c0000255a ;
[m[18:55:51:147 [1;32mINFO[m-]:SP_SendMsgToApp[181]:[1;34mSP_SendMsgToApp success;type[2],code[525],val[Tempa509ca361c0000255a ;]
[m[m[18:56:21:233 [1;32mINFO[m-]:GimbalUartRxMsgProcTask[398]:[0;35mTempa509ca361c0000255a ;
[m[18:56:21:233 [1;32mINFO[m-]:SP_SendMsgToApp[181]:[1;34mSP_SendMsgToApp success;type[2],code[525],val[Tempa509ca361c0000255a ;]
[m[m[18:56:51:319 [1;32mINFO[m-]:GimbalUartRxMsgProcTask[398]:[0;35mTempa509ca361c0000255a ;
[m[18:56:51:319 [1;32mINFO[m-]:SP_SendMsgToApp[181]:[1;34mSP_SendMsgToApp success;type[2],code[525],val[Tempa509ca361c0000255a ;]
[m[m[18:57:21:405 [1;32mINFO[m-]:GimbalUartRxMsgProcTask[398]:[0;35mTempa509ca361c0000255a ;
[m[18:57:21:405 [1;32mINFO[m-]:SP_SendMsgToApp[181]:[1;34mSP_SendMsgToApp success;type[2],code[525],val[Tempa509ca361c0000255a ;]
[m[m[18:57:51:491 [1;32mINFO[m-]:GimbalUartRxMsgProcTask[398]:[0;35mTempa509ca361c0000255a ;
[m[18:57:51:492 [1;32mINFO[m-]:SP_SendMsgToApp[181]:[1;34mSP_SendMsgToApp success;type[2],code[525],val[Tempa509ca361c0000255a ;]
[m[m[18:58:21:578 [1;32mINFO[m-]:GimbalUartRxMsgProcTask[398]:[0;35mTempa509ca361c0000255a ;
[m[18:58:21:578 [1;32mINFO[m-]:SP_SendMsgToApp[181]:[1;34mSP_SendMsgToApp success;type[2],code[525],val[Tempa509ca361c0000255a ;]
[m[m[18:58:51:664 [1;32mINFO[m-]:GimbalUartRxMsgProcTask[398]:[0;35mTempa509ca361c0000255a ;
[m[18:58:51:664 [1;32mINFO[m-]:SP_SendMsgToApp[181]:[1;34mSP_SendMsgToApp success;type[2],code[525],val[Tempa509ca361c0000255a ;]
[m[m[18:59:21:750 [1;32mINFO[m-]:GimbalUartRxMsgProcTask[398]:[0;35mTempa509ca361c0000255a ;
[m[18:59:21:750 [1;32mINFO[m-]:SP_SendMsgToApp[181]:[1;34mSP_SendMsgToApp success;type[2],code[525],val[Tempa509ca361c0000255a ;]
[m[m[18:59:51:836 [1;32mINFO[m-]:GimbalUartRxMsgProcTask[398]:[0;35mTempa509ca361c0000255a ;
[m[18:59:51:836 [1;32mINFO[m-]:SP_SendMsgToApp[181]:[1;34mSP_SendMsgToApp success;type[2],code[525],val[Tempa509ca361c0000255a ;]
[m[m[19:00:21:922 [1;32mINFO[m-]:GimbalUartRxMsgProcTask[398]:[0;35mTempa509ca361c0000255a ;
[m[19:00:21:922 [1;32mINFO[m-]:SP_SendMsgToApp[181]:[1;34mSP_SendMsgToApp success;type[2],code[525],val[Tempa509ca361c0000255a ;]
[m[m[19:00:52:008 [1;32mINFO[m-]:GimbalUartRxMsgProcTask[398]:[0;35mTempa509ca361c0000255a ;
[m[19:00:52:009 [1;32mINFO[m-]:SP_SendMsgToApp[181]:[1;34mSP_SendMsgToApp success;type[2],code[525],val[Tempa509ca361c0000255a ;]
[m[m[19:01:22:095 [1;32mINFO[m-]:GimbalUartRxMsgProcTask[398]:[0;35mTempa509ca361c0000255a ;
[m[19:01:22:095 [1;32mINFO[m-]:SP_SendMsgToApp[181]:[1;34mSP_SendMsgToApp success;type[2],code[525],val[Tempa509ca361c0000255a ;]
[m[m[19:01:52:181 [1;32mINFO[m-]:GimbalUartRxMsgProcTask[398]:[0;35mTempa509ca361c0000255a ;
[m[19:01:52:181 [1;32mINFO[m-]:SP_SendMsgToApp[181]:[1;34mSP_SendMsgToApp success;type[2],code[525],val[Tempa509ca361c0000255a ;]
[m[m[19:02:22:267 [1;32mINFO[m-]:GimbalUartRxMsgProcTask[398]:[0;35mTempa509ca361c0000255a ;
[m[19:02:22:267 [1;32mINFO[m-]:SP_SendMsgToApp[181]:[1;34mSP_SendMsgToApp success;type[2],code[525],val[Tempa509ca361c0000255a ;]
[m[m[19:02:52:353 [1;32mINFO[m-]:GimbalUartRxMsgProcTask[398]:[0;35mTempa509ca361c0000255a ;
[m[19:02:52:353 [1;32mINFO[m-]:SP_SendMsgToApp[181]:[1;34mSP_SendMsgToApp success;type[2],code[525],val[Tempa509ca361c0000255a ;]
[m[m[19:03:22:439 [1;32mINFO[m-]:GimbalUartRxMsgProcTask[398]:[0;35mTempa509ca361c0000255a ;
[m[19:03:22:439 [1;32mINFO[m-]:SP_SendMsgToApp[181]:[1;34mSP_SendMsgToApp success;type[2],code[525],val[Tempa509ca361c0000255a ;]
[m[m[19:03:52:525 [1;32mINFO[m-]:GimbalUartRxMsgProcTask[398]:[0;35mTempa509ca361c0000255a ;
[m[19:03:52:525 [1;32mINFO[m-]:SP_SendMsgToApp[181]:[1;34mSP_SendMsgToApp success;type[2],code[525],val[Tempa509ca361c0000255a ;]
[m[m[19:04:22:611 [1;32mINFO[m-]:GimbalUartRxMsgProcTask[398]:[0;35mTempa509ca361c0000255a ;
[m[19:04:22:611 [1;32mINFO[m-]:SP_SendMsgToApp[181]:[1;34mSP_SendMsgToApp success;type[2],code[525],val[Tempa509ca361c0000255a ;]
[m[m[19:04:52:697 [1;32mINFO[m-]:GimbalUartRxMsgProcTask[398]:[0;35mTempa509ca361d0000265a ;
[m[19:04:52:698 [1;32mINFO[m-]:SP_SendMsgToApp[181]:[1;34mSP_SendMsgToApp success;type[2],code[525],val[Tempa509ca361d0000265a ;]
[m[m[19:05:02:511 [1;32mINFO[m-]:SocketServerTask[139]:SOCKET_ACCEPT(201) [id=8 192.168.0.4:58342] from [1] s_u32ClientNum[2]
[m[19:05:02:511 [1;32mINFO[m-sp_msgComm]:SP_sendMsg[77]:[1;33mSP_sendMsg success; key[1004],type[5],code[1034],val[1]
[m[m[19:05:02:511 [1;32mINFO[m-]:SocketServerTask[124]:SOCKET_OPEN(201) [id=8] start
[m[19:05:02:511 [1;32mINFO[m-]:EventMsgProc[2679]:SP_EVENT_APP_CONNECT
[m[19:05:03:014 [1;31mERROR[m-]:msg_rcv_from_app_process[65]:[0;32;31mrcv msg from App[8]:type:0;code:812;val:
[m[19:05:05:522 [1;32mINFO[m-]:SocketServerTask[120]:SOCKET_CLOSE(201) [id=8] s_u32ClientNum[1]
[m[19:05:05:522 [1;31mERROR[m-]:SP_ClientCtxDel[392]:SP_ClientCtxDel:not find this is id[8]
[m[19:05:22:784 [1;32mINFO[m-]:GimbalUartRxMsgProcTask[398]:[0;35mTempa509ca361d0000265a ;
[m[19:05:22:784 [1;32mINFO[m-]:SP_SendMsgToApp[181]:[1;34mSP_SendMsgToApp success;type[2],code[525],val[Tempa509ca361d0000265a ;]
[m[m[19:05:52:870 [1;32mINFO[m-]:GimbalUartRxMsgProcTask[398]:[0;35mTempa509ca361d0000265a ;
[m[19:05:52:870 [1;32mINFO[m-]:SP_SendMsgToApp[181]:[1;34mSP_SendMsgToApp success;type[2],code[525],val[Tempa509ca361d0000265a ;]
[m[m[19:06:22:956 [1;32mINFO[m-]:GimbalUartRxMsgProcTask[398]:[0;35mTempa509ca361d0000265a ;
[m[19:06:22:956 [1;32mINFO[m-]:SP_SendMsgToApp[181]:[1;34mSP_SendMsgToApp success;type[2],code[525],val[Tempa509ca361d0000265a ;]
[m[m[19:06:34:475 [1;32mINFO[m-]:NetlinkUeventTask[65]:info:remove@/devices/platform/soc/100f0000.himci.SD/mmc_host/mmc0/mmc0:aaaa/block/mmcblk0/mmcblk0p1
[m[19:06:34:475 [1;32mINFO[m-]:NetlinkUeventTask[65]:info:remove@/devices/platform/soc/100f0000.himci.SD/mmc_host/mmc0/mmc0:aaaa/block/mmcblk0
[m[19:06:38:912 [1;32mINFO[m-]:NetlinkUeventTask[65]:info:add@/devices/virtual/bdi/179:8
[m[19:06:38:914 [1;32mINFO[m-]:NetlinkUeventTask[65]:info:add@/devices/platform/soc/100f0000.himci.SD/mmc_host/mmc0/mmc0:aaaa/block/mmcblk0
[m[19:06:38:914 [1;32mINFO[m-]:NetlinkUeventTask[65]:info:add@/devices/platform/soc/100f0000.himci.SD/mmc_host/mmc0/mmc0:aaaa/block/mmcblk0/mmcblk0p1
[m[19:06:38:914 [1;32mINFO[m-sp_msgComm]:SP_sendMsg[77]:[1;33mSP_sendMsg success; key[1004],type[5],code[1026],val[1]
[m[m[19:06:38:914 [1;32mINFO[m-]:EventMsgProc[2615]:SP_EVENT_SD_PLUGED
[m[19:06:38:936 [1;32mINFO[m-sp_msgComm]:SP_sendMsg[77]:[1;33mSP_sendMsg success; key[1004],type[5],code[1027],val[1]
[m[m[19:06:38:936 [1;32mINFO[m-]:EventMsgProc[2641]:SP_EVENT_SD_MOUNTED
[m[m[19:06:40:490 [1;32mINFO[m-]:SP_LogPathInit[2979]:[0;35mClogCnt[18],minNun[1],maxNum[18]
[m[19:06:40:490 [1;32mINFO[m-]:SP_LogPathInit[2982]:[0;35mMlogCnt[18],minNun[1],maxNum[18]
[m[19:06:40:490 [1;32mINFO[m-]:SP_LogPathInit[2985]:[0;35mAlogCnt[18],minNun[1],maxNum[18]
[m[19:06:40:490 [1;32mINFO[m-]:SP_LogPathInit[2988]:[0;35mElogCnt[18],minNun[1],maxNum[18]
[m[19:06:53:042 [1;32mINFO[m-]:GimbalUartRxMsgProcTask[398]:[0;35mTempa509ca361d0000265a ;
[m[19:06:53:042 [1;32mINFO[m-]:SP_SendMsgToApp[181]:[1;34mSP_SendMsgToApp success;type[2],code[525],val[Tempa509ca361d0000265a ;]
[m[m[19:07:23:128 [1;32mINFO[m-]:GimbalUartRxMsgProcTask[398]:[0;35mTempa509ca361d0000265a ;
[m[19:07:23:128 [1;32mINFO[m-]:SP_SendMsgToApp[181]:[1;34mSP_SendMsgToApp success;type[2],code[525],val[Tempa509ca361d0000265a ;]
[m[m[19:07:53:214 [1;32mINFO[m-]:GimbalUartRxMsgProcTask[398]:[0;35mTempa509ca361d0000265a ;
[m[19:07:53:214 [1;32mINFO[m-]:SP_SendMsgToApp[181]:[1;34mSP_SendMsgToApp success;type[2],code[525],val[Tempa509ca361d0000265a ;]
[m[m[19:08:23:300 [1;32mINFO[m-]:GimbalUartRxMsgProcTask[398]:[0;35mTempa509ca361d0000265a ;
[m[19:08:23:300 [1;32mINFO[m-]:SP_SendMsgToApp[181]:[1;34mSP_SendMsgToApp success;type[2],code[525],val[Tempa509ca361d0000265a ;]
[m[m[19:08:53:386 [1;32mINFO[m-]:GimbalUartRxMsgProcTask[398]:[0;35mTempa509ca361d0000265a ;
[m[19:08:53:386 [1;32mINFO[m-]:SP_SendMsgToApp[181]:[1;34mSP_SendMsgToApp success;type[2],code[525],val[Tempa509ca361d0000265a ;]
[m[m[19:09:23:472 [1;32mINFO[m-]:GimbalUartRxMsgProcTask[398]:[0;35mTempa509ca361d0000265a ;
[m[19:09:23:472 [1;32mINFO[m-]:SP_SendMsgToApp[181]:[1;34mSP_SendMsgToApp success;type[2],code[525],val[Tempa509ca361d0000265a ;]
[m[m[19:09:53:558 [1;32mINFO[m-]:GimbalUartRxMsgProcTask[398]:[0;35mTempa509ca361d0000265a ;
[m[19:09:53:558 [1;32mINFO[m-]:SP_SendMsgToApp[181]:[1;34mSP_SendMsgToApp success;type[2],code[525],val[Tempa509ca361d0000265a ;]
[m[m[19:10:23:644 [1;32mINFO[m-]:GimbalUartRxMsgProcTask[398]:[0;35mTempa509ca361d0000265a ;
[m[19:10:23:645 [1;32mINFO[m-]:SP_SendMsgToApp[181]:[1;34mSP_SendMsgToApp success;type[2],code[525],val[Tempa509ca361d0000265a ;]
[m[m[19:10:53:731 [1;32mINFO[m-]:GimbalUartRxMsgProcTask[398]:[0;35mTempa509ca361d0000265a ;
[m[19:10:53:731 [1;32mINFO[m-]:SP_SendMsgToApp[181]:[1;34mSP_SendMsgToApp success;type[2],code[525],val[Tempa509ca361d0000265a ;]
[m[m[19:11:23:817 [1;32mINFO[m-]:GimbalUartRxMsgProcTask[398]:[0;35mTempa509ca361d0000265a ;
[m[19:11:23:817 [1;32mINFO[m-]:SP_SendMsgToApp[181]:[1;34mSP_SendMsgToApp success;type[2],code[525],val[Tempa509ca361d0000265a ;]
[m[m[19:11:53:903 [1;32mINFO[m-]:GimbalUartRxMsgProcTask[398]:[0;35mTempa509ca361d0000265a ;
[m[19:11:53:903 [1;32mINFO[m-]:SP_SendMsgToApp[181]:[1;34mSP_SendMsgToApp success;type[2],code[525],val[Tempa509ca361d0000265a ;]
[m[m[19:12:23:989 [1;32mINFO[m-]:GimbalUartRxMsgProcTask[398]:[0;35mTempa509ca361d0000265a ;
[m[19:12:23:989 [1;32mINFO[m-]:SP_SendMsgToApp[181]:[1;34mSP_SendMsgToApp success;type[2],code[525],val[Tempa509ca361d0000265a ;]
[m[m[19:12:35:010 [1;32mINFO[m-]:GimbalUartRxMsgProcTask[378]:Voltage:11.23;capacity:67;ChargeState:1;
[m[19:12:35:010 [1;32mINFO[m-]:SP_SendMsgToApp[181]:[1;34mSP_SendMsgToApp success;type[2],code[778],val[capacity:67;charge:1;]
[m[m[19:12:54:075 [1;32mINFO[m-]:GimbalUartRxMsgProcTask[398]:[0;35mTempa509ca361d0000265a ;
[m[19:12:54:075 [1;32mINFO[m-]:SP_SendMsgToApp[181]:[1;34mSP_SendMsgToApp success;type[2],code[525],val[Tempa509ca361d0000265a ;]
[m[m[19:13:24:161 [1;32mINFO[m-]:GimbalUartRxMsgProcTask[398]:[0;35mTempa509ca361d0000265a ;
[m[19:13:24:161 [1;32mINFO[m-]:SP_SendMsgToApp[181]:[1;34mSP_SendMsgToApp success;type[2],code[525],val[Tempa509ca361d0000265a ;]
[m[m[19:13:54:247 [1;32mINFO[m-]:GimbalUartRxMsgProcTask[398]:[0;35mTempa509ca361d0000265a ;
[m[19:13:54:247 [1;32mINFO[m-]:SP_SendMsgToApp[181]:[1;34mSP_SendMsgToApp success;type[2],code[525],val[Tempa509ca361d0000265a ;]
[m[m[19:14:24:333 [1;32mINFO[m-]:GimbalUartRxMsgProcTask[398]:[0;35mTempa509ca361d0000265a ;
[m[19:14:24:333 [1;32mINFO[m-]:SP_SendMsgToApp[181]:[1;34mSP_SendMsgToApp success;type[2],code[525],val[Tempa509ca361d0000265a ;]
[m[m[19:14:54:419 [1;32mINFO[m-]:GimbalUartRxMsgProcTask[398]:[0;35mTempa509ca361d0000265a ;
[m[19:14:54:419 [1;32mINFO[m-]:SP_SendMsgToApp[181]:[1;34mSP_SendMsgToApp success;type[2],code[525],val[Tempa509ca361d0000265a ;]
[m[m[19:15:24:505 [1;32mINFO[m-]:GimbalUartRxMsgProcTask[398]:[0;35mTempa509ca361d0000265a ;
[m[19:15:24:505 [1;32mINFO[m-]:SP_SendMsgToApp[181]:[1;34mSP_SendMsgToApp success;type[2],code[525],val[Tempa509ca361d0000265a ;]
[m[m[19:15:54:591 [1;32mINFO[m-]:GimbalUartRxMsgProcTask[398]:[0;35mTempa509ca361d0000265a ;
[m[19:15:54:591 [1;32mINFO[m-]:SP_SendMsgToApp[181]:[1;34mSP_SendMsgToApp success;type[2],code[525],val[Tempa509ca361d0000265a ;]
[m[m[19:16:24:677 [1;32mINFO[m-]:GimbalUartRxMsgProcTask[398]:[0;35mTempa509ca361d0000265a ;
[m[19:16:24:677 [1;32mINFO[m-]:SP_SendMsgToApp[181]:[1;34mSP_SendMsgToApp success;type[2],code[525],val[Tempa509ca361d0000265a ;]
[m[m[19:16:54:763 [1;32mINFO[m-]:GimbalUartRxMsgProcTask[398]:[0;35mTempa509ca361d0000265a ;
[m[19:16:54:763 [1;32mINFO[m-]:SP_SendMsgToApp[181]:[1;34mSP_SendMsgToApp success;type[2],code[525],val[Tempa509ca361d0000265a ;]
[m[m[19:17:24:849 [1;32mINFO[m-]:GimbalUartRxMsgProcTask[398]:[0;35mTempa509ca361d0000265a ;
[m[19:17:24:849 [1;32mINFO[m-]:SP_SendMsgToApp[181]:[1;34mSP_SendMsgToApp success;type[2],code[525],val[Tempa509ca361d0000265a ;]
[m[m[19:17:54:935 [1;32mINFO[m-]:GimbalUartRxMsgProcTask[398]:[0;35mTempa509ca361d0000265a ;
[m[19:17:54:935 [1;32mINFO[m-]:SP_SendMsgToApp[181]:[1;34mSP_SendMsgToApp success;type[2],code[525],val[Tempa509ca361d0000265a ;]
[m[m[19:18:25:021 [1;32mINFO[m-]:GimbalUartRxMsgProcTask[398]:[0;35mTempa509ca361d0000265a ;
[m[19:18:25:021 [1;32mINFO[m-]:SP_SendMsgToApp[181]:[1;34mSP_SendMsgToApp success;type[2],code[525],val[Tempa509ca361d0000265a ;]
[m[m[19:18:55:107 [1;32mINFO[m-]:GimbalUartRxMsgProcTask[398]:[0;35mTempa509ca361d0000265a ;
[m[19:18:55:107 [1;32mINFO[m-]:SP_SendMsgToApp[181]:[1;34mSP_SendMsgToApp success;type[2],code[525],val[Tempa509ca361d0000265a ;]
[m[m[19:19:25:193 [1;32mINFO[m-]:GimbalUartRxMsgProcTask[398]:[0;35mTempa509ca361d0000265a ;
[m[19:19:25:193 [1;32mINFO[m-]:SP_SendMsgToApp[181]:[1;34mSP_SendMsgToApp success;type[2],code[525],val[Tempa509ca361d0000265a ;]
[m[m[19:19:55:279 [1;32mINFO[m-]:GimbalUartRxMsgProcTask[398]:[0;35mTempa509ca361d0000265a ;
[m[19:19:55:279 [1;32mINFO[m-]:SP_SendMsgToApp[181]:[1;34mSP_SendMsgToApp success;type[2],code[525],val[Tempa509ca361d0000265a ;]
[m[m[19:20:25:365 [1;32mINFO[m-]:GimbalUartRxMsgProcTask[398]:[0;35mTempa509ca361d0000265a ;
[m[19:20:25:365 [1;32mINFO[m-]:SP_SendMsgToApp[181]:[1;34mSP_SendMsgToApp success;type[2],code[525],val[Tempa509ca361d0000265a ;]
[m[m[19:20:55:451 [1;32mINFO[m-]:GimbalUartRxMsgProcTask[398]:[0;35mTempa509ca361d0000265a ;
[m[19:20:55:451 [1;32mINFO[m-]:SP_SendMsgToApp[181]:[1;34mSP_SendMsgToApp success;type[2],code[525],val[Tempa509ca361d0000265a ;]
[m[m[19:21:25:537 [1;32mINFO[m-]:GimbalUartRxMsgProcTask[398]:[0;35mTempa509ca361d0000265a ;
[m[19:21:25:537 [1;32mINFO[m-]:SP_SendMsgToApp[181]:[1;34mSP_SendMsgToApp success;type[2],code[525],val[Tempa509ca361d0000265a ;]
[m[m[19:21:55:623 [1;32mINFO[m-]:GimbalUartRxMsgProcTask[398]:[0;35mTempa509ca361d0000265a ;
[m[19:21:55:623 [1;32mINFO[m-]:SP_SendMsgToApp[181]:[1;34mSP_SendMsgToApp success;type[2],code[525],val[Tempa509ca361d0000265a ;]
[m[m[19:22:25:709 [1;32mINFO[m-]:GimbalUartRxMsgProcTask[398]:[0;35mTempa509ca361d0000265a ;
[m[19:22:25:709 [1;32mINFO[m-]:SP_SendMsgToApp[181]:[1;34mSP_SendMsgToApp success;type[2],code[525],val[Tempa509ca361d0000265a ;]
[m[m[19:22:55:795 [1;32mINFO[m-]:GimbalUartRxMsgProcTask[398]:[0;35mTempa509ca361d0000265a ;
[m[19:22:55:795 [1;32mINFO[m-]:SP_SendMsgToApp[181]:[1;34mSP_SendMsgToApp success;type[2],code[525],val[Tempa509ca361d0000265a ;]
[m[m[19:23:25:881 [1;32mINFO[m-]:GimbalUartRxMsgProcTask[398]:[0;35mTempa509ca361d0000265a ;
[m[19:23:25:881 [1;32mINFO[m-]:SP_SendMsgToApp[181]:[1;34mSP_SendMsgToApp success;type[2],code[525],val[Tempa509ca361d0000265a ;]
[m[m[19:23:55:967 [1;32mINFO[m-]:GimbalUartRxMsgProcTask[398]:[0;35mTempa509ca361d0000265a ;
[m[19:23:55:967 [1;32mINFO[m-]:SP_SendMsgToApp[181]:[1;34mSP_SendMsgToApp success;type[2],code[525],val[Tempa509ca361d0000265a ;]
[m[m[19:24:26:053 [1;32mINFO[m-]:GimbalUartRxMsgProcTask[398]:[0;35mTempa509ca361d0000265a ;
[m[19:24:26:053 [1;32mINFO[m-]:SP_SendMsgToApp[181]:[1;34mSP_SendMsgToApp success;type[2],code[525],val[Tempa509ca361d0000265a ;]
[m[m[19:24:56:139 [1;32mINFO[m-]:GimbalUartRxMsgProcTask[398]:[0;35mTempa509ca361d0000265a ;
[m[19:24:56:139 [1;32mINFO[m-]:SP_SendMsgToApp[181]:[1;34mSP_SendMsgToApp success;type[2],code[525],val[Tempa509ca361d0000265a ;]
[m[m[19:25:26:225 [1;32mINFO[m-]:GimbalUartRxMsgProcTask[398]:[0;35mTempa509ca361d0000265a ;
[m[19:25:26:225 [1;32mINFO[m-]:SP_SendMsgToApp[181]:[1;34mSP_SendMsgToApp success;type[2],code[525],val[Tempa509ca361d0000265a ;]
[m[m[19:25:56:311 [1;32mINFO[m-]:GimbalUartRxMsgProcTask[398]:[0;35mTempa509ca361d0000265a ;
[m[19:25:56:311 [1;32mINFO[m-]:SP_SendMsgToApp[181]:[1;34mSP_SendMsgToApp success;type[2],code[525],val[Tempa509ca361d0000265a ;]
[m[m[19:26:26:397 [1;32mINFO[m-]:GimbalUartRxMsgProcTask[398]:[0;35mTempa509ca361d0000265a ;
[m[19:26:26:397 [1;32mINFO[m-]:SP_SendMsgToApp[181]:[1;34mSP_SendMsgToApp success;type[2],code[525],val[Tempa509ca361d0000265a ;]
[m[m[19:26:56:483 [1;32mINFO[m-]:GimbalUartRxMsgProcTask[398]:[0;35mTempa509ca361d0000265a ;
[m[19:26:56:483 [1;32mINFO[m-]:SP_SendMsgToApp[181]:[1;34mSP_SendMsgToApp success;type[2],code[525],val[Tempa509ca361d0000265a ;]
[m[m[19:27:26:569 [1;32mINFO[m-]:GimbalUartRxMsgProcTask[398]:[0;35mTempa509ca361d0000265a ;
[m[19:27:26:569 [1;32mINFO[m-]:SP_SendMsgToApp[181]:[1;34mSP_SendMsgToApp success;type[2],code[525],val[Tempa509ca361d0000265a ;]
[m[m[19:27:56:655 [1;32mINFO[m-]:GimbalUartRxMsgProcTask[398]:[0;35mTempa509ca361d0000265a ;
[m[19:27:56:655 [1;32mINFO[m-]:SP_SendMsgToApp[181]:[1;34mSP_SendMsgToApp success;type[2],code[525],val[Tempa509ca361d0000265a ;]
[m[m[19:28:26:741 [1;32mINFO[m-]:GimbalUartRxMsgProcTask[398]:[0;35mTempa509ca361d0000265a ;
[m[19:28:26:741 [1;32mINFO[m-]:SP_SendMsgToApp[181]:[1;34mSP_SendMsgToApp success;type[2],code[525],val[Tempa509ca361d0000265a ;]
[m[m[19:28:56:827 [1;32mINFO[m-]:GimbalUartRxMsgProcTask[398]:[0;35mTempa509ca361d0000265a ;
[m[19:28:56:827 [1;32mINFO[m-]:SP_SendMsgToApp[181]:[1;34mSP_SendMsgToApp success;type[2],code[525],val[Tempa509ca361d0000265a ;]
[m[m[19:29:26:913 [1;32mINFO[m-]:GimbalUartRxMsgProcTask[398]:[0;35mTempa509ca361d0000265a ;
[m[19:29:26:913 [1;32mINFO[m-]:SP_SendMsgToApp[181]:[1;34mSP_SendMsgToApp success;type[2],code[525],val[Tempa509ca361d0000265a ;]
[m[m[19:29:56:998 [1;32mINFO[m-]:GimbalUartRxMsgProcTask[398]:[0;35mTempa509ca361d0000265a ;
[m[19:29:56:999 [1;32mINFO[m-]:SP_SendMsgToApp[181]:[1;34mSP_SendMsgToApp success;type[2],code[525],val[Tempa509ca361d0000265a ;]
[m[m[19:30:27:084 [1;32mINFO[m-]:GimbalUartRxMsgProcTask[398]:[0;35mTempa509ca361d0000265a ;
[m[19:30:27:085 [1;32mINFO[m-]:SP_SendMsgToApp[181]:[1;34mSP_SendMsgToApp success;type[2],code[525],val[Tempa509ca361d0000265a ;]
[m[m[19:30:57:170 [1;32mINFO[m-]:GimbalUartRxMsgProcTask[398]:[0;35mTempa509ca361d0000265a ;
[m[19:30:57:170 [1;32mINFO[m-]:SP_SendMsgToApp[181]:[1;34mSP_SendMsgToApp success;type[2],code[525],val[Tempa509ca361d0000265a ;]
[m[m[19:31:27:256 [1;32mINFO[m-]:GimbalUartRxMsgProcTask[398]:[0;35mTempa509ca361d0000265a ;
[m[19:31:27:256 [1;32mINFO[m-]:SP_SendMsgToApp[181]:[1;34mSP_SendMsgToApp success;type[2],code[525],val[Tempa509ca361d0000265a ;]
[m[m[19:31:57:342 [1;32mINFO[m-]:GimbalUartRxMsgProcTask[398]:[0;35mTempa509ca361d0000265a ;
[m[19:31:57:342 [1;32mINFO[m-]:SP_SendMsgToApp[181]:[1;34mSP_SendMsgToApp success;type[2],code[525],val[Tempa509ca361d0000265a ;]
[m[m[19:32:27:428 [1;32mINFO[m-]:GimbalUartRxMsgProcTask[398]:[0;35mTempa509ca361d0000265a ;
[m[19:32:27:428 [1;32mINFO[m-]:SP_SendMsgToApp[181]:[1;34mSP_SendMsgToApp success;type[2],code[525],val[Tempa509ca361d0000265a ;]
[m[m[19:32:57:514 [1;32mINFO[m-]:GimbalUartRxMsgProcTask[398]:[0;35mTempa509ca361d0000265a ;
[m[19:32:57:514 [1;32mINFO[m-]:SP_SendMsgToApp[181]:[1;34mSP_SendMsgToApp success;type[2],code[525],val[Tempa509ca361d0000265a ;]
[m[m[19:33:27:600 [1;32mINFO[m-]:GimbalUartRxMsgProcTask[398]:[0;35mTempa509ca361d0000265a ;
[m[19:33:27:600 [1;32mINFO[m-]:SP_SendMsgToApp[181]:[1;34mSP_SendMsgToApp success;type[2],code[525],val[Tempa509ca361d0000265a ;]
[m[m[19:33:57:686 [1;32mINFO[m-]:GimbalUartRxMsgProcTask[398]:[0;35mTempa509ca361d0000265a ;
[m[19:33:57:686 [1;32mINFO[m-]:SP_SendMsgToApp[181]:[1;34mSP_SendMsgToApp success;type[2],code[525],val[Tempa509ca361d0000265a ;]
[m[m[19:34:27:772 [1;32mINFO[m-]:GimbalUartRxMsgProcTask[398]:[0;35mTempa509ca361d0000265a ;
[m[19:34:27:772 [1;32mINFO[m-]:SP_SendMsgToApp[181]:[1;34mSP_SendMsgToApp success;type[2],code[525],val[Tempa509ca361d0000265a ;]
[m[m[19:34:57:858 [1;32mINFO[m-]:GimbalUartRxMsgProcTask[398]:[0;35mTempa509ca361d0000265a ;
[m[19:34:57:858 [1;32mINFO[m-]:SP_SendMsgToApp[181]:[1;34mSP_SendMsgToApp success;type[2],code[525],val[Tempa509ca361d0000265a ;]
[m[m[19:35:27:944 [1;32mINFO[m-]:GimbalUartRxMsgProcTask[398]:[0;35mTempa509ca361d0000265a ;
[m[19:35:27:944 [1;32mINFO[m-]:SP_SendMsgToApp[181]:[1;34mSP_SendMsgToApp success;type[2],code[525],val[Tempa509ca361d0000265a ;]
[m[m[19:35:58:030 [1;32mINFO[m-]:GimbalUartRxMsgProcTask[398]:[0;35mTempa509ca361d0000265a ;
[m[19:35:58:030 [1;32mINFO[m-]:SP_SendMsgToApp[181]:[1;34mSP_SendMsgToApp success;type[2],code[525],val[Tempa509ca361d0000265a ;]
[m[m[19:36:28:115 [1;32mINFO[m-]:GimbalUartRxMsgProcTask[398]:[0;35mTempa509ca361d0000265a ;
[m[19:36:28:116 [1;32mINFO[m-]:SP_SendMsgToApp[181]:[1;34mSP_SendMsgToApp success;type[2],code[525],val[Tempa509ca361d0000265a ;]
[m[m[19:36:58:201 [1;32mINFO[m-]:GimbalUartRxMsgProcTask[398]:[0;35mTempa509ca361d0000265a ;
[m[19:36:58:202 [1;32mINFO[m-]:SP_SendMsgToApp[181]:[1;34mSP_SendMsgToApp success;type[2],code[525],val[Tempa509ca361d0000265a ;]
[m[m[19:37:28:287 [1;32mINFO[m-]:GimbalUartRxMsgProcTask[398]:[0;35mTempa509ca361d0000265a ;
[m[19:37:28:287 [1;32mINFO[m-]:SP_SendMsgToApp[181]:[1;34mSP_SendMsgToApp success;type[2],code[525],val[Tempa509ca361d0000265a ;]
[m[m[19:37:58:373 [1;32mINFO[m-]:GimbalUartRxMsgProcTask[398]:[0;35mTempa509ca361d0000265a ;
[m[19:37:58:373 [1;32mINFO[m-]:SP_SendMsgToApp[181]:[1;34mSP_SendMsgToApp success;type[2],code[525],val[Tempa509ca361d0000265a ;]
[m[m[19:38:28:459 [1;32mINFO[m-]:GimbalUartRxMsgProcTask[398]:[0;35mTempa509ca361e0000275a ;
[m[19:38:28:459 [1;32mINFO[m-]:SP_SendMsgToApp[181]:[1;34mSP_SendMsgToApp success;type[2],code[525],val[Tempa509ca361e0000275a ;]
[m[m[19:38:58:545 [1;32mINFO[m-]:GimbalUartRxMsgProcTask[398]:[0;35mTempa509ca361e0000275a ;
[m[19:38:58:545 [1;32mINFO[m-]:SP_SendMsgToApp[181]:[1;34mSP_SendMsgToApp success;type[2],code[525],val[Tempa509ca361e0000275a ;]
[m[m[19:39:28:631 [1;32mINFO[m-]:GimbalUartRxMsgProcTask[398]:[0;35mTempa509ca361e0000275a ;
[m[19:39:28:631 [1;32mINFO[m-]:SP_SendMsgToApp[181]:[1;34mSP_SendMsgToApp success;type[2],code[525],val[Tempa509ca361e0000275a ;]
[m[m[19:39:58:717 [1;32mINFO[m-]:GimbalUartRxMsgProcTask[398]:[0;35mTempa509ca361e0000275a ;
[m[19:39:58:717 [1;32mINFO[m-]:SP_SendMsgToApp[181]:[1;34mSP_SendMsgToApp success;type[2],code[525],val[Tempa509ca361e0000275a ;]
[m[m[19:40:28:803 [1;32mINFO[m-]:GimbalUartRxMsgProcTask[398]:[0;35mTempa509ca361e0000275a ;
[m[19:40:28:803 [1;32mINFO[m-]:SP_SendMsgToApp[181]:[1;34mSP_SendMsgToApp success;type[2],code[525],val[Tempa509ca361e0000275a ;]
[m[m[19:40:58:888 [1;32mINFO[m-]:GimbalUartRxMsgProcTask[398]:[0;35mTempa509ca361e0000275a ;
[m[19:40:58:889 [1;32mINFO[m-]:SP_SendMsgToApp[181]:[1;34mSP_SendMsgToApp success;type[2],code[525],val[Tempa509ca361e0000275a ;]
[m[m[19:41:28:974 [1;32mINFO[m-]:GimbalUartRxMsgProcTask[398]:[0;35mTempa509ca361e0000275a ;
[m[19:41:28:975 [1;32mINFO[m-]:SP_SendMsgToApp[181]:[1;34mSP_SendMsgToApp success;type[2],code[525],val[Tempa509ca361e0000275a ;]
[m[m[19:41:59:060 [1;32mINFO[m-]:GimbalUartRxMsgProcTask[398]:[0;35mTempa509ca361e0000275a ;
[m[19:41:59:060 [1;32mINFO[m-]:SP_SendMsgToApp[181]:[1;34mSP_SendMsgToApp success;type[2],code[525],val[Tempa509ca361e0000275a ;]
[m[m[19:42:29:146 [1;32mINFO[m-]:GimbalUartRxMsgProcTask[398]:[0;35mTempa509ca361e0000275a ;
[m[19:42:29:146 [1;32mINFO[m-]:SP_SendMsgToApp[181]:[1;34mSP_SendMsgToApp success;type[2],code[525],val[Tempa509ca361e0000275a ;]
[m[m[19:42:59:232 [1;32mINFO[m-]:GimbalUartRxMsgProcTask[398]:[0;35mTempa509ca361e0000275a ;
[m[19:42:59:232 [1;32mINFO[m-]:SP_SendMsgToApp[181]:[1;34mSP_SendMsgToApp success;type[2],code[525],val[Tempa509ca361e0000275a ;]
[m[m[19:43:29:318 [1;32mINFO[m-]:GimbalUartRxMsgProcTask[398]:[0;35mTempa509ca361e0000275a ;
[m[19:43:29:318 [1;32mINFO[m-]:SP_SendMsgToApp[181]:[1;34mSP_SendMsgToApp success;type[2],code[525],val[Tempa509ca361e0000275a ;]
[m[m[19:43:59:404 [1;32mINFO[m-]:GimbalUartRxMsgProcTask[398]:[0;35mTempa509ca361e0000275a ;
[m[19:43:59:404 [1;32mINFO[m-]:SP_SendMsgToApp[181]:[1;34mSP_SendMsgToApp success;type[2],code[525],val[Tempa509ca361e0000275a ;]
[m[m[19:44:29:490 [1;32mINFO[m-]:GimbalUartRxMsgProcTask[398]:[0;35mTempa509ca361e0000275a ;
[m[19:44:29:490 [1;32mINFO[m-]:SP_SendMsgToApp[181]:[1;34mSP_SendMsgToApp success;type[2],code[525],val[Tempa509ca361e0000275a ;]
[m[m[19:44:59:575 [1;32mINFO[m-]:GimbalUartRxMsgProcTask[398]:[0;35mTempa509ca361e0000275a ;
[m[19:44:59:576 [1;32mINFO[m-]:SP_SendMsgToApp[181]:[1;34mSP_SendMsgToApp success;type[2],code[525],val[Tempa509ca361e0000275a ;]
[m[m[19:45:29:661 [1;32mINFO[m-]:GimbalUartRxMsgProcTask[398]:[0;35mTempa509ca361e0000275a ;
[m[19:45:29:661 [1;32mINFO[m-]:SP_SendMsgToApp[181]:[1;34mSP_SendMsgToApp success;type[2],code[525],val[Tempa509ca361e0000275a ;]
[m[m[19:45:59:747 [1;32mINFO[m-]:GimbalUartRxMsgProcTask[398]:[0;35mTempa509ca361e0000275a ;
[m[19:45:59:747 [1;32mINFO[m-]:SP_SendMsgToApp[181]:[1;34mSP_SendMsgToApp success;type[2],code[525],val[Tempa509ca361e0000275a ;]
[m[m[19:46:29:833 [1;32mINFO[m-]:GimbalUartRxMsgProcTask[398]:[0;35mTempa509ca361e0000275a ;
[m[19:46:29:833 [1;32mINFO[m-]:SP_SendMsgToApp[181]:[1;34mSP_SendMsgToApp success;type[2],code[525],val[Tempa509ca361e0000275a ;]
[m[m[19:46:59:919 [1;32mINFO[m-]:GimbalUartRxMsgProcTask[398]:[0;35mTempa509ca361e0000275a ;
[m[19:46:59:919 [1;32mINFO[m-]:SP_SendMsgToApp[181]:[1;34mSP_SendMsgToApp success;type[2],code[525],val[Tempa509ca361e0000275a ;]
[m[m[19:47:30:005 [1;32mINFO[m-]:GimbalUartRxMsgProcTask[398]:[0;35mTempa509ca361e0000275a ;
[m[19:47:30:005 [1;32mINFO[m-]:SP_SendMsgToApp[181]:[1;34mSP_SendMsgToApp success;type[2],code[525],val[Tempa509ca361e0000275a ;]
[m[m[19:48:00:091 [1;32mINFO[m-]:GimbalUartRxMsgProcTask[398]:[0;35mTempa509ca361e0000275a ;
[m[19:48:00:091 [1;32mINFO[m-]:SP_SendMsgToApp[181]:[1;34mSP_SendMsgToApp success;type[2],code[525],val[Tempa509ca361e0000275a ;]
[m[m[19:48:30:176 [1;32mINFO[m-]:GimbalUartRxMsgProcTask[398]:[0;35mTempa509ca361e0000275a ;
[m[19:48:30:177 [1;32mINFO[m-]:SP_SendMsgToApp[181]:[1;34mSP_SendMsgToApp success;type[2],code[525],val[Tempa509ca361e0000275a ;]
[m[m[19:49:00:262 [1;32mINFO[m-]:GimbalUartRxMsgProcTask[398]:[0;35mTempa509ca361e0000275a ;
[m[19:49:00:262 [1;32mINFO[m-]:SP_SendMsgToApp[181]:[1;34mSP_SendMsgToApp success;type[2],code[525],val[Tempa509ca361e0000275a ;]
[m[m[19:49:30:348 [1;32mINFO[m-]:GimbalUartRxMsgProcTask[398]:[0;35mTempa509ca361e0000275a ;
[m[19:49:30:348 [1;32mINFO[m-]:SP_SendMsgToApp[181]:[1;34mSP_SendMsgToApp success;type[2],code[525],val[Tempa509ca361e0000275a ;]
[m[m[19:50:00:434 [1;32mINFO[m-]:GimbalUartRxMsgProcTask[398]:[0;35mTempa509ca361e0000275a ;
[m[19:50:00:434 [1;32mINFO[m-]:SP_SendMsgToApp[181]:[1;34mSP_SendMsgToApp success;type[2],code[525],val[Tempa509ca361e0000275a ;]
[m[m[19:50:30:520 [1;32mINFO[m-]:GimbalUartRxMsgProcTask[398]:[0;35mTempa509ca361e0000275a ;
[m[19:50:30:520 [1;32mINFO[m-]:SP_SendMsgToApp[181]:[1;34mSP_SendMsgToApp success;type[2],code[525],val[Tempa509ca361e0000275a ;]
[m[m[19:51:00:606 [1;32mINFO[m-]:GimbalUartRxMsgProcTask[398]:[0;35mTempa509ca361e0000275a ;
[m[19:51:00:606 [1;32mINFO[m-]:SP_SendMsgToApp[181]:[1;34mSP_SendMsgToApp success;type[2],code[525],val[Tempa509ca361e0000275a ;]
[m[m[19:51:30:691 [1;32mINFO[m-]:GimbalUartRxMsgProcTask[398]:[0;35mTempa509ca361e0000275a ;
[m[19:51:30:692 [1;32mINFO[m-]:SP_SendMsgToApp[181]:[1;34mSP_SendMsgToApp success;type[2],code[525],val[Tempa509ca361e0000275a ;]
[m[m[19:52:00:777 [1;32mINFO[m-]:GimbalUartRxMsgProcTask[398]:[0;35mTempa509ca361e0000275a ;
[m[19:52:00:777 [1;32mINFO[m-]:SP_SendMsgToApp[181]:[1;34mSP_SendMsgToApp success;type[2],code[525],val[Tempa509ca361e0000275a ;]
[m[m[19:52:30:863 [1;32mINFO[m-]:GimbalUartRxMsgProcTask[398]:[0;35mTempa509ca361e0000275a ;
[m[19:52:30:863 [1;32mINFO[m-]:SP_SendMsgToApp[181]:[1;34mSP_SendMsgToApp success;type[2],code[525],val[Tempa509ca361e0000275a ;]
[m[m[19:53:00:949 [1;32mINFO[m-]:GimbalUartRxMsgProcTask[398]:[0;35mTempa509ca361e0000275a ;
[m[19:53:00:949 [1;32mINFO[m-]:SP_SendMsgToApp[181]:[1;34mSP_SendMsgToApp success;type[2],code[525],val[Tempa509ca361e0000275a ;]
[m[m[19:53:31:035 [1;32mINFO[m-]:GimbalUartRxMsgProcTask[398]:[0;35mTempa509ca361e0000275a ;
[m[19:53:31:035 [1;32mINFO[m-]:SP_SendMsgToApp[181]:[1;34mSP_SendMsgToApp success;type[2],code[525],val[Tempa509ca361e0000275a ;]
[m[m[19:54:01:121 [1;32mINFO[m-]:GimbalUartRxMsgProcTask[398]:[0;35mTempa509ca361e0000275a ;
[m[19:54:01:121 [1;32mINFO[m-]:SP_SendMsgToApp[181]:[1;34mSP_SendMsgToApp success;type[2],code[525],val[Tempa509ca361e0000275a ;]
[m[m[19:54:31:206 [1;32mINFO[m-]:GimbalUartRxMsgProcTask[398]:[0;35mTempa509ca361e0000275a ;
[m[19:54:31:207 [1;32mINFO[m-]:SP_SendMsgToApp[181]:[1;34mSP_SendMsgToApp success;type[2],code[525],val[Tempa509ca361e0000275a ;]
[m[m[19:55:01:292 [1;32mINFO[m-]:GimbalUartRxMsgProcTask[398]:[0;35mTempa509ca361e0000275a ;
[m[19:55:01:292 [1;32mINFO[m-]:SP_SendMsgToApp[181]:[1;34mSP_SendMsgToApp success;type[2],code[525],val[Tempa509ca361e0000275a ;]
[m[m[19:55:31:378 [1;32mINFO[m-]:GimbalUartRxMsgProcTask[398]:[0;35mTempa509ca361e0000275a ;
[m[19:55:31:378 [1;32mINFO[m-]:SP_SendMsgToApp[181]:[1;34mSP_SendMsgToApp success;type[2],code[525],val[Tempa509ca361e0000275a ;]
[m[m[19:56:01:464 [1;32mINFO[m-]:GimbalUartRxMsgProcTask[398]:[0;35mTempa509ca361e0000275a ;
[m[19:56:01:464 [1;32mINFO[m-]:SP_SendMsgToApp[181]:[1;34mSP_SendMsgToApp success;type[2],code[525],val[Tempa509ca361e0000275a ;]
[m[m[19:56:31:550 [1;32mINFO[m-]:GimbalUartRxMsgProcTask[398]:[0;35mTempa509ca361e0000275a ;
[m[19:56:31:550 [1;32mINFO[m-]:SP_SendMsgToApp[181]:[1;34mSP_SendMsgToApp success;type[2],code[525],val[Tempa509ca361e0000275a ;]
[m[m[19:57:01:635 [1;32mINFO[m-]:GimbalUartRxMsgProcTask[398]:[0;35mTempa509ca361e0000275a ;
[m[19:57:01:636 [1;32mINFO[m-]:SP_SendMsgToApp[181]:[1;34mSP_SendMsgToApp success;type[2],code[525],val[Tempa509ca361e0000275a ;]
[m[m[19:57:31:721 [1;32mINFO[m-]:GimbalUartRxMsgProcTask[398]:[0;35mTempa509ca361e0000275a ;
[m[19:57:31:721 [1;32mINFO[m-]:SP_SendMsgToApp[181]:[1;34mSP_SendMsgToApp success;type[2],code[525],val[Tempa509ca361e0000275a ;]
[m[m[19:58:01:807 [1;32mINFO[m-]:GimbalUartRxMsgProcTask[398]:[0;35mTempa509ca361e0000275a ;
[m[19:58:01:807 [1;32mINFO[m-]:SP_SendMsgToApp[181]:[1;34mSP_SendMsgToApp success;type[2],code[525],val[Tempa509ca361e0000275a ;]
[m[m[19:58:31:893 [1;32mINFO[m-]:GimbalUartRxMsgProcTask[398]:[0;35mTempa509ca361e0000275a ;
[m[19:58:31:893 [1;32mINFO[m-]:SP_SendMsgToApp[181]:[1;34mSP_SendMsgToApp success;type[2],code[525],val[Tempa509ca361e0000275a ;]
[m[m[19:59:01:979 [1;32mINFO[m-]:GimbalUartRxMsgProcTask[398]:[0;35mTempa509ca361e0000275a ;
[m[19:59:01:979 [1;32mINFO[m-]:SP_SendMsgToApp[181]:[1;34mSP_SendMsgToApp success;type[2],code[525],val[Tempa509ca361e0000275a ;]
[m[m[19:59:32:065 [1;32mINFO[m-]:GimbalUartRxMsgProcTask[398]:[0;35mTempa509ca361e0000275a ;
[m[19:59:32:065 [1;32mINFO[m-]:SP_SendMsgToApp[181]:[1;34mSP_SendMsgToApp success;type[2],code[525],val[Tempa509ca361e0000275a ;]
[m[m[20:00:02:150 [1;32mINFO[m-]:GimbalUartRxMsgProcTask[398]:[0;35mTempa509ca361e0000275a ;
[m[20:00:02:151 [1;32mINFO[m-]:SP_SendMsgToApp[181]:[1;34mSP_SendMsgToApp success;type[2],code[525],val[Tempa509ca361e0000275a ;]
[m[m[20:00:32:236 [1;32mINFO[m-]:GimbalUartRxMsgProcTask[398]:[0;35mTempa509ca361e0000275a ;
[m[20:00:32:236 [1;32mINFO[m-]:SP_SendMsgToApp[181]:[1;34mSP_SendMsgToApp success;type[2],code[525],val[Tempa509ca361e0000275a ;]
[m[m[20:01:02:322 [1;32mINFO[m-]:GimbalUartRxMsgProcTask[398]:[0;35mTempa509ca361e0000275a ;
[m[20:01:02:322 [1;32mINFO[m-]:SP_SendMsgToApp[181]:[1;34mSP_SendMsgToApp success;type[2],code[525],val[Tempa509ca361e0000275a ;]
[m[m[20:01:32:408 [1;32mINFO[m-]:GimbalUartRxMsgProcTask[398]:[0;35mTempa509ca361e0000275a ;
[m[20:01:32:408 [1;32mINFO[m-]:SP_SendMsgToApp[181]:[1;34mSP_SendMsgToApp success;type[2],code[525],val[Tempa509ca361e0000275a ;]
[m[m[20:02:02:493 [1;32mINFO[m-]:GimbalUartRxMsgProcTask[398]:[0;35mTempa509ca361e0000275a ;
[m[20:02:02:494 [1;32mINFO[m-]:SP_SendMsgToApp[181]:[1;34mSP_SendMsgToApp success;type[2],code[525],val[Tempa509ca361e0000275a ;]
[m[m[20:02:32:579 [1;32mINFO[m-]:GimbalUartRxMsgProcTask[398]:[0;35mTempa509ca361e0000275a ;
[m[20:02:32:579 [1;32mINFO[m-]:SP_SendMsgToApp[181]:[1;34mSP_SendMsgToApp success;type[2],code[525],val[Tempa509ca361e0000275a ;]
[m[m[20:03:01:652 [1;32mINFO[m-]:GimbalUartRxMsgProcTask[378]:Voltage:11.08;capacity:62;ChargeState:1;
[m[20:03:01:652 [1;32mINFO[m-]:SP_SendMsgToApp[181]:[1;34mSP_SendMsgToApp success;type[2],code[778],val[capacity:62;charge:1;]
[m[m[20:03:02:665 [1;32mINFO[m-]:GimbalUartRxMsgProcTask[398]:[0;35mTempa509ca361e0000275a ;
[m[20:03:02:665 [1;32mINFO[m-]:SP_SendMsgToApp[181]:[1;34mSP_SendMsgToApp success;type[2],code[525],val[Tempa509ca361e0000275a ;]
[m[m[20:03:32:751 [1;32mINFO[m-]:GimbalUartRxMsgProcTask[398]:[0;35mTempa509ca361e0000275a ;
[m[20:03:32:751 [1;32mINFO[m-]:SP_SendMsgToApp[181]:[1;34mSP_SendMsgToApp success;type[2],code[525],val[Tempa509ca361e0000275a ;]
[m[m[20:04:02:837 [1;32mINFO[m-]:GimbalUartRxMsgProcTask[398]:[0;35mTempa509ca361e0000275a ;
[m[20:04:02:837 [1;32mINFO[m-]:SP_SendMsgToApp[181]:[1;34mSP_SendMsgToApp success;type[2],code[525],val[Tempa509ca361e0000275a ;]
[m[m[20:04:32:923 [1;32mINFO[m-]:GimbalUartRxMsgProcTask[398]:[0;35mTempa509ca361e0000275a ;
[m[20:04:32:923 [1;32mINFO[m-]:SP_SendMsgToApp[181]:[1;34mSP_SendMsgToApp success;type[2],code[525],val[Tempa509ca361e0000275a ;]
[m[m[20:05:03:008 [1;32mINFO[m-]:GimbalUartRxMsgProcTask[398]:[0;35mTempa509ca361e0000275a ;
[m[20:05:03:008 [1;32mINFO[m-]:SP_SendMsgToApp[181]:[1;34mSP_SendMsgToApp success;type[2],code[525],val[Tempa509ca361e0000275a ;]
[m[m[20:05:33:094 [1;32mINFO[m-]:GimbalUartRxMsgProcTask[398]:[0;35mTempa509ca361e0000275a ;
[m[20:05:33:094 [1;32mINFO[m-]:SP_SendMsgToApp[181]:[1;34mSP_SendMsgToApp success;type[2],code[525],val[Tempa509ca361e0000275a ;]
[m[m[20:06:03:180 [1;32mINFO[m-]:GimbalUartRxMsgProcTask[398]:[0;35mTempa509ca361e0000275a ;
[m[20:06:03:180 [1;32mINFO[m-]:SP_SendMsgToApp[181]:[1;34mSP_SendMsgToApp success;type[2],code[525],val[Tempa509ca361e0000275a ;]
[m[m[20:06:33:266 [1;32mINFO[m-]:GimbalUartRxMsgProcTask[398]:[0;35mTempa509ca361e0000275a ;
[m[20:06:33:266 [1;32mINFO[m-]:SP_SendMsgToApp[181]:[1;34mSP_SendMsgToApp success;type[2],code[525],val[Tempa509ca361e0000275a ;]
[m[m[20:07:03:351 [1;32mINFO[m-]:GimbalUartRxMsgProcTask[398]:[0;35mTempa509ca361e0000275a ;
[m[20:07:03:352 [1;32mINFO[m-]:SP_SendMsgToApp[181]:[1;34mSP_SendMsgToApp success;type[2],code[525],val[Tempa509ca361e0000275a ;]
[m[m[20:07:33:437 [1;32mINFO[m-]:GimbalUartRxMsgProcTask[398]:[0;35mTempa509ca361e0000275a ;
[m[20:07:33:437 [1;32mINFO[m-]:SP_SendMsgToApp[181]:[1;34mSP_SendMsgToApp success;type[2],code[525],val[Tempa509ca361e0000275a ;]
[m[m[20:08:03:523 [1;32mINFO[m-]:GimbalUartRxMsgProcTask[398]:[0;35mTempa509ca361e0000275a ;
[m[20:08:03:523 [1;32mINFO[m-]:SP_SendMsgToApp[181]:[1;34mSP_SendMsgToApp success;type[2],code[525],val[Tempa509ca361e0000275a ;]
[m[m[20:08:33:609 [1;32mINFO[m-]:GimbalUartRxMsgProcTask[398]:[0;35mTempa509ca361e0000275a ;
[m[20:08:33:609 [1;32mINFO[m-]:SP_SendMsgToApp[181]:[1;34mSP_SendMsgToApp success;type[2],code[525],val[Tempa509ca361e0000275a ;]
[m[m[20:09:03:694 [1;32mINFO[m-]:GimbalUartRxMsgProcTask[398]:[0;35mTempa509ca361e0000275a ;
[m[20:09:03:695 [1;32mINFO[m-]:SP_SendMsgToApp[181]:[1;34mSP_SendMsgToApp success;type[2],code[525],val[Tempa509ca361e0000275a ;]
[m[m[20:09:33:780 [1;32mINFO[m-]:GimbalUartRxMsgProcTask[398]:[0;35mTempa509ca361e0000275a ;
[m[20:09:33:780 [1;32mINFO[m-]:SP_SendMsgToApp[181]:[1;34mSP_SendMsgToApp success;type[2],code[525],val[Tempa509ca361e0000275a ;]
[m[m[20:10:03:866 [1;32mINFO[m-]:GimbalUartRxMsgProcTask[398]:[0;35mTempa509ca361e0000275a ;
[m[20:10:03:866 [1;32mINFO[m-]:SP_SendMsgToApp[181]:[1;34mSP_SendMsgToApp success;type[2],code[525],val[Tempa509ca361e0000275a ;]
[m[m[20:10:33:952 [1;32mINFO[m-]:GimbalUartRxMsgProcTask[398]:[0;35mTempa509ca361e0000275a ;
[m[20:10:33:952 [1;32mINFO[m-]:SP_SendMsgToApp[181]:[1;34mSP_SendMsgToApp success;type[2],code[525],val[Tempa509ca361e0000275a ;]
[m[m[20:11:04:038 [1;32mINFO[m-]:GimbalUartRxMsgProcTask[398]:[0;35mTempa509ca361e0000275a ;
[m[20:11:04:038 [1;32mINFO[m-]:SP_SendMsgToApp[181]:[1;34mSP_SendMsgToApp success;type[2],code[525],val[Tempa509ca361e0000275a ;]
[m[m[20:11:34:123 [1;32mINFO[m-]:GimbalUartRxMsgProcTask[398]:[0;35mTempa509ca361e0000275a ;
[m[20:11:34:123 [1;32mINFO[m-]:SP_SendMsgToApp[181]:[1;34mSP_SendMsgToApp success;type[2],code[525],val[Tempa509ca361e0000275a ;]
[m[m[20:12:04:209 [1;32mINFO[m-]:GimbalUartRxMsgProcTask[398]:[0;35mTempa509ca361e0000275a ;
[m[20:12:04:209 [1;32mINFO[m-]:SP_SendMsgToApp[181]:[1;34mSP_SendMsgToApp success;type[2],code[525],val[Tempa509ca361e0000275a ;]
[m[m[20:12:34:295 [1;32mINFO[m-]:GimbalUartRxMsgProcTask[398]:[0;35mTempa509ca361e0000275a ;
[m[20:12:34:295 [1;32mINFO[m-]:SP_SendMsgToApp[181]:[1;34mSP_SendMsgToApp success;type[2],code[525],val[Tempa509ca361e0000275a ;]
[m[m[20:13:04:381 [1;32mINFO[m-]:GimbalUartRxMsgProcTask[398]:[0;35mTempa509ca361e0000275a ;
[m[20:13:04:381 [1;32mINFO[m-]:SP_SendMsgToApp[181]:[1;34mSP_SendMsgToApp success;type[2],code[525],val[Tempa509ca361e0000275a ;]
[m[m[20:13:34:466 [1;32mINFO[m-]:GimbalUartRxMsgProcTask[398]:[0;35mTempa509ca361e0000275a ;
[m[20:13:34:467 [1;32mINFO[m-]:SP_SendMsgToApp[181]:[1;34mSP_SendMsgToApp success;type[2],code[525],val[Tempa509ca361e0000275a ;]
[m[m[20:14:04:552 [1;32mINFO[m-]:GimbalUartRxMsgProcTask[398]:[0;35mTempa509ca361e0000275a ;
[m[20:14:04:552 [1;32mINFO[m-]:SP_SendMsgToApp[181]:[1;34mSP_SendMsgToApp success;type[2],code[525],val[Tempa509ca361e0000275a ;]
[m[m[20:14:34:638 [1;32mINFO[m-]:GimbalUartRxMsgProcTask[398]:[0;35mTempa509ca361e0000275a ;
[m[20:14:34:638 [1;32mINFO[m-]:SP_SendMsgToApp[181]:[1;34mSP_SendMsgToApp success;type[2],code[525],val[Tempa509ca361e0000275a ;]
[m[m[20:15:04:724 [1;32mINFO[m-]:GimbalUartRxMsgProcTask[398]:[0;35mTempa509ca361e0000275a ;
[m[20:15:04:724 [1;32mINFO[m-]:SP_SendMsgToApp[181]:[1;34mSP_SendMsgToApp success;type[2],code[525],val[Tempa509ca361e0000275a ;]
[m[m[20:15:34:809 [1;32mINFO[m-]:GimbalUartRxMsgProcTask[398]:[0;35mTempa509ca361e0000275a ;
[m[20:15:34:810 [1;32mINFO[m-]:SP_SendMsgToApp[181]:[1;34mSP_SendMsgToApp success;type[2],code[525],val[Tempa509ca361e0000275a ;]
[m[m[20:16:04:895 [1;32mINFO[m-]:GimbalUartRxMsgProcTask[398]:[0;35mTempa509ca361e0000275a ;
[m[20:16:04:895 [1;32mINFO[m-]:SP_SendMsgToApp[181]:[1;34mSP_SendMsgToApp success;type[2],code[525],val[Tempa509ca361e0000275a ;]
[m[m[20:16:34:981 [1;32mINFO[m-]:GimbalUartRxMsgProcTask[398]:[0;35mTempa509ca361e0000275a ;
[m[20:16:34:981 [1;32mINFO[m-]:SP_SendMsgToApp[181]:[1;34mSP_SendMsgToApp success;type[2],code[525],val[Tempa509ca361e0000275a ;]
[m[m[20:17:05:067 [1;32mINFO[m-]:GimbalUartRxMsgProcTask[398]:[0;35mTempa509ca361e0000275a ;
[m[20:17:05:067 [1;32mINFO[m-]:SP_SendMsgToApp[181]:[1;34mSP_SendMsgToApp success;type[2],code[525],val[Tempa509ca361e0000275a ;]
[m[m[20:17:35:152 [1;32mINFO[m-]:GimbalUartRxMsgProcTask[398]:[0;35mTempa509ca361e0000275a ;
[m[20:17:35:153 [1;32mINFO[m-]:SP_SendMsgToApp[181]:[1;34mSP_SendMsgToApp success;type[2],code[525],val[Tempa509ca361e0000275a ;]
[m[m[20:18:05:238 [1;32mINFO[m-]:GimbalUartRxMsgProcTask[398]:[0;35mTempa509ca361e0000275a ;
[m[20:18:05:238 [1;32mINFO[m-]:SP_SendMsgToApp[181]:[1;34mSP_SendMsgToApp success;type[2],code[525],val[Tempa509ca361e0000275a ;]
[m[m[20:18:35:324 [1;32mINFO[m-]:GimbalUartRxMsgProcTask[398]:[0;35mTempa509ca361e0000275a ;
[m[20:18:35:324 [1;32mINFO[m-]:SP_SendMsgToApp[181]:[1;34mSP_SendMsgToApp success;type[2],code[525],val[Tempa509ca361e0000275a ;]
[m[m[20:19:05:410 [1;32mINFO[m-]:GimbalUartRxMsgProcTask[398]:[0;35mTempa509ca361e0000275a ;
[m[20:19:05:410 [1;32mINFO[m-]:SP_SendMsgToApp[181]:[1;34mSP_SendMsgToApp success;type[2],code[525],val[Tempa509ca361e0000275a ;]
[m[m[20:19:35:495 [1;32mINFO[m-]:GimbalUartRxMsgProcTask[398]:[0;35mTempa509ca361e0000275a ;
[m[20:19:35:495 [1;32mINFO[m-]:SP_SendMsgToApp[181]:[1;34mSP_SendMsgToApp success;type[2],code[525],val[Tempa509ca361e0000275a ;]
[m[m[20:20:05:581 [1;32mINFO[m-]:GimbalUartRxMsgProcTask[398]:[0;35mTempa509ca361e0000275a ;
[m[20:20:05:581 [1;32mINFO[m-]:SP_SendMsgToApp[181]:[1;34mSP_SendMsgToApp success;type[2],code[525],val[Tempa509ca361e0000275a ;]
[m[m[20:20:35:667 [1;32mINFO[m-]:GimbalUartRxMsgProcTask[398]:[0;35mTempa509ca361e0000275a ;
[m[20:20:35:667 [1;32mINFO[m-]:SP_SendMsgToApp[181]:[1;34mSP_SendMsgToApp success;type[2],code[525],val[Tempa509ca361e0000275a ;]
[m[m[20:21:05:753 [1;32mINFO[m-]:GimbalUartRxMsgProcTask[398]:[0;35mTempa509ca361e0000275a ;
[m[20:21:05:753 [1;32mINFO[m-]:SP_SendMsgToApp[181]:[1;34mSP_SendMsgToApp success;type[2],code[525],val[Tempa509ca361e0000275a ;]
p_process[69]:[0;32;32mrcv msg from App[9]:type:2;code:284;val:-100
[m[20:21:32:709 [1;32mINFO[m-]:SP_PushModeState[1911]:[0;35mSP_PushModeState
[m[20:21:32:709 [1;32mINFO[m-]:SP_SendMsgToApp[181]:[1;34mSP_SendMsgToApp success;type[2],code[284],val[mode:1;state:0;]
[m[m[20:21:32:725 [1;32mINFO[m-]:msg_rcv_from_app_process[69]:[0;32;32mrcv msg from App[9]:type:2;code:820;val:-100
[m[20:21:32:725 [1;32mINFO[m-]:SP_SendMsgToApp[181]:[1;34mSP_SendMsgToApp success;type[2],code[820],val[ret:-1;]
[m[m[20:21:32:733 [1;32mINFO[m-]:msg_rcv_from_app_process[69]:[0;32;32mrcv msg from App[9]:type:2;code:823;val:app:openpolaris;ver:0.1.0;
[m[20:21:35:755 [1;32mINFO[m-]:SocketServerTask[120]:SOCKET_CLOSE(201) [id=9] s_u32ClientNum[1]
[m[20:21:35:755 [1;31mERROR[m-]:SP_ClientCtxDel[392]:SP_ClientCtxDel:not find this is id[9]
[m[20:21:35:762 [1;32mINFO[m-]:SocketServerTask[139]:SOCKET_ACCEPT(201) [id=10 192.168.0.4:47112] from [1] s_u32ClientNum[2]
[m[20:21:35:762 [1;32mINFO[m-sp_msgComm]:SP_sendMsg[77]:[1;33mSP_sendMsg success; key[1004],type[5],code[1034],val[1]
[m[m[20:21:35:762 [1;32mINFO[m-]:EventMsgProc[2679]:SP_EVENT_APP_CONNECT
[m[20:21:35:763 [1;32mINFO[m-]:SocketServerTask[124]:SOCKET_OPEN(201) [id=10] start
[m[20:21:35:770 [1;32mINFO[m-]:msg_rcv_from_app_process[69]:[0;32;32mrcv msg from App[10]:type:2;code:284;val:-100
[m[20:21:35:770 [1;32mINFO[m-]:SP_PushModeState[1911]:[0;35mSP_PushModeState
[m[20:21:35:770 [1;32mINFO[m-]:SP_SendMsgToApp[181]:[1;34mSP_SendMsgToApp success;type[2],code[284],val[mode:1;state:0;]
[m[m[20:21:35:774 [1;32mINFO[m-]:msg_rcv_from_app_process[69]:[0;32;32mrcv msg from App[10]:type:2;code:820;val:-100
[m[20:21:35:775 [1;32mINFO[m-]:SP_SendMsgToApp[181]:[1;34mSP_SendMsgToApp success;type[2],code[820],val[ret:-1;]
[m[m[20:21:35:786 [1;32mINFO[m-]:msg_rcv_from_app_process[69]:[0;32;32mrcv msg from App[10]:type:2;code:823;val:app:openpolaris;ver:0.1.0;
[m[20:21:35:838 [1;32mINFO[m-]:GimbalUartRxMsgProcTask[398]:[0;35mTempa509ca361e0000275a ;
[m[20:21:35:838 [1;32mINFO[m-]:SP_SendMsgToApp[181]:[1;34mSP_SendMsgToApp success;type[2],code[525],val[Tempa509ca361e0000275a ;]
[m[m[20:21:39:083 [1;32mINFO[m-]:SocketServerTask[120]:SOCKET_CLOSE(201) [id=10] s_u32ClientNum[1]
[m[20:21:39:083 [1;31mERROR[m-]:SP_ClientCtxDel[392]:SP_ClientCtxDel:not find this is id[10]
[m[20:21:39:087 [1;32mINFO[m-]:SocketServerTask[139]:SOCKET_ACCEPT(201) [id=11 192.168.0.4:47126] from [1] s_u32ClientNum[2]
[m[20:21:39:087 [1;32mINFO[m-sp_msgComm]:SP_sendMsg[77]:[1;33mSP_sendMsg success; key[1004],type[5],code[1034],val[1]
[m[m[20:21:39:088 [1;32mINFO[m-]:EventMsgProc[2679]:SP_EVENT_APP_CONNECT
[m[20:21:39:088 [1;32mINFO[m-]:SocketServerTask[124]:SOCKET_OPEN(201) [id=11] start
[m[20:21:39:096 [1;32mINFO[m-]:msg_rcv_from_app_process[69]:[0;32;32mrcv msg from App[11]:type:2;code:284;val:-100
[m[20:21:39:097 [1;32mINFO[m-]:SP_PushModeState[1911]:[0;35mSP_PushModeState
[m[20:21:39:097 [1;32mINFO[m-]:SP_SendMsgToApp[181]:[1;34mSP_SendMsgToApp success;type[2],code[284],val[mode:1;state:0;]
[m[m[20:21:39:101 [1;32mINFO[m-]:msg_rcv_from_app_process[69]:[0;32;32mrcv msg from App[11]:type:2;code:820;val:-100
[m[20:21:39:101 [1;32mINFO[m-]:SP_SendMsgToApp[181]:[1;34mSP_SendMsgToApp success;type[2],code[820],val[ret:-1;]
[m[m[20:21:39:104 [1;32mINFO[m-]:msg_rcv_from_app_process[69]:[0;32;32mrcv msg from App[11]:type:2;code:823;val:app:openpolaris;ver:0.1.0;
[m[20:21:49:121 [1;32mINFO[m-]:SocketServerTask[120]:SOCKET_CLOSE(201) [id=11] s_u32ClientNum[1]
[m[20:21:49:121 [1;31mERROR[m-]:SP_ClientCtxDel[392]:SP_ClientCtxDel:not find this is id[11]
[m[20:22:05:924 [1;32mINFO[m-]:GimbalUartRxMsgProcTask[398]:[0;35mTempa509ca361e0000275a ;
[m[20:22:05:924 [1;32mINFO[m-]:SP_SendMsgToApp[181]:[1;34mSP_SendMsgToApp success;type[2],code[525],val[Tempa509ca361e0000275a ;]
[m[m[20:22:36:010 [1;32mINFO[m-]:GimbalUartRxMsgProcTask[398]:[0;35mTempa509ca361e0000275a ;
[m[20:22:36:010 [1;32mINFO[m-]:SP_SendMsgToApp[181]:[1;34mSP_SendMsgToApp success;type[2],code[525],val[Tempa509ca361e0000275a ;]
[m[m[20:23:06:095 [1;32mINFO[m-]:GimbalUartRxMsgProcTask[398]:[0;35mTempa509ca361e0000275a ;
[m[20:23:06:096 [1;32mINFO[m-]:SP_SendMsgToApp[181]:[1;34mSP_SendMsgToApp success;type[2],code[525],val[Tempa509ca361e0000275a ;]
[m[m[20:23:36:181 [1;32mINFO[m-]:GimbalUartRxMsgProcTask[398]:[0;35mTempa509ca361e0000275a ;
[m[20:23:36:181 [1;32mINFO[m-]:SP_SendMsgToApp[181]:[1;34mSP_SendMsgToApp success;type[2],code[525],val[Tempa509ca361e0000275a ;]
[m[m[20:24:06:267 [1;32mINFO[m-]:GimbalUartRxMsgProcTask[398]:[0;35mTempa509ca361e0000275a ;
[m[20:24:06:267 [1;32mINFO[m-]:SP_SendMsgToApp[181]:[1;34mSP_SendMsgToApp success;type[2],code[525],val[Tempa509ca361e0000275a ;]
[m[m[20:24:36:353 [1;32mINFO[m-]:GimbalUartRxMsgProcTask[398]:[0;35mTempa509ca361e0000275a ;
[m[20:24:36:353 [1;32mINFO[m-]:SP_SendMsgToApp[181]:[1;34mSP_SendMsgToApp success;type[2],code[525],val[Tempa509ca361e0000275a ;]
[m[m[20:25:06:438 [1;32mINFO[m-]:GimbalUartRxMsgProcTask[398]:[0;35mTempa509ca361e0000275a ;
[m[20:25:06:438 [1;32mINFO[m-]:SP_SendMsgToApp[181]:[1;34mSP_SendMsgToApp success;type[2],code[525],val[Tempa509ca361e0000275a ;]
[m[m[20:25:36:524 [1;32mINFO[m-]:GimbalUartRxMsgProcTask[398]:[0;35mTempa509ca361e0000275a ;
[m[20:25:36:524 [1;32mINFO[m-]:SP_SendMsgToApp[181]:[1;34mSP_SendMsgToApp success;type[2],code[525],val[Tempa509ca361e0000275a ;]
[m[m[20:26:06:610 [1;32mINFO[m-]:GimbalUartRxMsgProcTask[398]:[0;35mTempa509ca361e0000275a ;
[m[20:26:06:610 [1;32mINFO[m-]:SP_SendMsgToApp[181]:[1;34mSP_SendMsgToApp success;type[2],code[525],val[Tempa509ca361e0000275a ;]
[m[m[20:26:36:695 [1;32mINFO[m-]:GimbalUartRxMsgProcTask[398]:[0;35mTempa509ca361e0000275a ;
[m[20:26:36:696 [1;32mINFO[m-]:SP_SendMsgToApp[181]:[1;34mSP_SendMsgToApp success;type[2],code[525],val[Tempa509ca361e0000275a ;]
[m[m[20:27:06:781 [1;32mINFO[m-]:GimbalUartRxMsgProcTask[398]:[0;35mTempa509ca361f0000285a ;
[m[20:27:06:781 [1;32mINFO[m-]:SP_SendMsgToApp[181]:[1;34mSP_SendMsgToApp success;type[2],code[525],val[Tempa509ca361f0000285a ;]
[m[m[20:27:36:867 [1;32mINFO[m-]:GimbalUartRxMsgProcTask[398]:[0;35mTempa509ca361f0000285a ;
[m[20:27:36:867 [1;32mINFO[m-]:SP_SendMsgToApp[181]:[1;34mSP_SendMsgToApp success;type[2],code[525],val[Tempa509ca361f0000285a ;]
[m[m[20:28:06:953 [1;32mINFO[m-]:GimbalUartRxMsgProcTask[398]:[0;35mTempa509ca361f0000285a ;
[m[20:28:06:953 [1;32mINFO[m-]:SP_SendMsgToApp[181]:[1;34mSP_SendMsgToApp success;type[2],code[525],val[Tempa509ca361f0000285a ;]
[m[m[20:28:37:038 [1;32mINFO[m-]:GimbalUartRxMsgProcTask[398]:[0;35mTempa509ca361e0000275a ;
[m[20:28:37:038 [1;32mINFO[m-]:SP_SendMsgToApp[181]:[1;34mSP_SendMsgToApp success;type[2],code[525],val[Tempa509ca361e0000275a ;]
[m[m[20:29:07:124 [1;32mINFO[m-]:GimbalUartRxMsgProcTask[398]:[0;35mTempa509ca361f0000285a ;
[m[20:29:07:124 [1;32mINFO[m-]:SP_SendMsgToApp[181]:[1;34mSP_SendMsgToApp success;type[2],code[525],val[Tempa509ca361f0000285a ;]
[m[m[20:29:37:210 [1;32mINFO[m-]:GimbalUartRxMsgProcTask[398]:[0;35mTempa509ca361f0000285a ;
[m[20:29:37:210 [1;32mINFO[m-]:SP_SendMsgToApp[181]:[1;34mSP_SendMsgToApp success;type[2],code[525],val[Tempa509ca361f0000285a ;]
[m[m[20:30:07:296 [1;32mINFO[m-]:GimbalUartRxMsgProcTask[398]:[0;35mTempa509ca361f0000285a ;
[m[20:30:07:296 [1;32mINFO[m-]:SP_SendMsgToApp[181]:[1;34mSP_SendMsgToApp success;type[2],code[525],val[Tempa509ca361f0000285a ;]
[m[m[20:30:37:381 [1;32mINFO[m-]:GimbalUartRxMsgProcTask[398]:[0;35mTempa509ca361f0000285a ;
[m[20:30:37:381 [1;32mINFO[m-]:SP_SendMsgToApp[181]:[1;34mSP_SendMsgToApp success;type[2],code[525],val[Tempa509ca361f0000285a ;]
[m[m[20:31:07:467 [1;32mINFO[m-]:GimbalUartRxMsgProcTask[398]:[0;35mTempa509ca361f0000285a ;
[m[20:31:07:467 [1;32mINFO[m-]:SP_SendMsgToApp[181]:[1;34mSP_SendMsgToApp success;type[2],code[525],val[Tempa509ca361f0000285a ;]
[m[m[20:31:37:553 [1;32mINFO[m-]:GimbalUartRxMsgProcTask[398]:[0;35mTempa509ca361f0000285a ;
[m[20:31:37:553 [1;32mINFO[m-]:SP_SendMsgToApp[181]:[1;34mSP_SendMsgToApp success;type[2],code[525],val[Tempa509ca361f0000285a ;]
[m[m[20:32:07:638 [1;32mINFO[m-]:GimbalUartRxMsgProcTask[398]:[0;35mTempa509ca361f0000285a ;
[m[20:32:07:639 [1;32mINFO[m-]:SP_SendMsgToApp[181]:[1;34mSP_SendMsgToApp success;type[2],code[525],val[Tempa509ca361f0000285a ;]
[m[m[20:32:37:724 [1;32mINFO[m-]:GimbalUartRxMsgProcTask[398]:[0;35mTempa509ca361f0000285a ;
[m[20:32:37:724 [1;32mINFO[m-]:SP_SendMsgToApp[181]:[1;34mSP_SendMsgToApp success;type[2],code[525],val[Tempa509ca361f0000285a ;]
[m[m[20:33:07:810 [1;32mINFO[m-]:GimbalUartRxMsgProcTask[398]:[0;35mTempa509ca361f0000285a ;
[m[20:33:07:810 [1;32mINFO[m-]:SP_SendMsgToApp[181]:[1;34mSP_SendMsgToApp success;type[2],code[525],val[Tempa509ca361f0000285a ;]
[m[m[20:33:37:895 [1;32mINFO[m-]:GimbalUartRxMsgProcTask[398]:[0;35mTempa509ca361f0000285a ;
[m[20:33:37:896 [1;32mINFO[m-]:SP_SendMsgToApp[181]:[1;34mSP_SendMsgToApp success;type[2],code[525],val[Tempa509ca361f0000285a ;]
[m[m[20:34:07:981 [1;32mINFO[m-]:GimbalUartRxMsgProcTask[398]:[0;35mTempa509ca361f0000285a ;
[m[20:34:07:981 [1;32mINFO[m-]:SP_SendMsgToApp[181]:[1;34mSP_SendMsgToApp success;type[2],code[525],val[Tempa509ca361f0000285a ;]
[m[m[20:34:38:067 [1;32mINFO[m-]:GimbalUartRxMsgProcTask[398]:[0;35mTempa509ca361f0000285a ;
[m[20:34:38:067 [1;32mINFO[m-]:SP_SendMsgToApp[181]:[1;34mSP_SendMsgToApp success;type[2],code[525],val[Tempa509ca361f0000285a ;]
[m[m[20:35:08:153 [1;32mINFO[m-]:GimbalUartRxMsgProcTask[398]:[0;35mTempa509ca361f0000285a ;
[m[20:35:08:153 [1;32mINFO[m-]:SP_SendMsgToApp[181]:[1;34mSP_SendMsgToApp success;type[2],code[525],val[Tempa509ca361f0000285a ;]
[m[m[20:35:38:238 [1;32mINFO[m-]:GimbalUartRxMsgProcTask[398]:[0;35mTempa509ca361f0000285a ;
[m[20:35:38:238 [1;32mINFO[m-]:SP_SendMsgToApp[181]:[1;34mSP_SendMsgToApp success;type[2],code[525],val[Tempa509ca361f0000285a ;]
[m[m[20:36:08:324 [1;32mINFO[m-]:GimbalUartRxMsgProcTask[398]:[0;35mTempa509ca361f0000285a ;
[m[20:36:08:324 [1;32mINFO[m-]:SP_SendMsgToApp[181]:[1;34mSP_SendMsgToApp success;type[2],code[525],val[Tempa509ca361f0000285a ;]
[m[m[20:36:38:410 [1;32mINFO[m-]:GimbalUartRxMsgProcTask[398]:[0;35mTempa509ca361f0000285a ;
[m[20:36:38:410 [1;32mINFO[m-]:SP_SendMsgToApp[181]:[1;34mSP_SendMsgToApp success;type[2],code[525],val[Tempa509ca361f0000285a ;]
[m[m[20:37:08:495 [1;32mINFO[m-]:GimbalUartRxMsgProcTask[398]:[0;35mTempa509ca361f0000285a ;
[m[20:37:08:496 [1;32mINFO[m-]:SP_SendMsgToApp[181]:[1;34mSP_SendMsgToApp success;type[2],code[525],val[Tempa509ca361f0000285a ;]
[m[m[20:37:38:581 [1;32mINFO[m-]:GimbalUartRxMsgProcTask[398]:[0;35mTempa509ca361f0000285a ;
[m[20:37:38:581 [1;32mINFO[m-]:SP_SendMsgToApp[181]:[1;34mSP_SendMsgToApp success;type[2],code[525],val[Tempa509ca361f0000285a ;]
[m[m[20:38:08:667 [1;32mINFO[m-]:GimbalUartRxMsgProcTask[398]:[0;35mTempa509ca361f0000285a ;
[m[20:38:08:667 [1;32mINFO[m-]:SP_SendMsgToApp[181]:[1;34mSP_SendMsgToApp success;type[2],code[525],val[Tempa509ca361f0000285a ;]
[m[m[20:38:38:752 [1;32mINFO[m-]:GimbalUartRxMsgProcTask[398]:[0;35mTempa509ca361f0000285a ;
[m[20:38:38:753 [1;32mINFO[m-]:SP_SendMsgToApp[181]:[1;34mSP_SendMsgToApp success;type[2],code[525],val[Tempa509ca361f0000285a ;]
[m[m[20:38:44:760 [1;32mINFO[m-]:GimbalUartRxMsgProcTask[378]:Voltage:10.98;capacity:57;ChargeState:1;
[m[20:38:44:761 [1;32mINFO[m-]:SP_SendMsgToApp[181]:[1;34mSP_SendMsgToApp success;type[2],code[778],val[capacity:57;charge:1;]
[m[m[20:39:08:838 [1;32mINFO[m-]:GimbalUartRxMsgProcTask[398]:[0;35mTempa509ca361f0000285a ;
[m[20:39:08:838 [1;32mINFO[m-]:SP_SendMsgToApp[181]:[1;34mSP_SendMsgToApp success;type[2],code[525],val[Tempa509ca361f0000285a ;]
[m[m[20:39:38:924 [1;32mINFO[m-]:GimbalUartRxMsgProcTask[398]:[0;35mTempa509ca361f0000285a ;
[m[20:39:38:924 [1;32mINFO[m-]:SP_SendMsgToApp[181]:[1;34mSP_SendMsgToApp success;type[2],code[525],val[Tempa509ca361f0000285a ;]
[m[m[20:40:09:009 [1;32mINFO[m-]:GimbalUartRxMsgProcTask[398]:[0;35mTempa509ca361f0000285a ;
[m[20:40:09:010 [1;32mINFO[m-]:SP_SendMsgToApp[181]:[1;34mSP_SendMsgToApp success;type[2],code[525],val[Tempa509ca361f0000285a ;]
[m[m[20:40:39:095 [1;32mINFO[m-]:GimbalUartRxMsgProcTask[398]:[0;35mTempa509ca361f0000285a ;
[m[20:40:39:095 [1;32mINFO[m-]:SP_SendMsgToApp[181]:[1;34mSP_SendMsgToApp success;type[2],code[525],val[Tempa509ca361f0000285a ;]
[m[m[20:41:09:181 [1;32mINFO[m-]:GimbalUartRxMsgProcTask[398]:[0;35mTempa509ca361f0000285a ;
[m[20:41:09:181 [1;32mINFO[m-]:SP_SendMsgToApp[181]:[1;34mSP_SendMsgToApp success;type[2],code[525],val[Tempa509ca361f0000285a ;]
[m[m[20:41:39:267 [1;32mINFO[m-]:GimbalUartRxMsgProcTask[398]:[0;35mTempa509ca361f0000285a ;
[m[20:41:39:267 [1;32mINFO[m-]:SP_SendMsgToApp[181]:[1;34mSP_SendMsgToApp success;type[2],code[525],val[Tempa509ca361f0000285a ;]
[m[m[20:42:09:352 [1;32mINFO[m-]:GimbalUartRxMsgProcTask[398]:[0;35mTempa509ca361f0000285a ;
[m[20:42:09:352 [1;32mINFO[m-]:SP_SendMsgToApp[181]:[1;34mSP_SendMsgToApp success;type[2],code[525],val[Tempa509ca361f0000285a ;]
[m[m[20:42:39:438 [1;32mINFO[m-]:GimbalUartRxMsgProcTask[398]:[0;35mTempa509ca361f0000285a ;
[m[20:42:39:438 [1;32mINFO[m-]:SP_SendMsgToApp[181]:[1;34mSP_SendMsgToApp success;type[2],code[525],val[Tempa509ca361f0000285a ;]
