[m[06:50:36:181 [1;32mINFO[m-]:recv_ipc_msg[129]:[0;32;32m------ recv_ipc_msg success; msg_id [65538] type[2],code[266],val[-100]
[m[spc_ipc_message_handler]     [1;33m--- spc_ipc_message_handler --- type: 2 command: 266  data: -100   --_isInit 1 
[m[06:50:40:236 [1;32mINFO[m-]:recv_ipc_msg[129]:[0;32;32m------ recv_ipc_msg success; msg_id [65538] type[2],code[266],val[-100]
[m[spc_ipc_message_handler]     [1;33m--- spc_ipc_message_handler --- type: 2 command: 266  data: -100   --_isInit 1 
[m[06:50:58:013 [1;32mINFO[m-]:send_ipc_msg_retry[82]:[0;32;32m-----SP_sendMsg Fail; id[98307] type[1],code[295],val[]
[m[m[06:50:59:013 [1;32mINFO[m-]:send_ipc_msg_retry[82]:[0;32;32m-----SP_sendMsg Fail; id[98307] type[1],code[295],val[]
[m[m[06:51:00:014 [1;32mINFO[m-]:send_ipc_msg_retry[82]:[0;32;32m-----SP_sendMsg Fail; id[98307] type[1],code[295],val[]
[m[m[06:51:01:014 [1;32mINFO[m-]:send_ipc_msg_retry[82]:[0;32;32m-----SP_sendMsg Fail; id[98307] type[1],code[295],val[]
[m[m[06:51:02:014 [1;32mINFO[m-]:send_ipc_msg_retry[82]:[0;32;32m-----SP_sendMsg Fail; id[98307] type[1],code[295],val[]
[m[m[06:51:03:014 [1;32mINFO[m-]:send_ipc_msg_retry[82]:[0;32;32m-----SP_sendMsg Fail; id[98307] type[1],code[295],val[]
[m[m[06:51:04:015 [1;32mINFO[m-]:send_ipc_msg_retry[82]:[0;32;32m-----SP_sendMsg Fail; id[98307] type[1],code[295],val[]
[m[m[06:51:05:015 [1;32mINFO[m-]:send_ipc_msg_retry[82]:[0;32;32m-----SP_sendMsg Fail; id[98307] type[1],code[295],val[]
[m[m[06:51:06:015 [1;32mINFO[m-]:send_ipc_msg_retry[82]:[0;32;32m-----SP_sendMsg Fail; id[98307] type[1],code[295],val[]
[m[m[06:51:07:015 [1;32mINFO[m-]:send_ipc_msg_retry[82]:[0;32;32m-----SP_sendMsg Fail; id[98307] type[1],code[295],val[]
[m[m[06:51:08:015 [1;32mINFO[m-]:send_ipc_msg_retry[82]:[0;32;32m-----SP_sendMsg Fail; id[98307] type[1],code[295],val[]
[m[m[06:51:09:016 [1;32mINFO[m-]:send_ipc_msg_retry[82]:[0;32;32m-----SP_sendMsg Fail; id[98307] type[1],code[295],val[]
[m[m[06:51:10:016 [1;32mINFO[m-]:send_ipc_msg_retry[82]:[0;32;32m-----SP_sendMsg Fail; id[98307] type[1],code[295],val[]
[m[m[06:51:11:016 [1;32mINFO[m-]:send_ipc_msg_retry[82]:[0;32;32m-----SP_sendMsg Fail; id[98307] type[1],code[295],val[]
[m[m[06:51:12:016 [1;32mINFO[m-]:send_ipc_msg_retry[82]:[0;32;32m-----SP_sendMsg Fail; id[98307] type[1],code[295],val[]
[m[m[06:51:13:017 [1;32mINFO[m-]:send_ipc_msg_retry[82]:[0;32;32m-----SP_sendMsg Fail; id[98307] type[1],code[295],val[]
[m[m[06:51:14:017 [1;32mINFO[m-]:send_ipc_msg_retry[82]:[0;32;32m-----SP_sendMsg Fail; id[98307] type[1],code[295],val[]
[m[m[06:51:15:017 [1;32mINFO[m-]:send_ipc_msg_retry[82]:[0;32;32m-----SP_sendMsg Fail; id[98307] type[1],code[295],val[]
[m[m[06:51:16:017 [1;32mINFO[m-]:send_ipc_msg_retry[82]:[0;32;32m-----SP_sendMsg Fail; id[98307] type[1],code[295],val[]
[m[m[06:51:17:017 [1;32mINFO[m-]:send_ipc_msg_retry[82]:[0;32;32m-----SP_sendMsg Fail; id[98307] type[1],code[295],val[]
[m[m[06:51:18:018 [1;32mINFO[m-]:send_ipc_msg_retry[82]:[0;32;32m-----SP_sendMsg Fail; id[98307] type[1],code[295],val[]
[m[m[06:51:19:018 [1;32mINFO[m-]:send_ipc_msg_retry[82]:[0;32;32m-----SP_sendMsg Fail; id[98307] type[1],code[295],val[]
[m[m[06:51:20:018 [1;32mINFO[m-]:send_ipc_msg_retry[82]:[0;32;32m-----SP_sendMsg Fail; id[98307] type[1],code[295],val[]
[m[m[06:51:21:018 [1;32mINFO[m-]:send_ipc_msg_retry[82]:[0;32;32m-----SP_sendMsg Fail; id[98307] type[1],code[295],val[]
[m[m[06:51:22:018 [1;32mINFO[m-]:send_ipc_msg_retry[82]:[0;32;32m-----SP_sendMsg Fail; id[98307] type[1],code[295],val[]
[m[m[06:51:23:019 [1;32mINFO[m-]:send_ipc_msg_retry[82]:[0;32;32m-----SP_sendMsg Fail; id[98307] type[1],code[295],val[]
[m[m[06:51:24:019 [1;32mINFO[m-]:send_ipc_msg_retry[82]:[0;32;32m-----SP_sendMsg Fail; id[98307] type[1],code[295],val[]
[m[m[06:51:25:019 [1;32mINFO[m-]:send_ipc_msg_retry[82]:[0;32;32m-----SP_sendMsg Fail; id[98307] type[1],code[295],val[]
[m[m[06:51:26:019 [1;32mINFO[m-]:send_ipc_msg_retry[82]:[0;32;32m-----SP_sendMsg Fail; id[98307] type[1],code[295],val[]
[m[m[06:51:27:020 [1;32mINFO[m-]:send_ipc_msg_retry[82]:[0;32;32m-----SP_sendMsg Fail; id[98307] type[1],code[295],val[]
[m[m[06:51:28:020 [1;32mINFO[m-]:send_ipc_msg_retry[82]:[0;32;32m-----SP_sendMsg Fail; id[98307] type[1],code[295],val[]
[m[m[06:51:29:020 [1;32mINFO[m-]:send_ipc_msg_retry[82]:[0;32;32m-----SP_sendMsg Fail; id[98307] type[1],code[295],val[]
[m[m[06:51:30:020 [1;32mINFO[m-]:send_ipc_msg_retry[82]:[0;32;32m-----SP_sendMsg Fail; id[98307] type[1],code[295],val[]
[m[m[06:51:31:021 [1;32mINFO[m-]:send_ipc_msg_retry[82]:[0;32;32m-----SP_sendMsg Fail; id[98307] type[1],code[295],val[]
[m[m[06:51:32:021 [1;32mINFO[m-]:send_ipc_msg_retry[82]:[0;32;32m-----SP_sendMsg Fail; id[98307] type[1],code[295],val[]
[m[m[06:51:33:021 [1;32mINFO[m-]:send_ipc_msg_retry[82]:[0;32;32m-----SP_sendMsg Fail; id[98307] type[1],code[295],val[]
[m[m[06:51:34:021 [1;32mINFO[m-]:send_ipc_msg_retry[82]:[0;32;32m-----SP_sendMsg Fail; id[98307] type[1],code[295],val[]
[m[m[06:51:35:021 [1;32mINFO[m-]:send_ipc_msg_retry[82]:[0;32;32m-----SP_sendMsg Fail; id[98307] type[1],code[295],val[]
[m[m[06:51:36:022 [1;32mINFO[m-]:send_ipc_msg_retry[82]:[0;32;32m-----SP_sendMsg Fail; id[98307] type[1],code[295],val[]
[m[m[06:51:37:022 [1;32mINFO[m-]:send_ipc_msg_retry[82]:[0;32;32m-----SP_sendMsg Fail; id[98307] type[1],code[295],val[]
[m[m[06:51:38:022 [1;32mINFO[m-]:send_ipc_msg_retry[82]:[0;32;32m-----SP_sendMsg Fail; id[98307] type[1],code[295],val[]
[m[m[06:51:39:022 [1;32mINFO[m-]:send_ipc_msg_retry[82]:[0;32;32m-----SP_sendMsg Fail; id[98307] type[1],code[295],val[]
[m[m[06:51:40:022 [1;32mINFO[m-]:send_ipc_msg_retry[82]:[0;32;32m-----SP_sendMsg Fail; id[98307] type[1],code[295],val[]
[m[m[06:51:41:023 [1;32mINFO[m-]:send_ipc_msg_retry[82]:[0;32;32m-----SP_sendMsg Fail; id[98307] type[1],code[295],val[]
[m[m[06:51:42:023 [1;32mINFO[m-]:send_ipc_msg_retry[82]:[0;32;32m-----SP_sendMsg Fail; id[98307] type[1],code[295],val[]
[m[m[06:51:43:023 [1;32mINFO[m-]:send_ipc_msg_retry[82]:[0;32;32m-----SP_sendMsg Fail; id[98307] type[1],code[295],val[]
[m[m[06:51:44:023 [1;32mINFO[m-]:send_ipc_msg_retry[82]:[0;32;32m-----SP_sendMsg Fail; id[98307] type[1],code[295],val[]
[m[m[06:51:45:023 [1;32mINFO[m-]:send_ipc_msg_retry[82]:[0;32;32m-----SP_sendMsg Fail; id[98307] type[1],code[295],val[]
[m[m[06:51:46:024 [1;32mINFO[m-]:send_ipc_msg_retry[82]:[0;32;32m-----SP_sendMsg Fail; id[98307] type[1],code[295],val[]
[m[m[06:51:47:024 [1;32mINFO[m-]:send_ipc_msg_retry[82]:[0;32;32m-----SP_sendMsg Fail; id[98307] type[1],code[295],val[]
[m[m[06:51:48:024 [1;32mINFO[m-]:send_ipc_msg_retry[82]:[0;32;32m-----SP_sendMsg Fail; id[98307] type[1],code[295],val[]
[m[m[06:51:49:024 [1;32mINFO[m-]:send_ipc_msg_retry[82]:[0;32;32m-----SP_sendMsg Fail; id[98307] type[1],code[295],val[]
[m[m[06:51:50:024 [1;32mINFO[m-]:send_ipc_msg_retry[82]:[0;32;32m-----SP_sendMsg Fail; id[98307] type[1],code[295],val[]
[m[m[06:51:51:025 [1;32mINFO[m-]:send_ipc_msg_retry[82]:[0;32;32m-----SP_sendMsg Fail; id[98307] type[1],code[295],val[]
[m[m[06:51:52:025 [1;32mINFO[m-]:send_ipc_msg_retry[82]:[0;32;32m-----SP_sendMsg Fail; id[98307] type[1],code[295],val[]
[m[m[06:51:53:025 [1;32mINFO[m-]:send_ipc_msg_retry[82]:[0;32;32m-----SP_sendMsg Fail; id[98307] type[1],code[295],val[]
[m[m[06:51:54:025 [1;32mINFO[m-]:send_ipc_msg_retry[82]:[0;32;32m-----SP_sendMsg Fail; id[98307] type[1],code[295],val[]
[m[m[06:51:55:025 [1;32mINFO[m-]:send_ipc_msg_retry[82]:[0;32;32m-----SP_sendMsg Fail; id[98307] type[1],code[295],val[]
[m[m[06:51:56:026 [1;32mINFO[m-]:send_ipc_msg_retry[82]:[0;32;32m-----SP_sendMsg Fail; id[98307] type[1],code[295],val[]
[m[m[06:51:57:026 [1;32mINFO[m-]:send_ipc_msg_retry[82]:[0;32;32m-----SP_sendMsg Fail; id[98307] type[1],code[295],val[]
[m[m[06:51:58:026 [1;32mINFO[m-]:send_ipc_msg_retry[82]:[0;32;32m-----SP_sendMsg Fail; id[98307] type[1],code[295],val[]
[m[m[06:51:59:026 [1;32mINFO[m-]:send_ipc_msg_retry[82]:[0;32;32m-----SP_sendMsg Fail; id[98307] type[1],code[295],val[]
[m[m[06:52:00:026 [1;32mINFO[m-]:send_ipc_msg_retry[82]:[0;32;32m-----SP_sendMsg Fail; id[98307] type[1],code[295],val[]
[m[m[06:52:01:026 [1;32mINFO[m-]:send_ipc_msg_retry[82]:[0;32;32m-----SP_sendMsg Fail; id[98307] type[1],code[295],val[]
[m[m[06:52:02:027 [1;32mINFO[m-]:send_ipc_msg_retry[82]:[0;32;32m-----SP_sendMsg Fail; id[98307] type[1],code[295],val[]
[m[m[06:52:03:027 [1;32mINFO[m-]:send_ipc_msg_retry[82]:[0;32;32m-----SP_sendMsg Fail; id[98307] type[1],code[295],val[]
[m[m[06:52:04:027 [1;32mINFO[m-]:send_ipc_msg_retry[82]:[0;32;32m-----SP_sendMsg Fail; id[98307] type[1],code[295],val[]
[m[m[06:52:05:027 [1;32mINFO[m-]:send_ipc_msg_retry[82]:[0;32;32m-----SP_sendMsg Fail; id[98307] type[1],code[295],val[]
[m[m[06:52:06:027 [1;32mINFO[m-]:send_ipc_msg_retry[82]:[0;32;32m-----SP_sendMsg Fail; id[98307] type[1],code[295],val[]
[m[m[06:52:07:028 [1;32mINFO[m-]:send_ipc_msg_retry[82]:[0;32;32m-----SP_sendMsg Fail; id[98307] type[1],code[295],val[]
[m[m[06:52:08:028 [1;32mINFO[m-]:send_ipc_msg_retry[82]:[0;32;32m-----SP_sendMsg Fail; id[98307] type[1],code[295],val[]
[m[m[06:52:09:028 [1;32mINFO[m-]:send_ipc_msg_retry[82]:[0;32;32m-----SP_sendMsg Fail; id[98307] type[1],code[295],val[]
[m[m[06:52:10:028 [1;32mINFO[m-]:send_ipc_msg_retry[82]:[0;32;32m-----SP_sendMsg Fail; id[98307] type[1],code[295],val[]
[m[m[06:52:11:028 [1;32mINFO[m-]:send_ipc_msg_retry[82]:[0;32;32m-----SP_sendMsg Fail; id[98307] type[1],code[295],val[]
[m[m[06:52:12:029 [1;32mINFO[m-]:send_ipc_msg_retry[82]:[0;32;32m-----SP_sendMsg Fail; id[98307] type[1],code[295],val[]
[m[m[06:52:13:029 [1;32mINFO[m-]:send_ipc_msg_retry[82]:[0;32;32m-----SP_sendMsg Fail; id[98307] type[1],code[295],val[]
[m[m[06:52:14:029 [1;32mINFO[m-]:send_ipc_msg_retry[82]:[0;32;32m-----SP_sendMsg Fail; id[98307] type[1],code[295],val[]
[m[m[06:52:15:029 [1;32mINFO[m-]:send_ipc_msg_retry[82]:[0;32;32m-----SP_sendMsg Fail; id[98307] type[1],code[295],val[]
[m[m[06:52:16:029 [1;32mINFO[m-]:send_ipc_msg_retry[82]:[0;32;32m-----SP_sendMsg Fail; id[98307] type[1],code[295],val[]
[m[m[06:52:17:030 [1;32mINFO[m-]:send_ipc_msg_retry[82]:[0;32;32m-----SP_sendMsg Fail; id[98307] type[1],code[295],val[]
[m[m[06:52:18:030 [1;32mINFO[m-]:send_ipc_msg_retry[82]:[0;32;32m-----SP_sendMsg Fail; id[98307] type[1],code[295],val[]
[m[m[06:52:19:030 [1;32mINFO[m-]:send_ipc_msg_retry[82]:[0;32;32m-----SP_sendMsg Fail; id[98307] type[1],code[295],val[]
[m[m[06:52:20:030 [1;32mINFO[m-]:send_ipc_msg_retry[82]:[0;32;32m-----SP_sendMsg Fail; id[98307] type[1],code[295],val[]
[m[m[06:52:21:030 [1;32mINFO[m-]:send_ipc_msg_retry[82]:[0;32;32m-----SP_sendMsg Fail; id[98307] type[1],code[295],val[]
[m[m[06:52:22:030 [1;32mINFO[m-]:send_ipc_msg_retry[82]:[0;32;32m-----SP_sendMsg Fail; id[98307] type[1],code[295],val[]
[m[m[06:52:23:031 [1;32mINFO[m-]:send_ipc_msg_retry[82]:[0;32;32m-----SP_sendMsg Fail; id[98307] type[1],code[295],val[]
[m[m[06:52:24:031 [1;32mINFO[m-]:send_ipc_msg_retry[82]:[0;32;32m-----SP_sendMsg Fail; id[98307] type[1],code[295],val[]
[m[m[06:52:25:031 [1;32mINFO[m-]:send_ipc_msg_retry[82]:[0;32;32m-----SP_sendMsg Fail; id[98307] type[1],code[295],val[]
[m[m[06:52:26:031 [1;32mINFO[m-]:send_ipc_msg_retry[82]:[0;32;32m-----SP_sendMsg Fail; id[98307] type[1],code[295],val[]
[m[m[06:52:27:031 [1;32mINFO[m-]:send_ipc_msg_retry[82]:[0;32;32m-----SP_sendMsg Fail; id[98307] type[1],code[295],val[]
[m[m[06:52:28:032 [1;32mINFO[m-]:send_ipc_msg_retry[82]:[0;32;32m-----SP_sendMsg Fail; id[98307] type[1],code[295],val[]
[m[m[06:52:29:032 [1;32mINFO[m-]:send_ipc_msg_retry[82]:[0;32;32m-----SP_sendMsg Fail; id[98307] type[1],code[295],val[]
[m[m[06:52:30:032 [1;32mINFO[m-]:send_ipc_msg_retry[82]:[0;32;32m-----SP_sendMsg Fail; id[98307] type[1],code[295],val[]
[m[m[06:52:31:032 [1;32mINFO[m-]:send_ipc_msg_retry[82]:[0;32;32m-----SP_sendMsg Fail; id[98307] type[1],code[295],val[]
[m[m[06:52:32:033 [1;32mINFO[m-]:send_ipc_msg_retry[82]:[0;32;32m-----SP_sendMsg Fail; id[98307] type[1],code[295],val[]
[m[m[06:52:33:033 [1;32mINFO[m-]:send_ipc_msg_retry[82]:[0;32;32m-----SP_sendMsg Fail; id[98307] type[1],code[295],val[]
[m[m[06:52:34:033 [1;32mINFO[m-]:send_ipc_msg_retry[82]:[0;32;32m-----SP_sendMsg Fail; id[98307] type[1],code[295],val[]
[m[m[06:52:35:033 [1;32mINFO[m-]:send_ipc_msg_retry[82]:[0;32;32m-----SP_sendMsg Fail; id[98307] type[1],code[295],val[]
[m[m[06:52:36:033 [1;32mINFO[m-]:send_ipc_msg_retry[82]:[0;32;32m-----SP_sendMsg Fail; id[98307] type[1],code[295],val[]
[m[m[06:52:37:033 [1;32mINFO[m-]:send_ipc_msg_retry[82]:[0;32;32m-----SP_sendMsg Fail; id[98307] type[1],code[295],val[]
[m[m[06:52:38:034 [1;32mINFO[m-]:send_ipc_msg_retry[82]:[0;32;32m-----SP_sendMsg Fail; id[98307] type[1],code[295],val[]
[m[m[06:52:39:034 [1;32mINFO[m-]:send_ipc_msg_retry[82]:[0;32;32m-----SP_sendMsg Fail; id[98307] type[1],code[295],val[]
[m[m[06:52:40:034 [1;32mINFO[m-]:send_ipc_msg_retry[82]:[0;32;32m-----SP_sendMsg Fail; id[98307] type[1],code[295],val[]
[m[m[06:52:41:034 [1;32mINFO[m-]:send_ipc_msg_retry[82]:[0;32;32m-----SP_sendMsg Fail; id[98307] type[1],code[295],val[]
[m[m[06:52:42:034 [1;32mINFO[m-]:send_ipc_msg_retry[82]:[0;32;32m-----SP_sendMsg Fail; id[98307] type[1],code[295],val[]
[m[m[06:52:43:035 [1;32mINFO[m-]:send_ipc_msg_retry[82]:[0;32;32m-----SP_sendMsg Fail; id[98307] type[1],code[295],val[]
[m[m[06:52:44:035 [1;32mINFO[m-]:send_ipc_msg_retry[82]:[0;32;32m-----SP_sendMsg Fail; id[98307] type[1],code[295],val[]
[m[m[06:52:45:035 [1;32mINFO[m-]:send_ipc_msg_retry[82]:[0;32;32m-----SP_sendMsg Fail; id[98307] type[1],code[295],val[]
[m[m[06:52:46:035 [1;32mINFO[m-]:send_ipc_msg_retry[82]:[0;32;32m-----SP_sendMsg Fail; id[98307] type[1],code[295],val[]
[m[m[06:52:47:035 [1;32mINFO[m-]:send_ipc_msg_retry[82]:[0;32;32m-----SP_sendMsg Fail; id[98307] type[1],code[295],val[]
[m[m[06:52:48:036 [1;32mINFO[m-]:send_ipc_msg_retry[82]:[0;32;32m-----SP_sendMsg Fail; id[98307] type[1],code[295],val[]
[m[m[06:52:49:036 [1;32mINFO[m-]:send_ipc_msg_retry[82]:[0;32;32m-----SP_sendMsg Fail; id[98307] type[1],code[295],val[]
[m[m[06:52:50:036 [1;32mINFO[m-]:send_ipc_msg_retry[82]:[0;32;32m-----SP_sendMsg Fail; id[98307] type[1],code[295],val[]
[m[m[06:52:51:036 [1;32mINFO[m-]:send_ipc_msg_retry[82]:[0;32;32m-----SP_sendMsg Fail; id[98307] type[1],code[295],val[]
[m[m[06:52:52:036 [1;32mINFO[m-]:send_ipc_msg_retry[82]:[0;32;32m-----SP_sendMsg Fail; id[98307] type[1],code[295],val[]
[m[m[06:52:53:037 [1;32mINFO[m-]:send_ipc_msg_retry[82]:[0;32;32m-----SP_sendMsg Fail; id[98307] type[1],code[295],val[]
[m[m[06:52:54:037 [1;32mINFO[m-]:send_ipc_msg_retry[82]:[0;32;32m-----SP_sendMsg Fail; id[98307] type[1],code[295],val[]
[m[m[06:52:55:037 [1;32mINFO[m-]:send_ipc_msg_retry[82]:[0;32;32m-----SP_sendMsg Fail; id[98307] type[1],code[295],val[]
[m[m[06:52:56:037 [1;32mINFO[m-]:send_ipc_msg_retry[82]:[0;32;32m-----SP_sendMsg Fail; id[98307] type[1],code[295],val[]
[m[m[06:52:57:037 [1;32mINFO[m-]:send_ipc_msg_retry[82]:[0;32;32m-----SP_sendMsg Fail; id[98307] type[1],code[295],val[]
[m[m[06:52:58:037 [1;32mINFO[m-]:send_ipc_msg_retry[82]:[0;32;32m-----SP_sendMsg Fail; id[98307] type[1],code[295],val[]
[m[m[06:52:59:038 [1;32mINFO[m-]:send_ipc_msg_retry[82]:[0;32;32m-----SP_sendMsg Fail; id[98307] type[1],code[295],val[]
[m[m[06:53:00:038 [1;32mINFO[m-]:send_ipc_msg_retry[82]:[0;32;32m-----SP_sendMsg Fail; id[98307] type[1],code[295],val[]
[m[m[06:53:01:038 [1;32mINFO[m-]:send_ipc_msg_retry[82]:[0;32;32m-----SP_sendMsg Fail; id[98307] type[1],code[295],val[]
[m[m[06:53:02:038 [1;32mINFO[m-]:send_ipc_msg_retry[82]:[0;32;32m-----SP_sendMsg Fail; id[98307] type[1],code[295],val[]
[m[m[06:53:03:038 [1;32mINFO[m-]:send_ipc_msg_retry[82]:[0;32;32m-----SP_sendMsg Fail; id[98307] type[1],code[295],val[]
[m[m[06:53:01:614 [1;32mINFO[m-]:recv_ipc_msg[129]:[0;32;32m------ recv_ipc_msg success; msg_id [65538] type[1],code[265],val[-1]
[m[spc_ipc_message_handler]     [1;33m--- spc_ipc_message_handler --- type: 1 command: 265  data: -1   --_isInit 1 
[m[06:53:01:615 [1;32mINFO[m-]:recv_ipc_msg[129]:[0;32;32m------ recv_ipc_msg success; msg_id [65538] type[1],code[268],val[-1]
[m[spc_ipc_message_handler]     [1;33m--- spc_ipc_message_handler --- type: 1 command: 268  data: -1   --_isInit 1 
[m[06:53:01:617 [1;32mINFO[m-]:recv_ipc_msg[129]:[0;32;32m------ recv_ipc_msg success; msg_id [65538] type[1],code[275],val[-1]
[m[spc_ipc_message_handler]     [1;33m--- spc_ipc_message_handler --- type: 1 command: 275  data: -1   --_isInit 1 
[m[06:53:01:667 [1;32mINFO[m-]:camera_connected_to_app[1634]:[0;32;31m----camera_connected_to_app connected:1 
on client close..........3 
[m[06:53:01:670 [1;32mINFO[m-]:camera_connected_to_app[1634]:[0;32;31m----camera_connected_to_app connected:1 
on client close..........3 
[m[06:53:01:718 [1;32mINFO[m-]:recv_ipc_msg[129]:[0;32;32m------ recv_ipc_msg success; msg_id [65538] type[1],code[267],val[-1]
[m[spc_ipc_message_handler]     [1;33m--- spc_ipc_message_handler --- type: 1 command: 267  data: -1   --_isInit 1 
[m[06:53:01:719 [1;32mINFO[m-]:recv_ipc_msg[129]:[0;32;32m------ recv_ipc_msg success; msg_id [65538] type[1],code[266],val[-1]
[m[spc_ipc_message_handler]     [1;33m--- spc_ipc_message_handler --- type: 1 command: 266  data: -1   --_isInit 1 
[m[06:53:04:840 [1;32mINFO[m-]:recv_ipc_msg[129]:[0;32;32m------ recv_ipc_msg success; msg_id [65538] type[4],code[279],val[state:1;]
[m[spc_ipc_message_handler]     [1;33m--- spc_ipc_message_handler --- type: 4 command: 279  data: state:1;   --_isInit 1 
